###############################################################################
#                                                                             #
# IAR ELF Linker V1.30.1.50036 for STM8                 18/Aug/2012  15:14:15 #
# Copyright 2010-2011 IAR Systems AB.                                         #
#                                                                             #
#    Output file  =  C:\ActiveWave\Software\Seal                              #
#                    Tag\Fabiano-350-LSE_BS\BLocker\IAR\Debug\Exe\Blocker.out #
#    Map file     =  C:\ActiveWave\Software\Seal                              #
#                    Tag\Fabiano-350-LSE_BS\BLocker\IAR\Debug\List\Blocker.ma #
#                    p                                                        #
#    Command line =  "C:\ActiveWave\Software\Seal                             #
#                    Tag\Fabiano-350-LSE_BS\BLocker\IAR\Debug\Obj\band.o"     #
#                    "C:\ActiveWave\Software\Seal                             #
#                    Tag\Fabiano-350-LSE_BS\BLocker\IAR\Debug\Obj\battery.o"  #
#                    "C:\ActiveWave\Software\Seal                             #
#                    Tag\Fabiano-350-LSE_BS\BLocker\IAR\Debug\Obj\blocker_ser #
#                    vices.o" "C:\ActiveWave\Software\Seal                    #
#                    Tag\Fabiano-350-LSE_BS\BLocker\IAR\Debug\Obj\clock.o"    #
#                    "C:\ActiveWave\Software\Seal                             #
#                    Tag\Fabiano-350-LSE_BS\BLocker\IAR\Debug\Obj\i2c_ee.o"   #
#                    "C:\ActiveWave\Software\Seal                             #
#                    Tag\Fabiano-350-LSE_BS\BLocker\IAR\Debug\Obj\led.o"      #
#                    "C:\ActiveWave\Software\Seal                             #
#                    Tag\Fabiano-350-LSE_BS\BLocker\IAR\Debug\Obj\main.o"     #
#                    "C:\ActiveWave\Software\Seal                             #
#                    Tag\Fabiano-350-LSE_BS\BLocker\IAR\Debug\Obj\platform.o" #
#                     "C:\ActiveWave\Software\Seal                            #
#                    Tag\Fabiano-350-LSE_BS\BLocker\IAR\Debug\Obj\rf.o"       #
#                    "C:\ActiveWave\Software\Seal                             #
#                    Tag\Fabiano-350-LSE_BS\BLocker\IAR\Debug\Obj\rtc.o"      #
#                    "C:\ActiveWave\Software\Seal                             #
#                    Tag\Fabiano-350-LSE_BS\BLocker\IAR\Debug\Obj\stm8l15x_cl #
#                    k.o" "C:\ActiveWave\Software\Seal                        #
#                    Tag\Fabiano-350-LSE_BS\BLocker\IAR\Debug\Obj\stm8l15x_ex #
#                    ti.o" "C:\ActiveWave\Software\Seal                       #
#                    Tag\Fabiano-350-LSE_BS\BLocker\IAR\Debug\Obj\stm8l15x_gp #
#                    io.o" "C:\ActiveWave\Software\Seal                       #
#                    Tag\Fabiano-350-LSE_BS\BLocker\IAR\Debug\Obj\stm8l15x_i2 #
#                    c.o" "C:\ActiveWave\Software\Seal                        #
#                    Tag\Fabiano-350-LSE_BS\BLocker\IAR\Debug\Obj\stm8l15x_it #
#                    .o" "C:\ActiveWave\Software\Seal                         #
#                    Tag\Fabiano-350-LSE_BS\BLocker\IAR\Debug\Obj\stm8l15x_it #
#                    c.o" "C:\ActiveWave\Software\Seal                        #
#                    Tag\Fabiano-350-LSE_BS\BLocker\IAR\Debug\Obj\stm8l15x_pw #
#                    r.o" "C:\ActiveWave\Software\Seal                        #
#                    Tag\Fabiano-350-LSE_BS\BLocker\IAR\Debug\Obj\stm8l15x_rt #
#                    c.o" "C:\ActiveWave\Software\Seal                        #
#                    Tag\Fabiano-350-LSE_BS\BLocker\IAR\Debug\Obj\stm8l15x_sp #
#                    i.o" --redirect _Printf=_PrintfTiny --redirect           #
#                    _Scanf=_ScanfSmall -o "C:\ActiveWave\Software\Seal       #
#                    Tag\Fabiano-350-LSE_BS\BLocker\IAR\Debug\Exe\Blocker.out #
#                    " --map "C:\ActiveWave\Software\Seal                     #
#                    Tag\Fabiano-350-LSE_BS\BLocker\IAR\Debug\List\Blocker.ma #
#                    p" --config "C:\ActiveWave\Software\Seal                 #
#                    Tag\Fabiano-350-LSE_BS\BLocker\IAR\lnkstm8l151f3.icf"    #
#                    --remarks --config_def _CSTACK_SIZE=0x300 --config_def   #
#                    _HEAP_SIZE=0x0 --entry __iar_program_start --debug_lib   #
#                                                                             #
#                                                                             #
###############################################################################

*******************************************************************************
*** RUNTIME MODEL ATTRIBUTES
***

__SystemLibrary            = DLib
__code_model               = small
__core                     = stm8
__data_model               = small
__dlib_file_descriptor     = 0
__dlib_full_locale_support = 0
__rt_version               = 4


*******************************************************************************
*** PLACEMENT SUMMARY
***

"A1":  place at start of [0x000000-0x0000ff] { rw section .vregs };
"P1":  place in [from 0x000000 to 0x0000ff] {
          rw section .tiny.bss, rw section .tiny.data, rw section .tiny.noinit,
          rw section .tiny.rodata };
"A2":  place at end of [0x000000-0x0003ff] { block CSTACK };
"A3":  place at start of [0x008000-0x009fff] { block INTVEC };
"P3":  place in [from 0x008000 to 0x009fff] {
          ro section .far.data_init, ro section .far_func.textrw_init,
          ro section .huge.data_init, ro section .huge_func.textrw_init,
          ro section .iar.init_table, ro section .init_array,
          ro section .near.data_init, ro section .near.rodata,
          ro section .near_func.text, ro section .near_func.textrw_init,
          ro section .tiny.data_init, ro section .tiny.rodata_init };

  Section          Kind      Address    Size  Object
  -------          ----      -------    ----  ------
"A1":                                   0x10
  .vregs           uninit   0x000000    0x10  vregs.o [4]
                          - 0x000010    0x10

"P1":                                    0x8
  .tiny.bss        zero     0x000010     0x2  blocker_services.o [1]
  .tiny.bss        zero     0x000012     0x2  blocker_services.o [1]
  .tiny.bss        zero     0x000014     0x1  blocker_services.o [1]
  .tiny.bss        zero     0x000015     0x1  blocker_services.o [1]
  .tiny.bss        zero     0x000016     0x1  blocker_services.o [1]
  .tiny.bss        zero     0x000017     0x1  blocker_services.o [1]
                          - 0x000018     0x8

"A2":                                  0x300
  CSTACK                    0x000100   0x300  <Block>
    CSTACK         uninit   0x000100   0x300  <Block tail>
                          - 0x000400   0x300

"A3":                                   0x80
  INTVEC                    0x008000    0x80  <Block>
    .intvec        const    0x008000    0x80  interrupt.o [4]
                          - 0x008080    0x80

"P3":                                 0x1f49
  .near_func.text  ro code  0x008080   0x781  blocker_services.o [1]
  .near_func.text  ro code  0x008801   0x216  i2c_ee.o [1]
  .near_func.text  ro code  0x008a17   0x1a8  rtc.o [1]
  .near_func.text  ro code  0x008bbf   0x18b  i2c_ee.o [1]
  .near_func.text  ro code  0x008d4a   0x158  rtc.o [1]
  .near_func.text  ro code  0x008ea2   0x119  stm8l15x_i2c.o [1]
  .near_func.text  ro code  0x008fbb   0x10f  long.o [4]
  .near_func.text  ro code  0x0090ca   0x105  rtc.o [1]
  .near_func.text  ro code  0x0091cf    0xeb  vreg_util.o [4]
  .near_func.text  ro code  0x0092ba    0xa1  stm8l15x_exti.o [1]
  .near_func.text  ro code  0x00935b    0x84  blocker_services.o [1]
  .near_func.text  ro code  0x0093df    0x7f  stm8l15x_rtc.o [1]
  .near_func.text  ro code  0x00945e    0x7a  blocker_services.o [1]
  .near_func.text  ro code  0x0094d8    0x75  i2c_ee.o [1]
  .near_func.text  ro code  0x00954d    0x6c  stm8l15x_clk.o [1]
  .near_func.text  ro code  0x0095b9    0x69  stm8l15x_rtc.o [1]
  .near_func.text  ro code  0x009622    0x67  stm8l15x_gpio.o [1]
  .near_func.text  ro code  0x009689    0x5b  stm8l15x_clk.o [1]
  .near_func.text  ro code  0x0096e4    0x54  stm8l15x_i2c.o [1]
  .near_func.text  ro code  0x009738    0x4c  stm8l15x_exti.o [1]
  .near_func.text  ro code  0x009784    0x4a  blocker_services.o [1]
  .near_func.text  ro code  0x0097ce    0x44  i2c_ee.o [1]
  .near_func.text  ro code  0x009812    0x42  blocker_services.o [1]
  .near_func.text  ro code  0x009854    0x42  stm8l15x_rtc.o [1]
  .near_func.text  ro code  0x009896    0x42  stm8l15x_rtc.o [1]
  .near_func.text  ro code  0x0098d8    0x41  stm8l15x_clk.o [1]
  .near_func.text  ro code  0x009919    0x40  stm8l15x_i2c.o [1]
  .near_func.text  ro code  0x009959    0x3f  short.o [4]
  .near_func.text  ro code  0x009998    0x3e  stm8l15x_rtc.o [1]
  .near_func.text  ro code  0x0099d6    0x3a  stm8l15x_clk.o [1]
  .near_func.text  ro code  0x009a10    0x34  stm8l15x_i2c.o [1]
  .near_func.text  ro code  0x009a44    0x33  i2c_ee.o [1]
  .near_func.text  ro code  0x009a77    0x31  stm8l15x_exti.o [1]
  .near_func.text  ro code  0x009aa8    0x31  stm8l15x_exti.o [1]
  .near_func.text  ro code  0x009ad9    0x30  main.o [1]
  .near_func.text  ro code  0x009b09    0x2e  memcmp.o [4]
  .near_func.text  ro code  0x009b37    0x27  band.o [1]
  .near_func.text  ro code  0x009b5e    0x25  stm8l15x_rtc.o [1]
  .near_func.text  ro code  0x009b83    0x23  rf.o [1]
  .near_func.text  ro code  0x009ba6    0x22  stm8l15x_it.o [1]
  .iar.init_table  const    0x009bc8     0x8  - Linker created -
  .near_func.text  ro code  0x009bd0    0x20  stm8l15x_rtc.o [1]
  .near_func.text  ro code  0x009bf0    0x1f  stm8l15x_it.o [1]
  .near_func.text  ro code  0x009c0f    0x1f  dc_util.o [4]
  .near_func.text  ro code  0x009c2e    0x1e  init_small.o [4]
  .near_func.text  ro code  0x009c4c    0x1d  i2c_ee.o [1]
  .near_func.text  ro code  0x009c69    0x1d  stm8l15x_rtc.o [1]
  .near_func.text  ro code  0x009c86    0x1c  stm8l15x_it.o [1]
  .near_func.text  ro code  0x009ca2    0x18  stm8l15x_pwr.o [1]
  .near_func.text  ro code  0x009cba    0x17  stm8l15x_rtc.o [1]
  .near_func.text  ro code  0x009cd1    0x17  init.o [4]
  .near_func.text  ro code  0x009ce8    0x16  clock.o [1]
  .near_func.text  ro code  0x009cfe    0x16  rtc.o [1]
  .near_func.text  ro code  0x009d14    0x16  rtc.o [1]
  .near_func.text  ro code  0x009d2a    0x15  band.o [1]
  .near_func.text  ro code  0x009d3f    0x14  led.o [1]
  .near_func.text  ro code  0x009d53    0x14  __dbg_xxexit.o [3]
  .near_func.text  ro code  0x009d67    0x13  blocker_services.o [1]
  .near_func.text  ro code  0x009d7a    0x13  rtc.o [1]
  .near_func.text  ro code  0x009d8d    0x13  stm8l15x_pwr.o [1]
  .near_func.text  ro code  0x009da0    0x13  cstartup.o [4]
  .near_func.text  ro code  0x009db3    0x12  blocker_services.o [1]
  .near_func.text  ro code  0x009dc5    0x11  band.o [1]
  .near_func.text  ro code  0x009dd6    0x11  stm8l15x_rtc.o [1]
  .near_func.text  ro code  0x009de7    0x10  stm8l15x_rtc.o [1]
  .near_func.text  ro code  0x009df7     0xf  battery.o [1]
  .near_func.text  ro code  0x009e06     0xf  stm8l15x_clk.o [1]
  .near_func.text  ro code  0x009e15     0xf  stm8l15x_i2c.o [1]
  .near_func.text  ro code  0x009e24     0xe  battery.o [1]
  .near_func.text  ro code  0x009e32     0xe  stm8l15x_i2c.o [1]
  .near_func.text  ro code  0x009e40     0xe  stm8l15x_i2c.o [1]
  .near_func.text  ro code  0x009e4e     0xe  stm8l15x_i2c.o [1]
  .near_func.text  ro code  0x009e5c     0xd  stm8l15x_exti.o [1]
  .near_func.text  ro code  0x009e69     0xd  stm8l15x_i2c.o [1]
  .near_func.text  ro code  0x009e76     0xd  stm8l15x_pwr.o [1]
  .near_func.text  ro code  0x009e83     0xd  stm8l15x_pwr.o [1]
  .near_func.text  ro code  0x009e90     0xd  move.o [4]
  .near_func.text  ro code  0x009e9d     0xc  stm8l15x_exti.o [1]
  .near_func.text  ro code  0x009ea9     0xc  stm8l15x_i2c.o [1]
  .near_func.text  ro code  0x009eb5     0xc  char.o [4]
  .near_func.text  ro code  0x009ec1     0xc  long_util.o [4]
  .near_func.text  ro code  0x009ecd     0xb  stm8l15x_rtc.o [1]
  .near_func.text  ro code  0x009ed8     0xb  stm8l15x_rtc.o [1]
  .near_func.text  ro code  0x009ee3     0xa  stm8l15x_clk.o [1]
  .near_func.text  ro code  0x009eed     0xa  stm8l15x_rtc.o [1]
  .near_func.text  ro code  0x009ef7     0xa  stm8l15x_rtc.o [1]
  .near_func.text  ro code  0x009f01     0x9  stm8l15x_i2c.o [1]
  .near_func.text  ro code  0x009f0a     0x9  stm8l15x_rtc.o [1]
  .near_func.text  ro code  0x009f13     0x9  stm8l15x_rtc.o [1]
  .near.rodata     const    0x009f1c     0x8  blocker_services.o [1]
  .near.rodata     const    0x009f24     0x8  blocker_services.o [1]
  .near_func.text  ro code  0x009f2c     0x8  led.o [1]
  .near_func.text  ro code  0x009f34     0x8  stm8l15x_rtc.o [1]
  .near_func.text  ro code  0x009f3c     0x6  blocker_services.o [1]
  .near_func.text  ro code  0x009f42     0x6  stm8l15x_i2c.o [1]
  .near.rodata     const    0x009f48     0x5  stm8l15x_clk.o [1]
  .near_func.text  ro code  0x009f4d     0x5  stm8l15x_i2c.o [1]
  .near_func.text  ro code  0x009f52     0x5  stm8l15x_i2c.o [1]
  .near_func.text  ro code  0x009f57     0x5  stm8l15x_i2c.o [1]
  .near_func.text  ro code  0x009f5c     0x5  stm8l15x_pwr.o [1]
  .near_func.text  ro code  0x009f61     0x5  stm8l15x_rtc.o [1]
  .near_func.text  ro code  0x009f66     0x5  cexit.o [4]
  .near.rodata     const    0x009f6b     0x4  blocker_services.o [1]
  .near.rodata     const    0x009f6f     0x4  rtc.o [1]
  .near_func.text  ro code  0x009f73     0x4  stm8l15x_clk.o [1]
  .near_func.text  ro code  0x009f77     0x4  stm8l15x_gpio.o [1]
  .near_func.text  ro code  0x009f7b     0x4  stm8l15x_i2c.o [1]
  .near_func.text  ro code  0x009f7f     0x4  stm8l15x_rtc.o [1]
  .near.rodata     const    0x009f83     0x3  blocker_services.o [1]
  .near.rodata     const    0x009f86     0x3  rtc.o [1]
  .near_func.text  ro code  0x009f89     0x3  stm8l15x_gpio.o [1]
  .near_func.text  ro code  0x009f8c     0x3  stm8l15x_gpio.o [1]
  .near_func.text  ro code  0x009f8f     0x3  interrupt.o [4]
  .near_func.text  ro code  0x009f92     0x3  low_level_init.o [4]
  .near_func.text  ro code  0x009f95     0x3  exit.o [4]
  .near_func.text  ro code  0x009f98     0x3  unhandled_exception.o [4]
  .near.rodata     const    0x009f9b     0x2  blocker_services.o [1]
  .near.rodata     const    0x009f9d     0x2  blocker_services.o [1]
  .near.rodata     const    0x009f9f     0x2  blocker_services.o [1]
  .near.rodata     const    0x009fa1     0x2  rtc.o [1]
  .near.rodata     const    0x009fa3     0x2  rtc.o [1]
  .near_func.text  ro code  0x009fa5     0x2  platform.o [1]
  .near_func.text  ro code  0x009fa7     0x2  platform.o [1]
  .near_func.text  ro code  0x009fa9     0x2  stm8l15x_it.o [1]
  .near_func.text  ro code  0x009fab     0x1  i2c_ee.o [1]
  .near_func.text  ro code  0x009fac     0x1  i2c_ee.o [1]
  .near_func.text  ro code  0x009fad     0x1  platform.o [1]
  .near_func.text  ro code  0x009fae     0x1  stm8l15x_it.o [1]
  .near_func.text  ro code  0x009faf     0x1  stm8l15x_it.o [1]
  .near_func.text  ro code  0x009fb0     0x1  stm8l15x_it.o [1]
  .near_func.text  ro code  0x009fb1     0x1  stm8l15x_it.o [1]
  .near_func.text  ro code  0x009fb2     0x1  stm8l15x_it.o [1]
  .near_func.text  ro code  0x009fb3     0x1  stm8l15x_it.o [1]
  .near_func.text  ro code  0x009fb4     0x1  stm8l15x_it.o [1]
  .near_func.text  ro code  0x009fb5     0x1  stm8l15x_it.o [1]
  .near_func.text  ro code  0x009fb6     0x1  stm8l15x_it.o [1]
  .near_func.text  ro code  0x009fb7     0x1  stm8l15x_it.o [1]
  .near_func.text  ro code  0x009fb8     0x1  stm8l15x_it.o [1]
  .near_func.text  ro code  0x009fb9     0x1  stm8l15x_it.o [1]
  .near_func.text  ro code  0x009fba     0x1  stm8l15x_it.o [1]
  .near_func.text  ro code  0x009fbb     0x1  stm8l15x_it.o [1]
  .near_func.text  ro code  0x009fbc     0x1  stm8l15x_it.o [1]
  .near_func.text  ro code  0x009fbd     0x1  stm8l15x_it.o [1]
  .near_func.text  ro code  0x009fbe     0x1  stm8l15x_it.o [1]
  .near_func.text  ro code  0x009fbf     0x1  stm8l15x_it.o [1]
  .near_func.text  ro code  0x009fc0     0x1  stm8l15x_it.o [1]
  .near_func.text  ro code  0x009fc1     0x1  stm8l15x_it.o [1]
  .near_func.text  ro code  0x009fc2     0x1  stm8l15x_it.o [1]
  .near_func.text  ro code  0x009fc3     0x1  stm8l15x_it.o [1]
  .near_func.text  ro code  0x009fc4     0x1  stm8l15x_it.o [1]
  .near_func.text  ro code  0x009fc5     0x1  stm8l15x_it.o [1]
  .near_func.text  ro code  0x009fc6     0x1  stm8l15x_it.o [1]
  .near_func.text  ro code  0x009fc7     0x1  stm8l15x_it.o [1]
  .near_func.text  ro code  0x009fc8     0x1  __dbg_break.o [3]
                          - 0x009fc9  0x1f49


*******************************************************************************
*** INIT TABLE
***

          Address   Size
          -------   ----
Zero (__iar_zero_init2)
    1 destination range, total size 0x8:
          0x000010   0x8


*******************************************************************************
*** MODULE SUMMARY
***

    Module                 ro code  ro data  rw data
    ------                 -------  -------  -------
C:\ActiveWave\Software\Seal Tag\Fabiano-350-LSE_BS\BLocker\IAR\Debug\Obj: [1]
    band.o                      77
    battery.o                   29
    blocker_services.o       2 358       29        8
    clock.o                     22
    i2c_ee.o                 1 196
    led.o                       28
    main.o                      48
    platform.o                   5
    rf.o                        35
    rtc.o                    1 092       11
    stm8l15x_clk.o             351        5
    stm8l15x_exti.o            360
    stm8l15x_gpio.o            113
    stm8l15x_i2c.o             597
    stm8l15x_it.o              121
    stm8l15x_pwr.o              74
    stm8l15x_rtc.o             657
    ------------------------------------------------
    Total:                   7 163       45        8

command line: [2]
    ------------------------------------------------
    Total:

dbgstm8ssd.a: [3]
    __dbg_break.o                1
    __dbg_xxexit.o              20
    ------------------------------------------------
    Total:                      21

dlstm8ssn.a: [4]
    cexit.o                      5
    char.o                      12
    cstartup.o                  19
    dc_util.o                   31
    exit.o                       3
    init.o                      23
    init_small.o                30
    interrupt.o                  3      128
    long.o                     271
    long_util.o                 12
    low_level_init.o             3
    memcmp.o                    46
    move.o                      13
    short.o                     63
    unhandled_exception.o        3
    vreg_util.o                235
    vregs.o                                       16
    ------------------------------------------------
    Total:                     772      128       16

    Linker created                        8      768
----------------------------------------------------
    Grand Total:             7 956      181      792


*******************************************************************************
*** ENTRY LIST
***

Entry                    Address   Size  Type      Object
-----                    -------   ----  ----      ------
?b0                     0x000000         Data  Gb  vregs.o [4]
?b1                     0x000001         Data  Gb  vregs.o [4]
?b10                    0x00000a         Data  Gb  vregs.o [4]
?b11                    0x00000b         Data  Gb  vregs.o [4]
?b12                    0x00000c         Data  Gb  vregs.o [4]
?b13                    0x00000d         Data  Gb  vregs.o [4]
?b14                    0x00000e         Data  Gb  vregs.o [4]
?b15                    0x00000f         Data  Gb  vregs.o [4]
?b2                     0x000002         Data  Gb  vregs.o [4]
?b3                     0x000003         Data  Gb  vregs.o [4]
?b4                     0x000004         Data  Gb  vregs.o [4]
?b5                     0x000005         Data  Gb  vregs.o [4]
?b6                     0x000006         Data  Gb  vregs.o [4]
?b7                     0x000007         Data  Gb  vregs.o [4]
?b8                     0x000008         Data  Gb  vregs.o [4]
?b9                     0x000009         Data  Gb  vregs.o [4]
?dc32_l1                0x009c16         Code  Gb  dc_util.o [4]
?dc32_px                0x009c23         Code  Gb  dc_util.o [4]
?dc8_px                 0x009c0f         Code  Gb  dc_util.o [4]
?e0                     0x000001         Data  Gb  vregs.o [4]
?e1                     0x000005         Data  Gb  vregs.o [4]
?e2                     0x000009         Data  Gb  vregs.o [4]
?e3                     0x00000d         Data  Gb  vregs.o [4]
?epilogue_l2            0x00926a         Code  Gb  vreg_util.o [4]
?epilogue_l2_l3         0x009267         Code  Gb  vreg_util.o [4]
?epilogue_l2_w6         0x00926e         Code  Gb  vreg_util.o [4]
?epilogue_w4            0x009275         Code  Gb  vreg_util.o [4]
?l0                     0x000000         Data  Gb  vregs.o [4]
?l1                     0x000004         Data  Gb  vregs.o [4]
?l2                     0x000008         Data  Gb  vregs.o [4]
?l3                     0x00000c         Data  Gb  vregs.o [4]
?load32_l1_0x           0x009ec1         Code  Gb  long_util.o [4]
?mov_e0_e2              0x00927c         Code  Gb  vreg_util.o [4]
?mov_e0_e3              0x009289         Code  Gb  vreg_util.o [4]
?mov_e1_e0              0x009296         Code  Gb  vreg_util.o [4]
?mov_e2_e0              0x0092a3         Code  Gb  vreg_util.o [4]
?mov_e3_e0              0x0092b0         Code  Gb  vreg_util.o [4]
?mov_l0_l2              0x009279         Code  Gb  vreg_util.o [4]
?mov_l0_l3              0x009286         Code  Gb  vreg_util.o [4]
?mov_l1_l0              0x009293         Code  Gb  vreg_util.o [4]
?mov_l2_l0              0x0092a0         Code  Gb  vreg_util.o [4]
?mov_l3_l0              0x0092ad         Code  Gb  vreg_util.o [4]
?mov_w1_w5              0x00927f         Code  Gb  vreg_util.o [4]
?mov_w1_w7              0x00928c         Code  Gb  vreg_util.o [4]
?mov_w3_w1              0x009299         Code  Gb  vreg_util.o [4]
?mov_w5_w1              0x0092a6         Code  Gb  vreg_util.o [4]
?mov_w7_w1              0x0092b3         Code  Gb  vreg_util.o [4]
?move1616_v_x_y_a       0x009e90         Code  Gb  move.o [4]
?mul16_x_x_w0           0x009959         Code  Gb  short.o [4]
?mul32_l0_l0_0x         0x008fbe         Code  Gb  long.o [4]
?mul32_l0_l0_dl         0x008fbb         Code  Gb  long.o [4]
?mul32_l0_l0_l1         0x008fc7         Code  Gb  long.o [4]
?pop_l0                 0x009233         Code  Gb  vreg_util.o [4]
?pop_l1                 0x00923e         Code  Gb  vreg_util.o [4]
?pop_l2                 0x009249         Code  Gb  vreg_util.o [4]
?pop_l3                 0x009254         Code  Gb  vreg_util.o [4]
?pop_w4                 0x0091ec         Code  Gb  vreg_util.o [4]
?pop_w6                 0x0091f3         Code  Gb  vreg_util.o [4]
?push_l0                0x009202         Code  Gb  vreg_util.o [4]
?push_l1                0x009207         Code  Gb  vreg_util.o [4]
?push_l2                0x00920c         Code  Gb  vreg_util.o [4]
?push_l3                0x009211         Code  Gb  vreg_util.o [4]
?push_w4                0x0091cf         Code  Gb  vreg_util.o [4]
?push_w6                0x0091d4         Code  Gb  vreg_util.o [4]
?sdiv16_x_x_y           0x009977         Code  Gb  short.o [4]
?sll16_x_x_a            0x009990         Code  Gb  short.o [4]
?sll32_0x_0x_a          0x0090bc         Code  Gb  long.o [4]
?sll32_l0_l0_a          0x0090b9         Code  Gb  long.o [4]
?sll32_l0_l0_db         0x0090b5         Code  Gb  long.o [4]
?sll8_a_a_5             0x009eb6         Code  Gb  char.o [4]
?sll8_a_a_6             0x009eb5         Code  Gb  char.o [4]
?srl8_a_a_5             0x009ebc         Code  Gb  char.o [4]
?srl8_a_a_6             0x009ebb         Code  Gb  char.o [4]
?udiv32_l0_l0_dl        0x009045         Code  Gb  long.o [4]
?udiv32_l0_l0_l1        0x009048         Code  Gb  long.o [4]
?umod32_l1_l0_l1        0x009048         Code  Gb  long.o [4]
?w0                     0x000000         Data  Gb  vregs.o [4]
?w1                     0x000002         Data  Gb  vregs.o [4]
?w2                     0x000004         Data  Gb  vregs.o [4]
?w3                     0x000006         Data  Gb  vregs.o [4]
?w4                     0x000008         Data  Gb  vregs.o [4]
?w5                     0x00000a         Data  Gb  vregs.o [4]
?w6                     0x00000c         Data  Gb  vregs.o [4]
?w7                     0x00000e         Data  Gb  vregs.o [4]
ADC1_COMP_IRQHandler    0x009fbc    0x1  Code  Gb  stm8l15x_it.o [1]
Band_GetState           0x009dc5   0x11  Code  Gb  band.o [1]
Band_Init               0x009d2a   0x15  Code  Gb  band.o [1]
Band_IsOpen             0x009b37   0x27  Code  Gb  band.o [1]
Battery_HasLowLevel     0x009e24    0xe  Code  Gb  battery.o [1]
Battery_Init            0x009df7    0xf  Code  Gb  battery.o [1]
Bcd2ToByte              0x009cba   0x17  Code  Lc  stm8l15x_rtc.o [1]
ByteToBcd2              0x009c69   0x1d  Code  Lc  stm8l15x_rtc.o [1]
CLK_DeInit              0x0098d8   0x41  Code  Gb  stm8l15x_clk.o [1]
CLK_GetClockFreq        0x0099d6   0x3a  Code  Gb  stm8l15x_clk.o [1]
CLK_GetFlagStatus       0x00954d   0x6c  Code  Gb  stm8l15x_clk.o [1]
CLK_LSEConfig           0x009e06    0xf  Code  Gb  stm8l15x_clk.o [1]
CLK_PeripheralClockConfig
                        0x009689   0x5b  Code  Gb  stm8l15x_clk.o [1]
CLK_RTCClockConfig      0x009ee3    0xa  Code  Gb  stm8l15x_clk.o [1]
CLK_SYSCLKDivConfig     0x009f73    0x4  Code  Gb  stm8l15x_clk.o [1]
CSTACK$$Base            0x000100          --   Gb  - Linker created -
CSTACK$$Limit           0x000400          --   Gb  - Linker created -
Clock_Init              0x009ce8   0x16  Code  Gb  clock.o [1]
DMA1_CHANNEL0_1_IRQHandler
                        0x009faf    0x1  Code  Gb  stm8l15x_it.o [1]
DMA1_CHANNEL2_3_IRQHandler
                        0x009fb0    0x1  Code  Gb  stm8l15x_it.o [1]
DisableInterrupts       0x009fa7    0x2  Code  Gb  platform.o [1]
EXTI0_IRQHandler        0x009fb3    0x1  Code  Gb  stm8l15x_it.o [1]
EXTI1_IRQHandler        0x009fb4    0x1  Code  Gb  stm8l15x_it.o [1]
EXTI2_IRQHandler        0x009fb5    0x1  Code  Gb  stm8l15x_it.o [1]
EXTI3_IRQHandler        0x009c86   0x1c  Code  Gb  stm8l15x_it.o [1]
EXTI4_IRQHandler        0x009fb6    0x1  Code  Gb  stm8l15x_it.o [1]
EXTI5_IRQHandler        0x009fb7    0x1  Code  Gb  stm8l15x_it.o [1]
EXTI6_IRQHandler        0x009fb8    0x1  Code  Gb  stm8l15x_it.o [1]
EXTI7_IRQHandler        0x009fb9    0x1  Code  Gb  stm8l15x_it.o [1]
EXTIB_G_IRQHandler      0x009fb2    0x1  Code  Gb  stm8l15x_it.o [1]
EXTID_H_IRQHandler      0x009ba6   0x22  Code  Gb  stm8l15x_it.o [1]
EXTIE_F_PVD_IRQHandler  0x009bf0   0x1f  Code  Gb  stm8l15x_it.o [1]
EXTI_ClearITPendingBit  0x009e5c    0xd  Code  Gb  stm8l15x_exti.o [1]
EXTI_SelectPort         0x009a77   0x31  Code  Gb  stm8l15x_exti.o [1]
EXTI_SetHalfPortSelection
                        0x009aa8   0x31  Code  Gb  stm8l15x_exti.o [1]
EXTI_SetPinSensitivity  0x0092ba   0xa1  Code  Gb  stm8l15x_exti.o [1]
EXTI_SetPortSensitivity
                        0x009738   0x4c  Code  Gb  stm8l15x_exti.o [1]
EnableInterrupts        0x009fa5    0x2  Code  Gb  platform.o [1]
FLASH_IRQHandler        0x009fae    0x1  Code  Gb  stm8l15x_it.o [1]
GPIO_Init               0x009622   0x67  Code  Gb  stm8l15x_gpio.o [1]
GPIO_ReadInputDataBit   0x009f8c    0x3  Code  Gb  stm8l15x_gpio.o [1]
GPIO_ResetBits          0x009f77    0x4  Code  Gb  stm8l15x_gpio.o [1]
GPIO_SetBits            0x009f89    0x3  Code  Gb  stm8l15x_gpio.o [1]
Halt                    0x009fad    0x1  Code  Gb  platform.o [1]
I2C1_SPI2_IRQHandler    0x009fc7    0x1  Code  Gb  stm8l15x_it.o [1]
I2C_AckPositionConfig   0x009f7b    0x4  Code  Gb  stm8l15x_i2c.o [1]
I2C_AcknowledgeConfig   0x009e4e    0xe  Code  Gb  stm8l15x_i2c.o [1]
I2C_CheckEvent          0x0096e4   0x54  Code  Gb  stm8l15x_i2c.o [1]
I2C_Cmd                 0x009e69    0xd  Code  Gb  stm8l15x_i2c.o [1]
I2C_DeInit              0x009919   0x40  Code  Gb  stm8l15x_i2c.o [1]
I2C_GenerateSTART       0x009e32    0xe  Code  Gb  stm8l15x_i2c.o [1]
I2C_GenerateSTOP        0x009e40    0xe  Code  Gb  stm8l15x_i2c.o [1]
I2C_GetFlagStatus       0x009a10   0x34  Code  Gb  stm8l15x_i2c.o [1]
I2C_Init                0x008ea2  0x119  Code  Gb  stm8l15x_i2c.o [1]
I2C_ReceiveData         0x009f57    0x5  Code  Gb  stm8l15x_i2c.o [1]
I2C_Send7bitAddress     0x009e15    0xf  Code  Gb  stm8l15x_i2c.o [1]
I2C_SendData            0x009f52    0x5  Code  Gb  stm8l15x_i2c.o [1]
INTVEC$$Base            0x008000          --   Gb  - Linker created -
INTVEC$$Limit           0x008080          --   Gb  - Linker created -
LCD_AES_IRQHandler      0x009fba    0x1  Code  Gb  stm8l15x_it.o [1]
LED_Init                0x009d3f   0x14  Code  Gb  led.o [1]
LED_Off                 0x009f2c    0x8  Code  Gb  led.o [1]
PWR_GetFlagStatus       0x009ca2   0x18  Code  Gb  stm8l15x_pwr.o [1]
PWR_PVDClearITPendingBit
                        0x009f5c    0x5  Code  Gb  stm8l15x_pwr.o [1]
PWR_PVDCmd              0x009e76    0xd  Code  Gb  stm8l15x_pwr.o [1]
PWR_PVDITConfig         0x009e83    0xd  Code  Gb  stm8l15x_pwr.o [1]
PWR_PVDLevelConfig      0x009d8d   0x13  Code  Gb  stm8l15x_pwr.o [1]
RF_Init                 0x009b83   0x23  Code  Gb  rf.o [1]
RTC_CSSLSE_IRQHandler   0x009fb1    0x1  Code  Gb  stm8l15x_it.o [1]
RTC_DateStructInit      0x009de7   0x10  Code  Gb  stm8l15x_rtc.o [1]
RTC_EnterInitMode       0x009bd0   0x20  Code  Gb  stm8l15x_rtc.o [1]
RTC_GetDate             0x009896   0x42  Code  Gb  stm8l15x_rtc.o [1]
RTC_GetTime             0x009854   0x42  Code  Gb  stm8l15x_rtc.o [1]
RTC_Init                0x009998   0x3e  Code  Gb  stm8l15x_rtc.o [1]
RTC_SetDate             0x0093df   0x7f  Code  Gb  stm8l15x_rtc.o [1]
RTC_SetTime             0x0095b9   0x69  Code  Gb  stm8l15x_rtc.o [1]
RTC_TimeStructInit      0x009f34    0x8  Code  Gb  stm8l15x_rtc.o [1]
RTC_WaitForSynchro      0x009b5e   0x25  Code  Gb  stm8l15x_rtc.o [1]
Region$$Table$$Base     0x009bc8          --   Gb  - Linker created -
Region$$Table$$Limit    0x009bd0          --   Gb  - Linker created -
SPI1_IRQHandler         0x009fc4    0x1  Code  Gb  stm8l15x_it.o [1]
SWITCH_CSS_BREAK_DAC_IRQHandler
                        0x009fbb    0x1  Code  Gb  stm8l15x_it.o [1]
SYSDivFactor            0x009f48    0x5  Data  Gb  stm8l15x_clk.o [1]
TIM1_CC_IRQHandler      0x009fc2    0x1  Code  Gb  stm8l15x_it.o [1]
TIM1_UPD_OVF_TRG_COM_IRQHandler
                        0x009fc1    0x1  Code  Gb  stm8l15x_it.o [1]
TIM2_CC_USART2_RX_IRQHandler
                        0x009fbe    0x1  Code  Gb  stm8l15x_it.o [1]
TIM2_UPD_OVF_TRG_BRK_USART2_TX_IRQHandler
                        0x009fbd    0x1  Code  Gb  stm8l15x_it.o [1]
TIM3_CC_USART3_RX_IRQHandler
                        0x009fc0    0x1  Code  Gb  stm8l15x_it.o [1]
TIM3_UPD_OVF_TRG_BRK_USART3_TX_IRQHandler
                        0x009fbf    0x1  Code  Gb  stm8l15x_it.o [1]
TIM4_UPD_OVF_TRG_IRQHandler
                        0x009fc3    0x1  Code  Gb  stm8l15x_it.o [1]
TRAP_IRQHandler         0x009fa9    0x2  Code  Gb  stm8l15x_it.o [1]
USART1_RX_TIM5_CC_IRQHandler
                        0x009fc6    0x1  Code  Gb  stm8l15x_it.o [1]
USART1_TX_TIM5_UPD_OVF_TRG_BRK_IRQHandler
                        0x009fc5    0x1  Code  Gb  stm8l15x_it.o [1]
__DebugBreak            0x009fc8    0x1  Code  Gb  __dbg_break.o [3]
__exit                  0x009d53   0x14  Code  Gb  __dbg_xxexit.o [3]
__iar_data_init2        0x009cd1   0x17  Code  Gb  init.o [4]
__iar_program_start     0x009da0         Code  Gb  cstartup.o [4]
__iar_unhandled_exception
                        0x009f98         Code  Gb  unhandled_exception.o [4]
__iar_zero_init2        0x009c2e         Code  Gb  init_small.o [4]
__intvec                0x008000         Data  Gb  interrupt.o [4]
__low_level_init        0x009f92    0x3  Code  Gb  low_level_init.o [4]
_exit                   0x009f66         Code  Gb  cexit.o [4]
_interrupt_1            0x009fa9         Code  Gb  stm8l15x_it.o [1]
_interrupt_10           0x009fb3         Code  Gb  stm8l15x_it.o [1]
_interrupt_11           0x009fb4         Code  Gb  stm8l15x_it.o [1]
_interrupt_12           0x009fb5         Code  Gb  stm8l15x_it.o [1]
_interrupt_13           0x009c86         Code  Gb  stm8l15x_it.o [1]
_interrupt_14           0x009fb6         Code  Gb  stm8l15x_it.o [1]
_interrupt_15           0x009fb7         Code  Gb  stm8l15x_it.o [1]
_interrupt_16           0x009fb8         Code  Gb  stm8l15x_it.o [1]
_interrupt_17           0x009fb9         Code  Gb  stm8l15x_it.o [1]
_interrupt_18           0x009fba         Code  Gb  stm8l15x_it.o [1]
_interrupt_19           0x009fbb         Code  Gb  stm8l15x_it.o [1]
_interrupt_2            0x009f8f         Code  Wk  interrupt.o [4]
_interrupt_20           0x009fbc         Code  Gb  stm8l15x_it.o [1]
_interrupt_21           0x009fbd         Code  Gb  stm8l15x_it.o [1]
_interrupt_22           0x009fbe         Code  Gb  stm8l15x_it.o [1]
_interrupt_23           0x009fbf         Code  Gb  stm8l15x_it.o [1]
_interrupt_24           0x009fc0         Code  Gb  stm8l15x_it.o [1]
_interrupt_25           0x009fc1         Code  Gb  stm8l15x_it.o [1]
_interrupt_26           0x009fc2         Code  Gb  stm8l15x_it.o [1]
_interrupt_27           0x009fc3         Code  Gb  stm8l15x_it.o [1]
_interrupt_28           0x009fc4         Code  Gb  stm8l15x_it.o [1]
_interrupt_29           0x009fc5         Code  Gb  stm8l15x_it.o [1]
_interrupt_3            0x009fae         Code  Gb  stm8l15x_it.o [1]
_interrupt_30           0x009fc6         Code  Gb  stm8l15x_it.o [1]
_interrupt_31           0x009fc7         Code  Gb  stm8l15x_it.o [1]
_interrupt_4            0x009faf         Code  Gb  stm8l15x_it.o [1]
_interrupt_5            0x009fb0         Code  Gb  stm8l15x_it.o [1]
_interrupt_6            0x009fb1         Code  Gb  stm8l15x_it.o [1]
_interrupt_7            0x009bf0         Code  Gb  stm8l15x_it.o [1]
_interrupt_8            0x009fb2         Code  Gb  stm8l15x_it.o [1]
_interrupt_9            0x009ba6         Code  Gb  stm8l15x_it.o [1]
batteryVoltageIRQHandler
                        0x0087d9   0x28  Code  Gb  blocker_services.o [1]
clockGpioConfig         0x009db3   0x12  Code  Gb  blocker_services.o [1]
commandFactoryDataReset
                        0x00852f   0x14  Code  Gb  blocker_services.o [1]
commandFlushHistory     0x008559   0x37  Code  Gb  blocker_services.o [1]
commandHandler          0x00863d  0x147  Code  Gb  blocker_services.o [1]
commandReadBatteryVoltage
                        0x008543   0x16  Code  Gb  blocker_services.o [1]
commandReadHistory      0x008590    0xb  Code  Gb  blocker_services.o [1]
commandReadRTC          0x00861f   0x1e  Code  Gb  blocker_services.o [1]
commandStartTimers      0x0085c0   0x5f  Code  Gb  blocker_services.o [1]
commandStopTimers       0x00859b   0x25  Code  Gb  blocker_services.o [1]
configureRTC            0x008a17  0x1a8  Code  Gb  rtc.o [1]
delay                   0x00832f   0x12  Code  Gb  blocker_services.o [1]
disableEHMode           0x0080f4   0x2c  Code  Gb  blocker_services.o [1]
exit                    0x009f95    0x3  Code  Gb  exit.o [4]
flushHistory            0x00846a   0x8f  Code  Gb  blocker_services.o [1]
getArrayFromInt16       0x008341    0xd  Code  Gb  blocker_services.o [1]
getInt16                0x008093   0x16  Code  Gb  blocker_services.o [1]
getTimeTest             0x009d14   0x16  Code  Lc  rtc.o [1]
histPacket              0x000010    0x2  Data  Gb  blocker_services.o [1]
histPacketNumber        0x000012    0x2  Data  Gb  blocker_services.o [1]
historyRead             0x000015    0x1  Data  Gb  blocker_services.o [1]
i2cHwInit               0x009a44   0x33  Code  Lc  i2c_ee.o [1]
i2cInit                 0x009c4c   0x1d  Code  Gb  i2c_ee.o [1]
i2cPowerOff             0x009fac    0x1  Code  Gb  i2c_ee.o [1]
i2cPowerOn              0x009fab    0x1  Code  Gb  i2c_ee.o [1]
i2cReadBuffer           0x0097ce   0x44  Code  Gb  i2c_ee.o [1]
i2cReadBufferWorker     0x008801  0x216  Code  Lc  i2c_ee.o [1]
i2cTest                 0x00935b   0x84  Code  Gb  blocker_services.o [1]
i2cWriteBuffer          0x0094d8   0x75  Code  Gb  i2c_ee.o [1]
i2cWriteBufferWorker    0x008bbf  0x18b  Code  Lc  i2c_ee.o [1]
initBlockerEE           0x0081d8  0x13a  Code  Gb  blocker_services.o [1]
initializeTagEE         0x008312   0x14  Code  Gb  blocker_services.o [1]
initializeTagPins       0x008326    0x9  Code  Gb  blocker_services.o [1]
lowVoltBatteryDetected  0x000017    0x1  Data  Gb  blocker_services.o [1]
main                    0x009ad9   0x30  Code  Gb  main.o [1]
memcmp                  0x009b09   0x2e  Code  Gb  memcmp.o [4]
readCommand             0x008513   0x1c  Code  Gb  blocker_services.o [1]
readCommandStatus       0x008506    0xd  Code  Gb  blocker_services.o [1]
readDateEE              0x009784   0x4a  Code  Gb  blocker_services.o [1]
readEmployeeEE          0x0083d4   0x16  Code  Gb  blocker_services.o [1]
readInterruptStatus     0x0084f9    0xd  Code  Gb  blocker_services.o [1]
readRTC                 0x008d4a  0x158  Code  Gb  rtc.o [1]
readTimeEE              0x009812   0x42  Code  Gb  blocker_services.o [1]
rfCommandIRQHandler     0x008784   0x55  Code  Gb  blocker_services.o [1]
rtcConfigured           0x000014    0x1  Data  Gb  blocker_services.o [1]
rtcDateAddress          0x009fa1    0x2  Data  Gb  rtc.o [1]
rtcTest                 0x0090ca  0x105  Code  Gb  rtc.o [1]
rtcTimeAddress          0x009fa3    0x2  Data  Gb  rtc.o [1]
setCommandStatus        0x008369   0x49  Code  Gb  blocker_services.o [1]
setHarvestUserConfiguration
                        0x008120    0x5  Code  Gb  blocker_services.o [1]
setNextPacketHistory    0x008405   0x65  Code  Gb  blocker_services.o [1]
setRuntime              0x008125   0xb3  Code  Gb  blocker_services.o [1]
startTimers             0x009cfe   0x16  Code  Gb  rtc.o [1]
stopTimers              0x009d7a   0x13  Code  Gb  rtc.o [1]
tagDiagnostics          0x009d67   0x13  Code  Gb  blocker_services.o [1]
tamperIRQHandler        0x00945e   0x7a  Code  Gb  blocker_services.o [1]
tamperSwitchTest        0x009f3c    0x6  Code  Gb  blocker_services.o [1]
testTamperSwitch        0x000016    0x1  Data  Gb  blocker_services.o [1]
updateBatteryVoltage    0x008080   0x13  Code  Gb  blocker_services.o [1]
updateCommandHistory    0x0083ea   0x1b  Code  Gb  blocker_services.o [1]
updateCommandStatusHistory
                        0x00834e   0x1b  Code  Gb  blocker_services.o [1]
updateEmployeeHistory   0x0083b2   0x22  Code  Gb  blocker_services.o [1]
updateInterruptStatus   0x0080c4   0x30  Code  Gb  blocker_services.o [1]
updateInterruptStatusHistory
                        0x0080a9   0x1b  Code  Gb  blocker_services.o [1]


[1] = C:\ActiveWave\Software\Seal Tag\Fabiano-350-LSE_BS\BLocker\IAR\Debug\Obj
[2] = command line
[3] = dbgstm8ssd.a
[4] = dlstm8ssn.a

  7 956 bytes of readonly  code memory
    181 bytes of readonly  data memory
    792 bytes of readwrite data memory

Errors: none
Warnings: none
