###############################################################################
#                                                                             #
# IAR ELF Linker V1.30.1.50036 for STM8                 14/Apr/2012  09:01:18 #
# Copyright 2010-2011 IAR Systems AB.                                         #
#                                                                             #
#    Output file  =  C:\ActiveWave\Software\Seal                              #
#                    Tag\Release_310_LSE_BS\BLocker\IAR\Release\Exe\Blocker.o #
#                    ut                                                       #
#    Map file     =  C:\ActiveWave\Software\Seal                              #
#                    Tag\Release_310_LSE_BS\BLocker\IAR\Release\List\Blocker. #
#                    map                                                      #
#    Command line =  "C:\ActiveWave\Software\Seal                             #
#                    Tag\Release_310_LSE_BS\BLocker\IAR\Release\Obj\blocker_s #
#                    ervices.o" "C:\ActiveWave\Software\Seal                  #
#                    Tag\Release_310_LSE_BS\BLocker\IAR\Release\Obj\i2c_ee.o" #
#                     "C:\ActiveWave\Software\Seal                            #
#                    Tag\Release_310_LSE_BS\BLocker\IAR\Release\Obj\main.o"   #
#                    "C:\ActiveWave\Software\Seal                             #
#                    Tag\Release_310_LSE_BS\BLocker\IAR\Release\Obj\stm8l15x_ #
#                    clk.o" "C:\ActiveWave\Software\Seal                      #
#                    Tag\Release_310_LSE_BS\BLocker\IAR\Release\Obj\stm8l15x_ #
#                    exti.o" "C:\ActiveWave\Software\Seal                     #
#                    Tag\Release_310_LSE_BS\BLocker\IAR\Release\Obj\stm8l15x_ #
#                    gpio.o" "C:\ActiveWave\Software\Seal                     #
#                    Tag\Release_310_LSE_BS\BLocker\IAR\Release\Obj\stm8l15x_ #
#                    i2c.o" "C:\ActiveWave\Software\Seal                      #
#                    Tag\Release_310_LSE_BS\BLocker\IAR\Release\Obj\stm8l15x_ #
#                    it.o" "C:\ActiveWave\Software\Seal                       #
#                    Tag\Release_310_LSE_BS\BLocker\IAR\Release\Obj\stm8l15x_ #
#                    itc.o" "C:\ActiveWave\Software\Seal                      #
#                    Tag\Release_310_LSE_BS\BLocker\IAR\Release\Obj\stm8l15x_ #
#                    pwr.o" "C:\ActiveWave\Software\Seal                      #
#                    Tag\Release_310_LSE_BS\BLocker\IAR\Release\Obj\stm8l15x_ #
#                    rtc.o" "C:\ActiveWave\Software\Seal                      #
#                    Tag\Release_310_LSE_BS\BLocker\IAR\Release\Obj\stm8l15x_ #
#                    spi.o" --redirect _Printf=_PrintfSmall --redirect        #
#                    _Scanf=_ScanfSmall -o "C:\ActiveWave\Software\Seal       #
#                    Tag\Release_310_LSE_BS\BLocker\IAR\Release\Exe\Blocker.o #
#                    ut" --map "C:\ActiveWave\Software\Seal                   #
#                    Tag\Release_310_LSE_BS\BLocker\IAR\Release\List\Blocker. #
#                    map" --config "C:\ActiveWave\Software\Seal               #
#                    Tag\Release_310_LSE_BS\BLocker\IAR\lnkstm8l151f3.icf"    #
#                    --config_def _CSTACK_SIZE=0x300 --config_def             #
#                    _HEAP_SIZE=0x300 --entry __iar_program_start             #
#                                                                             #
#                                                                             #
###############################################################################

*******************************************************************************
*** RUNTIME MODEL ATTRIBUTES
***

__SystemLibrary            = DLib
__code_model               = small
__core                     = stm8
__data_model               = small
__dlib_file_descriptor     = 0
__dlib_full_locale_support = 0
__rt_version               = 4


*******************************************************************************
*** PLACEMENT SUMMARY
***

"A1":  place at start of [0x000000-0x0000ff] { rw section .vregs };
"P1":  place in [from 0x000000 to 0x0000ff] {
          rw section .tiny.bss, rw section .tiny.data, rw section .tiny.noinit,
          rw section .tiny.rodata };
"A2":  place at end of [0x000000-0x0003ff] { block CSTACK };
"A3":  place at start of [0x008000-0x009fff] { block INTVEC };
"P3":  place in [from 0x008000 to 0x009fff] {
          ro section .far.data_init, ro section .far_func.textrw_init,
          ro section .huge.data_init, ro section .huge_func.textrw_init,
          ro section .iar.init_table, ro section .init_array,
          ro section .near.data_init, ro section .near.rodata,
          ro section .near_func.text, ro section .near_func.textrw_init,
          ro section .tiny.data_init, ro section .tiny.rodata_init };

  Section            Kind      Address    Size  Object
  -------            ----      -------    ----  ------
"A1":                                     0x10
  .vregs             uninit   0x000000    0x10  vregs.o [4]
                            - 0x000010    0x10

"P1", part 1 of 2:                        0x16
  P1 s0                       0x000010    0x16  <Init block>
    .tiny.data       inited   0x000010     0x2  blocker_services.o [1]
    .tiny.data       inited   0x000012     0x2  blocker_services.o [1]
    .tiny.data       inited   0x000014     0x2  blocker_services.o [1]
    .tiny.data       inited   0x000016     0x2  blocker_services.o [1]
    .tiny.data       inited   0x000018     0x2  blocker_services.o [1]
    .tiny.data       inited   0x00001a     0x2  blocker_services.o [1]
    .tiny.data       inited   0x00001c     0x2  blocker_services.o [1]
    .tiny.data       inited   0x00001e     0x2  blocker_services.o [1]
    .tiny.data       inited   0x000020     0x2  blocker_services.o [1]
    .tiny.data       inited   0x000022     0x2  blocker_services.o [1]
    .tiny.data       inited   0x000024     0x2  i2c_ee.o [1]
                            - 0x000026    0x16

"P1", part 2 of 2:                        0x19
  .tiny.bss          zero     0x000026     0x4  blocker_services.o [1]
  .tiny.bss          zero     0x00002a     0x4  blocker_services.o [1]
  .tiny.bss          zero     0x00002e     0x4  blocker_services.o [1]
  .tiny.bss          zero     0x000032     0x2  blocker_services.o [1]
  .tiny.bss          zero     0x000034     0x2  blocker_services.o [1]
  .tiny.bss          zero     0x000036     0x2  blocker_services.o [1]
  .tiny.bss          zero     0x000038     0x2  i2c_ee.o [1]
  .tiny.bss          zero     0x00003a     0x1  blocker_services.o [1]
  .tiny.bss          zero     0x00003b     0x1  blocker_services.o [1]
  .tiny.bss          zero     0x00003c     0x1  blocker_services.o [1]
  .tiny.bss          zero     0x00003d     0x1  blocker_services.o [1]
  .tiny.bss          zero     0x00003e     0x1  i2c_ee.o [1]
                            - 0x00003f    0x19

"A2":                                    0x300
  CSTACK                      0x000100   0x300  <Block>
    CSTACK           uninit   0x000100   0x300  <Block tail>
                            - 0x000400   0x300

"A3":                                     0x80
  INTVEC                      0x008000    0x80  <Block>
    .intvec          const    0x008000    0x80  interrupt.o [4]
                            - 0x008080    0x80

"P3":                                   0x1ced
  .near_func.text    ro code  0x008080   0xb97  blocker_services.o [1]
  .near_func.text    ro code  0x008c17   0x1e9  i2c_ee.o [1]
  .near_func.text    ro code  0x008e00   0x165  i2c_ee.o [1]
  .near_func.text    ro code  0x008f65   0x14b  stm8l15x_i2c.o [1]
  .near_func.text    ro code  0x0090b0   0x10f  long.o [4]
  .near_func.text    ro code  0x0091bf    0xeb  vreg_util.o [4]
  .near_func.text    ro code  0x0092aa    0xbb  stm8l15x_exti.o [1]
  .near_func.text    ro code  0x009365    0x8e  stm8l15x_rtc.o [1]
  .near_func.text    ro code  0x0093f3    0x81  stm8l15x_rtc.o [1]
  .near_func.text    ro code  0x009474    0x7c  stm8l15x_clk.o [1]
  .near_func.text    ro code  0x0094f0    0x77  blocker_services.o [1]
  .near_func.text    ro code  0x009567    0x72  stm8l15x_gpio.o [1]
  .near_func.text    ro code  0x0095d9    0x62  stm8l15x_clk.o [1]
  .near_func.text    ro code  0x00963b    0x57  stm8l15x_i2c.o [1]
  .near_func.text    ro code  0x009692    0x55  stm8l15x_rtc.o [1]
  .near_func.text    ro code  0x0096e7    0x4e  stm8l15x_rtc.o [1]
  .near_func.text    ro code  0x009735    0x4c  stm8l15x_exti.o [1]
  .near_func.text    ro code  0x009781    0x49  stm8l15x_rtc.o [1]
  .near_func.text    ro code  0x0097ca    0x47  stm8l15x_i2c.o [1]
  .near_func.text    ro code  0x009811    0x41  stm8l15x_clk.o [1]
  .near_func.text    ro code  0x009852    0x3f  short.o [4]
  .near_func.text    ro code  0x009891    0x3a  stm8l15x_clk.o [1]
  .near_func.text    ro code  0x0098cb    0x3a  stm8l15x_i2c.o [1]
  .near_func.text    ro code  0x009905    0x36  i2c_ee.o [1]
  .near_func.text    ro code  0x00993b    0x36  i2c_ee.o [1]
  .near_func.text    ro code  0x009971    0x35  stm8l15x_exti.o [1]
  .near_func.text    ro code  0x0099a6    0x33  i2c_ee.o [1]
  .near_func.text    ro code  0x0099d9    0x31  stm8l15x_exti.o [1]
  .near_func.text    ro code  0x009a0a    0x2f  stm8l15x_rtc.o [1]
  .near_func.text    ro code  0x009a39    0x2c  blocker_services.o [1]
  .near_func.text    ro code  0x009a65    0x28  init_small.o [4]
  .near_func.text    ro code  0x009a8d    0x23  stm8l15x_rtc.o [1]
  .iar.init_table    const    0x009ab0    0x12  - Linker created -
  .near_func.text    ro code  0x009ac2    0x1f  stm8l15x_rtc.o [1]
  .near_func.text    ro code  0x009ae1    0x1f  dc_util.o [4]
  .near_func.text    ro code  0x009b00    0x1e  init_small.o [4]
  .near_func.text    ro code  0x009b1e    0x1c  stm8l15x_it.o [1]
  .near_func.text    ro code  0x009b3a    0x1c  stm8l15x_it.o [1]
  .near_func.text    ro code  0x009b56    0x19  stm8l15x_it.o [1]
  .near_func.text    ro code  0x009b6f    0x18  main.o [1]
  .near_func.text    ro code  0x009b87    0x18  stm8l15x_pwr.o [1]
  .near_func.text    ro code  0x009b9f    0x18  stm8l15x_pwr.o [1]
  .near_func.text    ro code  0x009bb7    0x17  stm8l15x_rtc.o [1]
  .near_func.text    ro code  0x009bce    0x17  stm8l15x_rtc.o [1]
  .near_func.text    ro code  0x009be5    0x17  init.o [4]
  .near_func.text    ro code  0x009bfc    0x16  stm8l15x_exti.o [1]
  .near_func.text    ro code  0x009c12    0x15  stm8l15x_rtc.o [1]
  .near_func.text    ro code  0x009c27    0x13  cstartup.o [4]
  .near_func.text    ro code  0x009c3a     0xf  stm8l15x_clk.o [1]
  .near_func.text    ro code  0x009c49     0xf  stm8l15x_i2c.o [1]
  .near_func.text    ro code  0x009c58     0xe  stm8l15x_i2c.o [1]
  .near_func.text    ro code  0x009c66     0xe  stm8l15x_i2c.o [1]
  .near_func.text    ro code  0x009c74     0xe  stm8l15x_i2c.o [1]
  .near_func.text    ro code  0x009c82     0xd  stm8l15x_i2c.o [1]
  .near_func.text    ro code  0x009c8f     0xd  stm8l15x_pwr.o [1]
  .near_func.text    ro code  0x009c9c     0xd  stm8l15x_pwr.o [1]
  .near_func.text    ro code  0x009ca9     0xd  move.o [4]
  .near_func.text    ro code  0x009cb6     0xc  stm8l15x_i2c.o [1]
  .near_func.text    ro code  0x009cc2     0xc  long_util.o [4]
  .near_func.text    ro code  0x009cce     0xb  char.o [4]
  .near_func.text    ro code  0x009cd9     0xa  stm8l15x_clk.o [1]
  .near.rodata       const    0x009ce3     0x8  blocker_services.o [1]
  .near.rodata       const    0x009ceb     0x8  blocker_services.o [1]
  .near.rodata       const    0x009cf3     0x5  stm8l15x_clk.o [1]
  .near_func.text    ro code  0x009cf8     0x5  stm8l15x_i2c.o [1]
  .near_func.text    ro code  0x009cfd     0x5  stm8l15x_i2c.o [1]
  .near_func.text    ro code  0x009d02     0x5  stm8l15x_pwr.o [1]
  .near_func.text    ro code  0x009d07     0x5  cexit.o [4]
  .near.rodata       const    0x009d0c     0x4  blocker_services.o [1]
  .near.rodata       const    0x009d10     0x4  blocker_services.o [1]
  .near_func.text    ro code  0x009d14     0x4  stm8l15x_clk.o [1]
  .near_func.text    ro code  0x009d18     0x4  stm8l15x_gpio.o [1]
  .near.rodata       const    0x009d1c     0x3  blocker_services.o [1]
  .near.rodata       const    0x009d1f     0x3  blocker_services.o [1]
  .near_func.text    ro code  0x009d22     0x3  stm8l15x_gpio.o [1]
  .near_func.text    ro code  0x009d25     0x3  stm8l15x_gpio.o [1]
  .near_func.text    ro code  0x009d28     0x3  interrupt.o [4]
  .near_func.text    ro code  0x009d2b     0x3  low_level_init.o [4]
  .near_func.text    ro code  0x009d2e     0x3  exit.o [4]
  .near_func.text    ro code  0x009d31     0x3  unhandled_exception.o [4]
  .near.rodata       const    0x009d34     0x2  blocker_services.o [1]
  .near.rodata       const    0x009d36     0x2  blocker_services.o [1]
  .near.rodata       const    0x009d38     0x2  blocker_services.o [1]
  .near_func.text    ro code  0x009d3a     0x2  xxexit.o [3]
  .near_func.text    ro code  0x009d3c     0x1  stm8l15x_it.o [1]
  .near_func.text    ro code  0x009d3d     0x1  stm8l15x_it.o [1]
  .near_func.text    ro code  0x009d3e     0x1  stm8l15x_it.o [1]
  .near_func.text    ro code  0x009d3f     0x1  stm8l15x_it.o [1]
  .near_func.text    ro code  0x009d40     0x1  stm8l15x_it.o [1]
  .near_func.text    ro code  0x009d41     0x1  stm8l15x_it.o [1]
  .near_func.text    ro code  0x009d42     0x1  stm8l15x_it.o [1]
  .near_func.text    ro code  0x009d43     0x1  stm8l15x_it.o [1]
  .near_func.text    ro code  0x009d44     0x1  stm8l15x_it.o [1]
  .near_func.text    ro code  0x009d45     0x1  stm8l15x_it.o [1]
  .near_func.text    ro code  0x009d46     0x1  stm8l15x_it.o [1]
  .near_func.text    ro code  0x009d47     0x1  stm8l15x_it.o [1]
  .near_func.text    ro code  0x009d48     0x1  stm8l15x_it.o [1]
  .near_func.text    ro code  0x009d49     0x1  stm8l15x_it.o [1]
  .near_func.text    ro code  0x009d4a     0x1  stm8l15x_it.o [1]
  .near_func.text    ro code  0x009d4b     0x1  stm8l15x_it.o [1]
  .near_func.text    ro code  0x009d4c     0x1  stm8l15x_it.o [1]
  .near_func.text    ro code  0x009d4d     0x1  stm8l15x_it.o [1]
  .near_func.text    ro code  0x009d4e     0x1  stm8l15x_it.o [1]
  .near_func.text    ro code  0x009d4f     0x1  stm8l15x_it.o [1]
  .near_func.text    ro code  0x009d50     0x1  stm8l15x_it.o [1]
  .near_func.text    ro code  0x009d51     0x1  stm8l15x_it.o [1]
  .near_func.text    ro code  0x009d52     0x1  stm8l15x_it.o [1]
  .near_func.text    ro code  0x009d53     0x1  stm8l15x_it.o [1]
  .near_func.text    ro code  0x009d54     0x1  stm8l15x_it.o [1]
  .near_func.text    ro code  0x009d55     0x1  stm8l15x_it.o [1]
  .near_func.text    ro code  0x009d56     0x1  stm8l15x_it.o [1]
  Initializer bytes  ro data  0x009d57    0x16  <for P1 s0>
                            - 0x009d6d  0x1ced


*******************************************************************************
*** INIT TABLE
***

          Address   Size
          -------   ----
Zero (__iar_zero_init2)
    1 destination range, total size 0x19:
          0x000026  0x19

Copy (__iar_copy_init2)
    1 source range, total size 0x16:
          0x009d57  0x16
    1 destination range, total size 0x16:
          0x000010  0x16


*******************************************************************************
*** MODULE SUMMARY
***

    Module                 ro code  ro data  rw data
    ------                 -------  -------  -------
C:\ActiveWave\Software\Seal Tag\Release_310_LSE_BS\BLocker\IAR\Release\Obj: [1]
    blocker_services.o       3 130       56       42
    i2c_ee.o                 1 005        2        5
    main.o                      24
    stm8l15x_clk.o             374        5
    stm8l15x_exti.o            387
    stm8l15x_gpio.o            124
    stm8l15x_i2c.o             639
    stm8l15x_it.o              108
    stm8l15x_pwr.o              79
    stm8l15x_rtc.o             687
    ------------------------------------------------
    Total:                   6 557       63       47

command line: [2]
    ------------------------------------------------
    Total:

dbgstm8ssn.a: [3]
    xxexit.o                     2
    ------------------------------------------------
    Total:                       2

dlstm8ssn.a: [4]
    cexit.o                      5
    char.o                      11
    cstartup.o                  19
    dc_util.o                   31
    exit.o                       3
    init.o                      23
    init_small.o                70
    interrupt.o                  3      128
    long.o                     271
    long_util.o                 12
    low_level_init.o             3
    move.o                      13
    short.o                     63
    unhandled_exception.o        3
    vreg_util.o                235
    vregs.o                                       16
    ------------------------------------------------
    Total:                     765      128       16

    Linker created                       18      768
----------------------------------------------------
    Grand Total:             7 324      209      831


*******************************************************************************
*** ENTRY LIST
***

Entry                    Address   Size  Type      Object
-----                    -------   ----  ----      ------
?b0                     0x000000         Data  Gb  vregs.o [4]
?b1                     0x000001         Data  Gb  vregs.o [4]
?b10                    0x00000a         Data  Gb  vregs.o [4]
?b11                    0x00000b         Data  Gb  vregs.o [4]
?b12                    0x00000c         Data  Gb  vregs.o [4]
?b13                    0x00000d         Data  Gb  vregs.o [4]
?b14                    0x00000e         Data  Gb  vregs.o [4]
?b15                    0x00000f         Data  Gb  vregs.o [4]
?b2                     0x000002         Data  Gb  vregs.o [4]
?b3                     0x000003         Data  Gb  vregs.o [4]
?b4                     0x000004         Data  Gb  vregs.o [4]
?b5                     0x000005         Data  Gb  vregs.o [4]
?b6                     0x000006         Data  Gb  vregs.o [4]
?b7                     0x000007         Data  Gb  vregs.o [4]
?b8                     0x000008         Data  Gb  vregs.o [4]
?b9                     0x000009         Data  Gb  vregs.o [4]
?dc32_l1                0x009ae8         Code  Gb  dc_util.o [4]
?dc32_px                0x009af5         Code  Gb  dc_util.o [4]
?dc8_px                 0x009ae1         Code  Gb  dc_util.o [4]
?e0                     0x000001         Data  Gb  vregs.o [4]
?e1                     0x000005         Data  Gb  vregs.o [4]
?e2                     0x000009         Data  Gb  vregs.o [4]
?e3                     0x00000d         Data  Gb  vregs.o [4]
?epilogue_l2            0x00925a         Code  Gb  vreg_util.o [4]
?epilogue_l2_l3         0x009257         Code  Gb  vreg_util.o [4]
?epilogue_l2_w6         0x00925e         Code  Gb  vreg_util.o [4]
?epilogue_w4            0x009265         Code  Gb  vreg_util.o [4]
?l0                     0x000000         Data  Gb  vregs.o [4]
?l1                     0x000004         Data  Gb  vregs.o [4]
?l2                     0x000008         Data  Gb  vregs.o [4]
?l3                     0x00000c         Data  Gb  vregs.o [4]
?load32_l1_0x           0x009cc2         Code  Gb  long_util.o [4]
?mov_e0_e2              0x00926c         Code  Gb  vreg_util.o [4]
?mov_e0_e3              0x009279         Code  Gb  vreg_util.o [4]
?mov_e1_e0              0x009286         Code  Gb  vreg_util.o [4]
?mov_e2_e0              0x009293         Code  Gb  vreg_util.o [4]
?mov_e3_e0              0x0092a0         Code  Gb  vreg_util.o [4]
?mov_l0_l2              0x009269         Code  Gb  vreg_util.o [4]
?mov_l0_l3              0x009276         Code  Gb  vreg_util.o [4]
?mov_l1_l0              0x009283         Code  Gb  vreg_util.o [4]
?mov_l2_l0              0x009290         Code  Gb  vreg_util.o [4]
?mov_l3_l0              0x00929d         Code  Gb  vreg_util.o [4]
?mov_w1_w5              0x00926f         Code  Gb  vreg_util.o [4]
?mov_w1_w7              0x00927c         Code  Gb  vreg_util.o [4]
?mov_w3_w1              0x009289         Code  Gb  vreg_util.o [4]
?mov_w5_w1              0x009296         Code  Gb  vreg_util.o [4]
?mov_w7_w1              0x0092a3         Code  Gb  vreg_util.o [4]
?move1616_v_x_y_a       0x009ca9         Code  Gb  move.o [4]
?mul16_x_x_w0           0x009852         Code  Gb  short.o [4]
?mul32_l0_l0_0x         0x0090b3         Code  Gb  long.o [4]
?mul32_l0_l0_dl         0x0090b0         Code  Gb  long.o [4]
?mul32_l0_l0_l1         0x0090bc         Code  Gb  long.o [4]
?pop_l0                 0x009223         Code  Gb  vreg_util.o [4]
?pop_l1                 0x00922e         Code  Gb  vreg_util.o [4]
?pop_l2                 0x009239         Code  Gb  vreg_util.o [4]
?pop_l3                 0x009244         Code  Gb  vreg_util.o [4]
?pop_w4                 0x0091dc         Code  Gb  vreg_util.o [4]
?pop_w6                 0x0091e3         Code  Gb  vreg_util.o [4]
?push_l0                0x0091f2         Code  Gb  vreg_util.o [4]
?push_l1                0x0091f7         Code  Gb  vreg_util.o [4]
?push_l2                0x0091fc         Code  Gb  vreg_util.o [4]
?push_l3                0x009201         Code  Gb  vreg_util.o [4]
?push_w4                0x0091bf         Code  Gb  vreg_util.o [4]
?push_w6                0x0091c4         Code  Gb  vreg_util.o [4]
?sdiv16_x_x_y           0x009870         Code  Gb  short.o [4]
?sll16_x_x_a            0x009889         Code  Gb  short.o [4]
?sll32_0x_0x_a          0x0091b1         Code  Gb  long.o [4]
?sll32_l0_l0_a          0x0091ae         Code  Gb  long.o [4]
?sll32_l0_l0_db         0x0091aa         Code  Gb  long.o [4]
?sll8_a_a_5             0x009ccf         Code  Gb  char.o [4]
?sll8_a_a_6             0x009cce         Code  Gb  char.o [4]
?srl8_a_a_5             0x009cd4         Code  Gb  char.o [4]
?udiv32_l0_l0_dl        0x00913a         Code  Gb  long.o [4]
?udiv32_l0_l0_l1        0x00913d         Code  Gb  long.o [4]
?umod32_l1_l0_l1        0x00913d         Code  Gb  long.o [4]
?w0                     0x000000         Data  Gb  vregs.o [4]
?w1                     0x000002         Data  Gb  vregs.o [4]
?w2                     0x000004         Data  Gb  vregs.o [4]
?w3                     0x000006         Data  Gb  vregs.o [4]
?w4                     0x000008         Data  Gb  vregs.o [4]
?w5                     0x00000a         Data  Gb  vregs.o [4]
?w6                     0x00000c         Data  Gb  vregs.o [4]
?w7                     0x00000e         Data  Gb  vregs.o [4]
ADC1_COMP_IRQHandler    0x009d4b    0x1  Code  Gb  stm8l15x_it.o [1]
Bcd2ToByte              0x009bce   0x17  Code  Lc  stm8l15x_rtc.o [1]
ByteToBcd2              0x009ac2   0x1f  Code  Lc  stm8l15x_rtc.o [1]
CLK_DeInit              0x009811   0x41  Code  Gb  stm8l15x_clk.o [1]
CLK_GetClockFreq        0x009891   0x3a  Code  Gb  stm8l15x_clk.o [1]
CLK_GetFlagStatus       0x009474   0x7c  Code  Gb  stm8l15x_clk.o [1]
CLK_LSEConfig           0x009c3a    0xf  Code  Gb  stm8l15x_clk.o [1]
CLK_PeripheralClockConfig
                        0x0095d9   0x62  Code  Gb  stm8l15x_clk.o [1]
CLK_RTCClockConfig      0x009cd9    0xa  Code  Gb  stm8l15x_clk.o [1]
CLK_SYSCLKDivConfig     0x009d14    0x4  Code  Gb  stm8l15x_clk.o [1]
CSTACK$$Base            0x000100          --   Gb  - Linker created -
CSTACK$$Limit           0x000400          --   Gb  - Linker created -
DMA1_CHANNEL0_1_IRQHandler
                        0x009d3e    0x1  Code  Gb  stm8l15x_it.o [1]
DMA1_CHANNEL2_3_IRQHandler
                        0x009d3f    0x1  Code  Gb  stm8l15x_it.o [1]
EXTI0_IRQHandler        0x009d42    0x1  Code  Gb  stm8l15x_it.o [1]
EXTI1_IRQHandler        0x009d43    0x1  Code  Gb  stm8l15x_it.o [1]
EXTI2_IRQHandler        0x009d44    0x1  Code  Gb  stm8l15x_it.o [1]
EXTI3_IRQHandler        0x009b3a   0x1c  Code  Gb  stm8l15x_it.o [1]
EXTI4_IRQHandler        0x009d45    0x1  Code  Gb  stm8l15x_it.o [1]
EXTI5_IRQHandler        0x009d46    0x1  Code  Gb  stm8l15x_it.o [1]
EXTI6_IRQHandler        0x009d47    0x1  Code  Gb  stm8l15x_it.o [1]
EXTI7_IRQHandler        0x009d48    0x1  Code  Gb  stm8l15x_it.o [1]
EXTIB_G_IRQHandler      0x009d41    0x1  Code  Gb  stm8l15x_it.o [1]
EXTID_H_IRQHandler      0x009b1e   0x1c  Code  Gb  stm8l15x_it.o [1]
EXTIE_F_PVD_IRQHandler  0x009b56   0x19  Code  Gb  stm8l15x_it.o [1]
EXTI_ClearITPendingBit  0x009bfc   0x16  Code  Gb  stm8l15x_exti.o [1]
EXTI_SelectPort         0x0099d9   0x31  Code  Gb  stm8l15x_exti.o [1]
EXTI_SetHalfPortSelection
                        0x009971   0x35  Code  Gb  stm8l15x_exti.o [1]
EXTI_SetPinSensitivity  0x0092aa   0xbb  Code  Gb  stm8l15x_exti.o [1]
EXTI_SetPortSensitivity
                        0x009735   0x4c  Code  Gb  stm8l15x_exti.o [1]
FLASH_IRQHandler        0x009d3d    0x1  Code  Gb  stm8l15x_it.o [1]
GPIO_Init               0x009567   0x72  Code  Gb  stm8l15x_gpio.o [1]
GPIO_ReadInputDataBit   0x009d25    0x3  Code  Gb  stm8l15x_gpio.o [1]
GPIO_ResetBits          0x009d18    0x4  Code  Gb  stm8l15x_gpio.o [1]
GPIO_SetBits            0x009d22    0x3  Code  Gb  stm8l15x_gpio.o [1]
I2C1_SPI2_IRQHandler    0x009d56    0x1  Code  Gb  stm8l15x_it.o [1]
I2C_AckPositionConfig   0x009cb6    0xc  Code  Gb  stm8l15x_i2c.o [1]
I2C_AcknowledgeConfig   0x009c74    0xe  Code  Gb  stm8l15x_i2c.o [1]
I2C_CheckEvent          0x00963b   0x57  Code  Gb  stm8l15x_i2c.o [1]
I2C_Cmd                 0x009c82    0xd  Code  Gb  stm8l15x_i2c.o [1]
I2C_DeInit              0x0097ca   0x47  Code  Gb  stm8l15x_i2c.o [1]
I2C_GenerateSTART       0x009c58    0xe  Code  Gb  stm8l15x_i2c.o [1]
I2C_GenerateSTOP        0x009c66    0xe  Code  Gb  stm8l15x_i2c.o [1]
I2C_GetFlagStatus       0x0098cb   0x3a  Code  Gb  stm8l15x_i2c.o [1]
I2C_Init                0x008f65  0x14b  Code  Gb  stm8l15x_i2c.o [1]
I2C_ReceiveData         0x009cfd    0x5  Code  Gb  stm8l15x_i2c.o [1]
I2C_Send7bitAddress     0x009c49    0xf  Code  Gb  stm8l15x_i2c.o [1]
I2C_SendData            0x009cf8    0x5  Code  Gb  stm8l15x_i2c.o [1]
INTVEC$$Base            0x008000          --   Gb  - Linker created -
INTVEC$$Limit           0x008080          --   Gb  - Linker created -
LCD_AES_IRQHandler      0x009d49    0x1  Code  Gb  stm8l15x_it.o [1]
PWR_GetFlagStatus       0x009b87   0x18  Code  Gb  stm8l15x_pwr.o [1]
PWR_PVDClearITPendingBit
                        0x009d02    0x5  Code  Gb  stm8l15x_pwr.o [1]
PWR_PVDCmd              0x009c8f    0xd  Code  Gb  stm8l15x_pwr.o [1]
PWR_PVDGetITStatus      0x009b9f   0x18  Code  Gb  stm8l15x_pwr.o [1]
PWR_PVDITConfig         0x009c9c    0xd  Code  Gb  stm8l15x_pwr.o [1]
RTC_CSSLSE_IRQHandler   0x009d40    0x1  Code  Gb  stm8l15x_it.o [1]
RTC_DateStructInit      0x009bb7   0x17  Code  Gb  stm8l15x_rtc.o [1]
RTC_EnterInitMode       0x009a8d   0x23  Code  Gb  stm8l15x_rtc.o [1]
RTC_GetDate             0x009692   0x55  Code  Gb  stm8l15x_rtc.o [1]
RTC_GetTime             0x0096e7   0x4e  Code  Gb  stm8l15x_rtc.o [1]
RTC_Init                0x009781   0x49  Code  Gb  stm8l15x_rtc.o [1]
RTC_SetDate             0x009365   0x8e  Code  Gb  stm8l15x_rtc.o [1]
RTC_SetTime             0x0093f3   0x81  Code  Gb  stm8l15x_rtc.o [1]
RTC_TimeStructInit      0x009c12   0x15  Code  Gb  stm8l15x_rtc.o [1]
RTC_WaitForSynchro      0x009a0a   0x2f  Code  Gb  stm8l15x_rtc.o [1]
Region$$Table$$Base     0x009ab0          --   Gb  - Linker created -
Region$$Table$$Limit    0x009ac2          --   Gb  - Linker created -
SPI1_IRQHandler         0x009d53    0x1  Code  Gb  stm8l15x_it.o [1]
SWITCH_CSS_BREAK_DAC_IRQHandler
                        0x009d4a    0x1  Code  Gb  stm8l15x_it.o [1]
SYSDivFactor            0x009cf3    0x5  Data  Gb  stm8l15x_clk.o [1]
TIM1_CC_IRQHandler      0x009d51    0x1  Code  Gb  stm8l15x_it.o [1]
TIM1_UPD_OVF_TRG_COM_IRQHandler
                        0x009d50    0x1  Code  Gb  stm8l15x_it.o [1]
TIM2_CC_USART2_RX_IRQHandler
                        0x009d4d    0x1  Code  Gb  stm8l15x_it.o [1]
TIM2_UPD_OVF_TRG_BRK_USART2_TX_IRQHandler
                        0x009d4c    0x1  Code  Gb  stm8l15x_it.o [1]
TIM3_CC_USART3_RX_IRQHandler
                        0x009d4f    0x1  Code  Gb  stm8l15x_it.o [1]
TIM3_UPD_OVF_TRG_BRK_USART3_TX_IRQHandler
                        0x009d4e    0x1  Code  Gb  stm8l15x_it.o [1]
TIM4_UPD_OVF_TRG_IRQHandler
                        0x009d52    0x1  Code  Gb  stm8l15x_it.o [1]
TRAP_IRQHandler         0x009d3c    0x1  Code  Gb  stm8l15x_it.o [1]
USART1_RX_TIM5_CC_IRQHandler
                        0x009d55    0x1  Code  Gb  stm8l15x_it.o [1]
USART1_TX_TIM5_UPD_OVF_TRG_BRK_IRQHandler
                        0x009d54    0x1  Code  Gb  stm8l15x_it.o [1]
__exit                  0x009d3a    0x2  Code  Gb  xxexit.o [3]
__iar_copy_init2        0x009a65         Code  Gb  init_small.o [4]
__iar_data_init2        0x009be5   0x17  Code  Gb  init.o [4]
__iar_program_start     0x009c27         Code  Gb  cstartup.o [4]
__iar_unhandled_exception
                        0x009d31         Code  Gb  unhandled_exception.o [4]
__iar_zero_init2        0x009b00         Code  Gb  init_small.o [4]
__intvec                0x008000         Data  Gb  interrupt.o [4]
__low_level_init        0x009d2b    0x3  Code  Gb  low_level_init.o [4]
_exit                   0x009d07         Code  Gb  cexit.o [4]
_interrupt_1            0x009d3c         Code  Gb  stm8l15x_it.o [1]
_interrupt_10           0x009d42         Code  Gb  stm8l15x_it.o [1]
_interrupt_11           0x009d43         Code  Gb  stm8l15x_it.o [1]
_interrupt_12           0x009d44         Code  Gb  stm8l15x_it.o [1]
_interrupt_13           0x009b3a         Code  Gb  stm8l15x_it.o [1]
_interrupt_14           0x009d45         Code  Gb  stm8l15x_it.o [1]
_interrupt_15           0x009d46         Code  Gb  stm8l15x_it.o [1]
_interrupt_16           0x009d47         Code  Gb  stm8l15x_it.o [1]
_interrupt_17           0x009d48         Code  Gb  stm8l15x_it.o [1]
_interrupt_18           0x009d49         Code  Gb  stm8l15x_it.o [1]
_interrupt_19           0x009d4a         Code  Gb  stm8l15x_it.o [1]
_interrupt_2            0x009d28         Code  Wk  interrupt.o [4]
_interrupt_20           0x009d4b         Code  Gb  stm8l15x_it.o [1]
_interrupt_21           0x009d4c         Code  Gb  stm8l15x_it.o [1]
_interrupt_22           0x009d4d         Code  Gb  stm8l15x_it.o [1]
_interrupt_23           0x009d4e         Code  Gb  stm8l15x_it.o [1]
_interrupt_24           0x009d4f         Code  Gb  stm8l15x_it.o [1]
_interrupt_25           0x009d50         Code  Gb  stm8l15x_it.o [1]
_interrupt_26           0x009d51         Code  Gb  stm8l15x_it.o [1]
_interrupt_27           0x009d52         Code  Gb  stm8l15x_it.o [1]
_interrupt_28           0x009d53         Code  Gb  stm8l15x_it.o [1]
_interrupt_29           0x009d54         Code  Gb  stm8l15x_it.o [1]
_interrupt_3            0x009d3d         Code  Gb  stm8l15x_it.o [1]
_interrupt_30           0x009d55         Code  Gb  stm8l15x_it.o [1]
_interrupt_31           0x009d56         Code  Gb  stm8l15x_it.o [1]
_interrupt_4            0x009d3e         Code  Gb  stm8l15x_it.o [1]
_interrupt_5            0x009d3f         Code  Gb  stm8l15x_it.o [1]
_interrupt_6            0x009d40         Code  Gb  stm8l15x_it.o [1]
_interrupt_7            0x009b56         Code  Gb  stm8l15x_it.o [1]
_interrupt_8            0x009d41         Code  Gb  stm8l15x_it.o [1]
_interrupt_9            0x009b1e         Code  Gb  stm8l15x_it.o [1]
batteryVoltageAddress   0x000016    0x2  Data  Gb  blocker_services.o [1]
batteryVoltageIRQHandler
                        0x008bec   0x2b  Code  Gb  blocker_services.o [1]
clockGpioConfig         0x008246   0x75  Code  Gb  blocker_services.o [1]
commandAddress          0x000032    0x2  Data  Gb  blocker_services.o [1]
commandFactoryDataReset
                        0x008954   0x18  Code  Gb  blocker_services.o [1]
commandFlushHistory     0x008983   0x43  Code  Gb  blocker_services.o [1]
commandHandler          0x008a7f  0x10c  Code  Gb  blocker_services.o [1]
commandReadBatteryVoltage
                        0x00896c   0x17  Code  Gb  blocker_services.o [1]
commandReadHistory      0x0089c6    0xc  Code  Gb  blocker_services.o [1]
commandReadRTC          0x008a5e   0x21  Code  Gb  blocker_services.o [1]
commandStartTimers      0x0089fc   0x62  Code  Gb  blocker_services.o [1]
commandStatusAddress    0x000010    0x2  Data  Gb  blocker_services.o [1]
commandStopTimers       0x0089d2   0x2a  Code  Gb  blocker_services.o [1]
configureRTC            0x0088f1   0x63  Code  Gb  blocker_services.o [1]
cpt                     0x000038    0x2  Data  Gb  i2c_ee.o [1]
date                    0x00002e    0x4  Data  Gb  blocker_services.o [1]
delay                   0x008080    0xf  Code  Gb  blocker_services.o [1]
disableEHMode           0x008334   0x2d  Code  Gb  blocker_services.o [1]
empIdAddress            0x000020    0x2  Data  Gb  blocker_services.o [1]
exit                    0x009d2e    0x3  Code  Gb  exit.o [4]
f                       0x00003e    0x1  Data  Gb  i2c_ee.o [1]
flushHistory            0x0086ce   0x92  Code  Gb  blocker_services.o [1]
getArrayFromInt16       0x0085ab    0xd  Code  Gb  blocker_services.o [1]
getInt16                0x0082cd   0x16  Code  Gb  blocker_services.o [1]
getTimeTest             0x0080a4   0x17  Code  Gb  blocker_services.o [1]
histPacket              0x000034    0x2  Data  Gb  blocker_services.o [1]
histPacketAddress       0x000018    0x2  Data  Gb  blocker_services.o [1]
histPacketNumber        0x000036    0x2  Data  Gb  blocker_services.o [1]
histPacketNumberAddress
                        0x00001a    0x2  Data  Gb  blocker_services.o [1]
historyRead             0x00003b    0x1  Data  Gb  blocker_services.o [1]
i2cInit                 0x0099a6   0x33  Code  Gb  i2c_ee.o [1]
i2cPowerOn              0x008597    0xd  Code  Gb  blocker_services.o [1]
i2cReadBuffer           0x009905   0x36  Code  Gb  i2c_ee.o [1]
i2cReadBufferWorker     0x008c17  0x1e9  Code  Gb  i2c_ee.o [1]
i2cTest                 0x00819f   0x8f  Code  Gb  blocker_services.o [1]
i2cWriteBuffer          0x00993b   0x36  Code  Gb  i2c_ee.o [1]
i2cWriteBufferWorker    0x008e00  0x165  Code  Gb  i2c_ee.o [1]
init                    0x000026    0x4  Data  Gb  blocker_services.o [1]
initBlockerEE           0x00843b  0x148  Code  Gb  blocker_services.o [1]
initializeTagEE         0x008583   0x14  Code  Gb  blocker_services.o [1]
initializeTagPins       0x0085a4    0x7  Code  Gb  blocker_services.o [1]
interruptStatusAddress  0x000014    0x2  Data  Gb  blocker_services.o [1]
isBandOpen              0x009a39   0x2c  Code  Gb  blocker_services.o [1]
lowVoltBatteryDetected  0x00003d    0x1  Data  Gb  blocker_services.o [1]
main                    0x009b6f   0x18  Code  Gb  main.o [1]
readCommand             0x008778   0x22  Code  Gb  blocker_services.o [1]
readCommandStatus       0x00876c    0xc  Code  Gb  blocker_services.o [1]
readDateEE              0x0088a7   0x4a  Code  Gb  blocker_services.o [1]
readEmployeeEE          0x008638   0x18  Code  Gb  blocker_services.o [1]
readInterruptStatus     0x008760    0xc  Code  Gb  blocker_services.o [1]
readRTC                 0x00879a   0xcb  Code  Gb  blocker_services.o [1]
readTimeEE              0x008865   0x42  Code  Gb  blocker_services.o [1]
reservedTestAddress     0x000022    0x2  Data  Gb  blocker_services.o [1]
rfCommandIRQHandler     0x008b8b   0x61  Code  Gb  blocker_services.o [1]
rtcConfigured           0x00003a    0x1  Data  Gb  blocker_services.o [1]
rtcDateAddress          0x00001c    0x2  Data  Gb  blocker_services.o [1]
rtcTest                 0x0080d1   0xce  Code  Gb  blocker_services.o [1]
rtcTimeAddress          0x00001e    0x2  Data  Gb  blocker_services.o [1]
setCommandStatus        0x0085d3   0x40  Code  Gb  blocker_services.o [1]
setHarvestUserConfiguration
                        0x008361    0x5  Code  Gb  blocker_services.o [1]
setNextPacketHistory    0x00866b   0x63  Code  Gb  blocker_services.o [1]
setRuntime              0x008366   0xd5  Code  Gb  blocker_services.o [1]
startTimers             0x0080bb   0x16  Code  Gb  blocker_services.o [1]
stopTimers              0x00808f   0x15  Code  Gb  blocker_services.o [1]
tagDiagnostics          0x00822e   0x11  Code  Gb  blocker_services.o [1]
tagVersionAddress       0x000012    0x2  Data  Gb  blocker_services.o [1]
tamperIRQHandler        0x0094f0   0x77  Code  Gb  blocker_services.o [1]
tamperSwitchTest        0x00823f    0x7  Code  Gb  blocker_services.o [1]
testTamperSwitch        0x00003c    0x1  Data  Gb  blocker_services.o [1]
time                    0x00002a    0x4  Data  Gb  blocker_services.o [1]
timeout                 0x000024    0x2  Data  Gb  i2c_ee.o [1]
updateBatteryVoltage    0x0082bb   0x12  Code  Gb  blocker_services.o [1]
updateCommandHistory    0x008650   0x1b  Code  Gb  blocker_services.o [1]
updateCommandStatusHistory
                        0x0085b8   0x1b  Code  Gb  blocker_services.o [1]
updateEmployeeHistory   0x008613   0x25  Code  Gb  blocker_services.o [1]
updateInterruptStatus   0x0082fe   0x36  Code  Gb  blocker_services.o [1]
updateInterruptStatusHistory
                        0x0082e3   0x1b  Code  Gb  blocker_services.o [1]


[1] = C:\ActiveWave\Software\Seal Tag\Release_310_LSE_BS\BLocker\IAR\Release\Obj
[2] = command line
[3] = dbgstm8ssn.a
[4] = dlstm8ssn.a

  7 324 bytes of readonly  code memory
    209 bytes of readonly  data memory
    831 bytes of readwrite data memory

Errors: none
Warnings: none
