###############################################################################
#                                                                             #
# IAR ELF Linker V1.30.1.50036 for STM8                 18/Sep/2011  10:14:33 #
# Copyright 2010-2011 IAR Systems AB.                                         #
#                                                                             #
#    Output file  =  C:\ActiveWave\Seal tag design\Software\Release_240_HSI\B #
#                    Locker\IAR\Test_Release\Exe\Blocker.out                  #
#    Map file     =  C:\ActiveWave\Seal tag design\Software\Release_240_HSI\B #
#                    Locker\IAR\Test_Release\List\Blocker.map                 #
#    Command line =  "C:\ActiveWave\Seal tag design\Software\Release_240_HSI\ #
#                    BLocker\IAR\Test_Release\Obj\blocker_services.o"         #
#                    "C:\ActiveWave\Seal tag design\Software\Release_240_HSI\ #
#                    BLocker\IAR\Test_Release\Obj\i2c_ee.o"                   #
#                    "C:\ActiveWave\Seal tag design\Software\Release_240_HSI\ #
#                    BLocker\IAR\Test_Release\Obj\main.o"                     #
#                    "C:\ActiveWave\Seal tag design\Software\Release_240_HSI\ #
#                    BLocker\IAR\Test_Release\Obj\stm8l15x_adc.o"             #
#                    "C:\ActiveWave\Seal tag design\Software\Release_240_HSI\ #
#                    BLocker\IAR\Test_Release\Obj\stm8l15x_clk.o"             #
#                    "C:\ActiveWave\Seal tag design\Software\Release_240_HSI\ #
#                    BLocker\IAR\Test_Release\Obj\stm8l15x_exti.o"            #
#                    "C:\ActiveWave\Seal tag design\Software\Release_240_HSI\ #
#                    BLocker\IAR\Test_Release\Obj\stm8l15x_gpio.o"            #
#                    "C:\ActiveWave\Seal tag design\Software\Release_240_HSI\ #
#                    BLocker\IAR\Test_Release\Obj\stm8l15x_i2c.o"             #
#                    "C:\ActiveWave\Seal tag design\Software\Release_240_HSI\ #
#                    BLocker\IAR\Test_Release\Obj\stm8l15x_it.o"              #
#                    "C:\ActiveWave\Seal tag design\Software\Release_240_HSI\ #
#                    BLocker\IAR\Test_Release\Obj\stm8l15x_itc.o"             #
#                    "C:\ActiveWave\Seal tag design\Software\Release_240_HSI\ #
#                    BLocker\IAR\Test_Release\Obj\stm8l15x_pwr.o"             #
#                    "C:\ActiveWave\Seal tag design\Software\Release_240_HSI\ #
#                    BLocker\IAR\Test_Release\Obj\stm8l15x_rtc.o"             #
#                    "C:\ActiveWave\Seal tag design\Software\Release_240_HSI\ #
#                    BLocker\IAR\Test_Release\Obj\stm8l15x_spi.o" --redirect  #
#                    _Printf=_PrintfSmall --redirect _Scanf=_ScanfSmall -o    #
#                    "C:\ActiveWave\Seal tag design\Software\Release_240_HSI\ #
#                    BLocker\IAR\Test_Release\Exe\Blocker.out" --map          #
#                    "C:\ActiveWave\Seal tag design\Software\Release_240_HSI\ #
#                    BLocker\IAR\Test_Release\List\Blocker.map" --config      #
#                    "C:\ActiveWave\Seal tag design\Software\Release_240_HSI\ #
#                    BLocker\IAR\lnkstm8l151f3.icf" --config_def              #
#                    _CSTACK_SIZE=0x300 --config_def _HEAP_SIZE=0x300         #
#                    --entry __iar_program_start                              #
#                                                                             #
#                                                                             #
###############################################################################

*******************************************************************************
*** RUNTIME MODEL ATTRIBUTES
***

__SystemLibrary            = DLib
__code_model               = small
__core                     = stm8
__data_model               = small
__dlib_file_descriptor     = 0
__dlib_full_locale_support = 0
__rt_version               = 4


*******************************************************************************
*** PLACEMENT SUMMARY
***

"A1":  place at start of [0x000000-0x0000ff] { rw section .vregs };
"P1":  place in [from 0x000000 to 0x0000ff] {
          rw section .tiny.bss, rw section .tiny.data, rw section .tiny.noinit,
          rw section .tiny.rodata };
"A2":  place at end of [0x000000-0x0003ff] { block CSTACK };
"A3":  place at start of [0x008000-0x009fff] { block INTVEC };
"P3":  place in [from 0x008000 to 0x009fff] {
          ro section .far.data_init, ro section .far_func.textrw_init,
          ro section .huge.data_init, ro section .huge_func.textrw_init,
          ro section .iar.init_table, ro section .init_array,
          ro section .near.data_init, ro section .near.rodata,
          ro section .near_func.text, ro section .near_func.textrw_init,
          ro section .tiny.data_init, ro section .tiny.rodata_init };

  Section            Kind      Address    Size  Object
  -------            ----      -------    ----  ------
"A1":                                     0x10
  .vregs             uninit   0x000000    0x10  vregs.o [4]
                            - 0x000010    0x10

"P1", part 1 of 2:                        0x14
  P1 s0                       0x000010    0x14  <Init block>
    .tiny.data       inited   0x000010     0x2  blocker_services.o [1]
    .tiny.data       inited   0x000012     0x2  blocker_services.o [1]
    .tiny.data       inited   0x000014     0x2  blocker_services.o [1]
    .tiny.data       inited   0x000016     0x2  blocker_services.o [1]
    .tiny.data       inited   0x000018     0x2  blocker_services.o [1]
    .tiny.data       inited   0x00001a     0x2  blocker_services.o [1]
    .tiny.data       inited   0x00001c     0x2  blocker_services.o [1]
    .tiny.data       inited   0x00001e     0x2  blocker_services.o [1]
    .tiny.data       inited   0x000020     0x2  blocker_services.o [1]
    .tiny.data       inited   0x000022     0x2  i2c_ee.o [1]
                            - 0x000024    0x14

"P1", part 2 of 2:                        0x19
  .tiny.bss          zero     0x000024     0x4  blocker_services.o [1]
  .tiny.bss          zero     0x000028     0x4  blocker_services.o [1]
  .tiny.bss          zero     0x00002c     0x4  blocker_services.o [1]
  .tiny.bss          zero     0x000030     0x2  blocker_services.o [1]
  .tiny.bss          zero     0x000032     0x2  blocker_services.o [1]
  .tiny.bss          zero     0x000034     0x2  blocker_services.o [1]
  .tiny.bss          zero     0x000036     0x2  i2c_ee.o [1]
  .tiny.bss          zero     0x000038     0x1  blocker_services.o [1]
  .tiny.bss          zero     0x000039     0x1  blocker_services.o [1]
  .tiny.bss          zero     0x00003a     0x1  blocker_services.o [1]
  .tiny.bss          zero     0x00003b     0x1  blocker_services.o [1]
  .tiny.bss          zero     0x00003c     0x1  i2c_ee.o [1]
                            - 0x00003d    0x19

"A2":                                    0x300
  CSTACK                      0x000100   0x300  <Block>
    CSTACK           uninit   0x000100   0x300  <Block tail>
                            - 0x000400   0x300

"A3":                                     0x80
  INTVEC                      0x008000    0x80  <Block>
    .intvec          const    0x008000    0x80  interrupt.o [4]
                            - 0x008080    0x80

"P3":                                   0x1984
  .near_func.text    ro code  0x008080   0x9e0  blocker_services.o [1]
  .near_func.text    ro code  0x008a60   0x119  stm8l15x_i2c.o [1]
  .near_func.text    ro code  0x008b79   0x10f  long.o [4]
  .near_func.text    ro code  0x008c88   0x101  i2c_ee.o [1]
  .near_func.text    ro code  0x008d89    0xeb  vreg_util.o [4]
  .near_func.text    ro code  0x008e74    0xb7  i2c_ee.o [1]
  .near_func.text    ro code  0x008f2b    0xa1  stm8l15x_exti.o [1]
  .near_func.text    ro code  0x008fcc    0x7f  stm8l15x_rtc.o [1]
  .near_func.text    ro code  0x00904b    0x69  stm8l15x_rtc.o [1]
  .near_func.text    ro code  0x0090b4    0x67  stm8l15x_gpio.o [1]
  .near_func.text    ro code  0x00911b    0x5b  stm8l15x_clk.o [1]
  .near_func.text    ro code  0x009176    0x54  stm8l15x_i2c.o [1]
  .near_func.text    ro code  0x0091ca    0x53  blocker_services.o [1]
  .near_func.text    ro code  0x00921d    0x4c  stm8l15x_exti.o [1]
  .near_func.text    ro code  0x009269    0x42  stm8l15x_rtc.o [1]
  .near_func.text    ro code  0x0092ab    0x42  stm8l15x_rtc.o [1]
  .near_func.text    ro code  0x0092ed    0x41  stm8l15x_clk.o [1]
  .near_func.text    ro code  0x00932e    0x40  stm8l15x_i2c.o [1]
  .near_func.text    ro code  0x00936e    0x3f  short.o [4]
  .near_func.text    ro code  0x0093ad    0x3e  stm8l15x_rtc.o [1]
  .near_func.text    ro code  0x0093eb    0x3b  blocker_services.o [1]
  .near_func.text    ro code  0x009426    0x3a  stm8l15x_clk.o [1]
  .near_func.text    ro code  0x009460    0x34  blocker_services.o [1]
  .near_func.text    ro code  0x009494    0x34  stm8l15x_i2c.o [1]
  .near_func.text    ro code  0x0094c8    0x33  i2c_ee.o [1]
  .near_func.text    ro code  0x0094fb    0x31  main.o [1]
  .near_func.text    ro code  0x00952c    0x31  stm8l15x_exti.o [1]
  .near_func.text    ro code  0x00955d    0x31  stm8l15x_exti.o [1]
  .near_func.text    ro code  0x00958e    0x28  init_small.o [4]
  .near_func.text    ro code  0x0095b6    0x25  stm8l15x_rtc.o [1]
  .near_func.text    ro code  0x0095db    0x1d  i2c_ee.o [1]
  .iar.init_table    const    0x0095f8    0x12  - Linker created -
  .near_func.text    ro code  0x00960a    0x20  stm8l15x_rtc.o [1]
  .near_func.text    ro code  0x00962a    0x1f  dc_util.o [4]
  .near_func.text    ro code  0x009649    0x1e  init_small.o [4]
  .near_func.text    ro code  0x009667    0x1d  i2c_ee.o [1]
  .near_func.text    ro code  0x009684    0x1d  stm8l15x_rtc.o [1]
  .near_func.text    ro code  0x0096a1    0x1b  stm8l15x_pwr.o [1]
  .near_func.text    ro code  0x0096bc    0x19  stm8l15x_it.o [1]
  .near_func.text    ro code  0x0096d5    0x19  stm8l15x_it.o [1]
  .near_func.text    ro code  0x0096ee    0x18  stm8l15x_pwr.o [1]
  .near_func.text    ro code  0x009706    0x17  stm8l15x_rtc.o [1]
  .near_func.text    ro code  0x00971d    0x17  init.o [4]
  .near_func.text    ro code  0x009734    0x16  stm8l15x_it.o [1]
  .near_func.text    ro code  0x00974a    0x14  i2c_ee.o [1]
  .near_func.text    ro code  0x00975e    0x13  cstartup.o [4]
  .near_func.text    ro code  0x009771    0x11  stm8l15x_rtc.o [1]
  .near_func.text    ro code  0x009782    0x10  i2c_ee.o [1]
  .near_func.text    ro code  0x009792    0x10  i2c_ee.o [1]
  .near_func.text    ro code  0x0097a2    0x10  stm8l15x_rtc.o [1]
  .near_func.text    ro code  0x0097b2     0xf  stm8l15x_i2c.o [1]
  .near_func.text    ro code  0x0097c1     0xe  i2c_ee.o [1]
  .near_func.text    ro code  0x0097cf     0xe  i2c_ee.o [1]
  .near_func.text    ro code  0x0097dd     0xe  stm8l15x_i2c.o [1]
  .near_func.text    ro code  0x0097eb     0xe  stm8l15x_i2c.o [1]
  .near_func.text    ro code  0x0097f9     0xe  stm8l15x_i2c.o [1]
  .near_func.text    ro code  0x009807     0xd  i2c_ee.o [1]
  .near_func.text    ro code  0x009814     0xd  stm8l15x_clk.o [1]
  .near_func.text    ro code  0x009821     0xd  stm8l15x_exti.o [1]
  .near_func.text    ro code  0x00982e     0xd  stm8l15x_i2c.o [1]
  .near_func.text    ro code  0x00983b     0xd  move.o [4]
  .near_func.text    ro code  0x009848     0xc  i2c_ee.o [1]
  .near_func.text    ro code  0x009854     0xc  stm8l15x_exti.o [1]
  .near_func.text    ro code  0x009860     0xc  stm8l15x_i2c.o [1]
  .near_func.text    ro code  0x00986c     0xc  char.o [4]
  .near_func.text    ro code  0x009878     0xc  long_util.o [4]
  .near_func.text    ro code  0x009884     0xb  i2c_ee.o [1]
  .near_func.text    ro code  0x00988f     0xb  i2c_ee.o [1]
  .near_func.text    ro code  0x00989a     0xb  i2c_ee.o [1]
  .near_func.text    ro code  0x0098a5     0xb  stm8l15x_rtc.o [1]
  .near_func.text    ro code  0x0098b0     0xb  stm8l15x_rtc.o [1]
  .near_func.text    ro code  0x0098bb     0xa  stm8l15x_clk.o [1]
  .near_func.text    ro code  0x0098c5     0xa  stm8l15x_rtc.o [1]
  .near_func.text    ro code  0x0098cf     0xa  stm8l15x_rtc.o [1]
  .near_func.text    ro code  0x0098d9     0x9  blocker_services.o [1]
  .near_func.text    ro code  0x0098e2     0x9  i2c_ee.o [1]
  .near_func.text    ro code  0x0098eb     0x9  i2c_ee.o [1]
  .near_func.text    ro code  0x0098f4     0x9  stm8l15x_i2c.o [1]
  .near_func.text    ro code  0x0098fd     0x9  stm8l15x_rtc.o [1]
  .near_func.text    ro code  0x009906     0x9  stm8l15x_rtc.o [1]
  .near.rodata       const    0x00990f     0x8  blocker_services.o [1]
  .near.rodata       const    0x009917     0x8  blocker_services.o [1]
  .near_func.text    ro code  0x00991f     0x8  blocker_services.o [1]
  .near_func.text    ro code  0x009927     0x8  i2c_ee.o [1]
  .near_func.text    ro code  0x00992f     0x8  stm8l15x_rtc.o [1]
  .near_func.text    ro code  0x009937     0x7  blocker_services.o [1]
  .near_func.text    ro code  0x00993e     0x7  blocker_services.o [1]
  .near_func.text    ro code  0x009945     0x7  stm8l15x_it.o [1]
  .near_func.text    ro code  0x00994c     0x6  i2c_ee.o [1]
  .near_func.text    ro code  0x009952     0x6  i2c_ee.o [1]
  .near_func.text    ro code  0x009958     0x6  i2c_ee.o [1]
  .near_func.text    ro code  0x00995e     0x6  stm8l15x_i2c.o [1]
  .near.rodata       const    0x009964     0x5  stm8l15x_clk.o [1]
  .near_func.text    ro code  0x009969     0x5  blocker_services.o [1]
  .near_func.text    ro code  0x00996e     0x5  i2c_ee.o [1]
  .near_func.text    ro code  0x009973     0x5  stm8l15x_i2c.o [1]
  .near_func.text    ro code  0x009978     0x5  stm8l15x_i2c.o [1]
  .near_func.text    ro code  0x00997d     0x5  stm8l15x_i2c.o [1]
  .near_func.text    ro code  0x009982     0x5  stm8l15x_pwr.o [1]
  .near_func.text    ro code  0x009987     0x5  stm8l15x_rtc.o [1]
  .near_func.text    ro code  0x00998c     0x5  cexit.o [4]
  .near.rodata       const    0x009991     0x4  blocker_services.o [1]
  .near.rodata       const    0x009995     0x4  blocker_services.o [1]
  .near_func.text    ro code  0x009999     0x4  i2c_ee.o [1]
  .near_func.text    ro code  0x00999d     0x4  stm8l15x_clk.o [1]
  .near_func.text    ro code  0x0099a1     0x4  stm8l15x_clk.o [1]
  .near_func.text    ro code  0x0099a5     0x4  stm8l15x_clk.o [1]
  .near_func.text    ro code  0x0099a9     0x4  stm8l15x_gpio.o [1]
  .near_func.text    ro code  0x0099ad     0x4  stm8l15x_i2c.o [1]
  .near_func.text    ro code  0x0099b1     0x4  stm8l15x_rtc.o [1]
  .near.rodata       const    0x0099b5     0x3  blocker_services.o [1]
  .near.rodata       const    0x0099b8     0x3  blocker_services.o [1]
  .near_func.text    ro code  0x0099bb     0x3  stm8l15x_gpio.o [1]
  .near_func.text    ro code  0x0099be     0x3  stm8l15x_gpio.o [1]
  .near_func.text    ro code  0x0099c1     0x3  interrupt.o [4]
  .near_func.text    ro code  0x0099c4     0x3  low_level_init.o [4]
  .near_func.text    ro code  0x0099c7     0x3  exit.o [4]
  .near_func.text    ro code  0x0099ca     0x3  unhandled_exception.o [4]
  .near.rodata       const    0x0099cd     0x2  blocker_services.o [1]
  .near.rodata       const    0x0099cf     0x2  blocker_services.o [1]
  .near.rodata       const    0x0099d1     0x2  blocker_services.o [1]
  .near_func.text    ro code  0x0099d3     0x2  xxexit.o [3]
  .near_func.text    ro code  0x0099d5     0x1  stm8l15x_it.o [1]
  .near_func.text    ro code  0x0099d6     0x1  stm8l15x_it.o [1]
  .near_func.text    ro code  0x0099d7     0x1  stm8l15x_it.o [1]
  .near_func.text    ro code  0x0099d8     0x1  stm8l15x_it.o [1]
  .near_func.text    ro code  0x0099d9     0x1  stm8l15x_it.o [1]
  .near_func.text    ro code  0x0099da     0x1  stm8l15x_it.o [1]
  .near_func.text    ro code  0x0099db     0x1  stm8l15x_it.o [1]
  .near_func.text    ro code  0x0099dc     0x1  stm8l15x_it.o [1]
  .near_func.text    ro code  0x0099dd     0x1  stm8l15x_it.o [1]
  .near_func.text    ro code  0x0099de     0x1  stm8l15x_it.o [1]
  .near_func.text    ro code  0x0099df     0x1  stm8l15x_it.o [1]
  .near_func.text    ro code  0x0099e0     0x1  stm8l15x_it.o [1]
  .near_func.text    ro code  0x0099e1     0x1  stm8l15x_it.o [1]
  .near_func.text    ro code  0x0099e2     0x1  stm8l15x_it.o [1]
  .near_func.text    ro code  0x0099e3     0x1  stm8l15x_it.o [1]
  .near_func.text    ro code  0x0099e4     0x1  stm8l15x_it.o [1]
  .near_func.text    ro code  0x0099e5     0x1  stm8l15x_it.o [1]
  .near_func.text    ro code  0x0099e6     0x1  stm8l15x_it.o [1]
  .near_func.text    ro code  0x0099e7     0x1  stm8l15x_it.o [1]
  .near_func.text    ro code  0x0099e8     0x1  stm8l15x_it.o [1]
  .near_func.text    ro code  0x0099e9     0x1  stm8l15x_it.o [1]
  .near_func.text    ro code  0x0099ea     0x1  stm8l15x_it.o [1]
  .near_func.text    ro code  0x0099eb     0x1  stm8l15x_it.o [1]
  .near_func.text    ro code  0x0099ec     0x1  stm8l15x_it.o [1]
  .near_func.text    ro code  0x0099ed     0x1  stm8l15x_it.o [1]
  .near_func.text    ro code  0x0099ee     0x1  stm8l15x_it.o [1]
  .near_func.text    ro code  0x0099ef     0x1  stm8l15x_it.o [1]
  Initializer bytes  ro data  0x0099f0    0x14  <for P1 s0>
                            - 0x009a04  0x1984


*******************************************************************************
*** INIT TABLE
***

          Address   Size
          -------   ----
Zero (__iar_zero_init2)
    1 destination range, total size 0x19:
          0x000024  0x19

Copy (__iar_copy_init2)
    1 source range, total size 0x14:
          0x0099f0  0x14
    1 destination range, total size 0x14:
          0x000010  0x14


*******************************************************************************
*** MODULE SUMMARY
***

    Module                 ro code  ro data  rw data
    ------                 -------  -------  -------
C:\ActiveWave\Seal tag design\Software\Release_240_HSI\BLocker\IAR\Test_Release\Obj: [1]
    blocker_services.o       2 758       54       40
    i2c_ee.o                   740        2        5
    main.o                      49
    stm8l15x_clk.o             249        5
    stm8l15x_exti.o            360
    stm8l15x_gpio.o            113
    stm8l15x_i2c.o             597
    stm8l15x_it.o              106
    stm8l15x_pwr.o              56
    stm8l15x_rtc.o             657
    ------------------------------------------------
    Total:                   5 685       61       45

command line: [2]
    ------------------------------------------------
    Total:

dbgstm8ssn.a: [3]
    xxexit.o                     2
    ------------------------------------------------
    Total:                       2

dlstm8ssn.a: [4]
    cexit.o                      5
    char.o                      12
    cstartup.o                  19
    dc_util.o                   31
    exit.o                       3
    init.o                      23
    init_small.o                70
    interrupt.o                  3      128
    long.o                     271
    long_util.o                 12
    low_level_init.o             3
    move.o                      13
    short.o                     63
    unhandled_exception.o        3
    vreg_util.o                235
    vregs.o                                       16
    ------------------------------------------------
    Total:                     766      128       16

    Linker created                       18      768
----------------------------------------------------
    Grand Total:             6 453      207      829


*******************************************************************************
*** ENTRY LIST
***

Entry                    Address   Size  Type      Object
-----                    -------   ----  ----      ------
?b0                     0x000000         Data  Gb  vregs.o [4]
?b1                     0x000001         Data  Gb  vregs.o [4]
?b10                    0x00000a         Data  Gb  vregs.o [4]
?b11                    0x00000b         Data  Gb  vregs.o [4]
?b12                    0x00000c         Data  Gb  vregs.o [4]
?b13                    0x00000d         Data  Gb  vregs.o [4]
?b14                    0x00000e         Data  Gb  vregs.o [4]
?b15                    0x00000f         Data  Gb  vregs.o [4]
?b2                     0x000002         Data  Gb  vregs.o [4]
?b3                     0x000003         Data  Gb  vregs.o [4]
?b4                     0x000004         Data  Gb  vregs.o [4]
?b5                     0x000005         Data  Gb  vregs.o [4]
?b6                     0x000006         Data  Gb  vregs.o [4]
?b7                     0x000007         Data  Gb  vregs.o [4]
?b8                     0x000008         Data  Gb  vregs.o [4]
?b9                     0x000009         Data  Gb  vregs.o [4]
?dc32_l1                0x009631         Code  Gb  dc_util.o [4]
?dc32_px                0x00963e         Code  Gb  dc_util.o [4]
?dc8_px                 0x00962a         Code  Gb  dc_util.o [4]
?e0                     0x000001         Data  Gb  vregs.o [4]
?e1                     0x000005         Data  Gb  vregs.o [4]
?e2                     0x000009         Data  Gb  vregs.o [4]
?e3                     0x00000d         Data  Gb  vregs.o [4]
?epilogue_l2            0x008e24         Code  Gb  vreg_util.o [4]
?epilogue_l2_l3         0x008e21         Code  Gb  vreg_util.o [4]
?epilogue_l2_w6         0x008e28         Code  Gb  vreg_util.o [4]
?epilogue_w4            0x008e2f         Code  Gb  vreg_util.o [4]
?l0                     0x000000         Data  Gb  vregs.o [4]
?l1                     0x000004         Data  Gb  vregs.o [4]
?l2                     0x000008         Data  Gb  vregs.o [4]
?l3                     0x00000c         Data  Gb  vregs.o [4]
?load32_l1_0x           0x009878         Code  Gb  long_util.o [4]
?mov_e0_e2              0x008e36         Code  Gb  vreg_util.o [4]
?mov_e0_e3              0x008e43         Code  Gb  vreg_util.o [4]
?mov_e1_e0              0x008e50         Code  Gb  vreg_util.o [4]
?mov_e2_e0              0x008e5d         Code  Gb  vreg_util.o [4]
?mov_e3_e0              0x008e6a         Code  Gb  vreg_util.o [4]
?mov_l0_l2              0x008e33         Code  Gb  vreg_util.o [4]
?mov_l0_l3              0x008e40         Code  Gb  vreg_util.o [4]
?mov_l1_l0              0x008e4d         Code  Gb  vreg_util.o [4]
?mov_l2_l0              0x008e5a         Code  Gb  vreg_util.o [4]
?mov_l3_l0              0x008e67         Code  Gb  vreg_util.o [4]
?mov_w1_w5              0x008e39         Code  Gb  vreg_util.o [4]
?mov_w1_w7              0x008e46         Code  Gb  vreg_util.o [4]
?mov_w3_w1              0x008e53         Code  Gb  vreg_util.o [4]
?mov_w5_w1              0x008e60         Code  Gb  vreg_util.o [4]
?mov_w7_w1              0x008e6d         Code  Gb  vreg_util.o [4]
?move1616_v_x_y_a       0x00983b         Code  Gb  move.o [4]
?mul16_x_x_w0           0x00936e         Code  Gb  short.o [4]
?mul32_l0_l0_0x         0x008b7c         Code  Gb  long.o [4]
?mul32_l0_l0_dl         0x008b79         Code  Gb  long.o [4]
?mul32_l0_l0_l1         0x008b85         Code  Gb  long.o [4]
?pop_l0                 0x008ded         Code  Gb  vreg_util.o [4]
?pop_l1                 0x008df8         Code  Gb  vreg_util.o [4]
?pop_l2                 0x008e03         Code  Gb  vreg_util.o [4]
?pop_l3                 0x008e0e         Code  Gb  vreg_util.o [4]
?pop_w4                 0x008da6         Code  Gb  vreg_util.o [4]
?pop_w6                 0x008dad         Code  Gb  vreg_util.o [4]
?push_l0                0x008dbc         Code  Gb  vreg_util.o [4]
?push_l1                0x008dc1         Code  Gb  vreg_util.o [4]
?push_l2                0x008dc6         Code  Gb  vreg_util.o [4]
?push_l3                0x008dcb         Code  Gb  vreg_util.o [4]
?push_w4                0x008d89         Code  Gb  vreg_util.o [4]
?push_w6                0x008d8e         Code  Gb  vreg_util.o [4]
?sdiv16_x_x_y           0x00938c         Code  Gb  short.o [4]
?sll16_x_x_a            0x0093a5         Code  Gb  short.o [4]
?sll32_0x_0x_a          0x008c7a         Code  Gb  long.o [4]
?sll32_l0_l0_a          0x008c77         Code  Gb  long.o [4]
?sll32_l0_l0_db         0x008c73         Code  Gb  long.o [4]
?sll8_a_a_5             0x00986d         Code  Gb  char.o [4]
?sll8_a_a_6             0x00986c         Code  Gb  char.o [4]
?srl8_a_a_5             0x009873         Code  Gb  char.o [4]
?srl8_a_a_6             0x009872         Code  Gb  char.o [4]
?udiv32_l0_l0_dl        0x008c03         Code  Gb  long.o [4]
?udiv32_l0_l0_l1        0x008c06         Code  Gb  long.o [4]
?umod32_l1_l0_l1        0x008c06         Code  Gb  long.o [4]
?w0                     0x000000         Data  Gb  vregs.o [4]
?w1                     0x000002         Data  Gb  vregs.o [4]
?w2                     0x000004         Data  Gb  vregs.o [4]
?w3                     0x000006         Data  Gb  vregs.o [4]
?w4                     0x000008         Data  Gb  vregs.o [4]
?w5                     0x00000a         Data  Gb  vregs.o [4]
?w6                     0x00000c         Data  Gb  vregs.o [4]
?w7                     0x00000e         Data  Gb  vregs.o [4]
ADC1_COMP_IRQHandler    0x0099e4    0x1  Code  Gb  stm8l15x_it.o [1]
Bcd2ToByte              0x009706   0x17  Code  Lc  stm8l15x_rtc.o [1]
ByteToBcd2              0x009684   0x1d  Code  Lc  stm8l15x_rtc.o [1]
CLK_DeInit              0x0092ed   0x41  Code  Gb  stm8l15x_clk.o [1]
CLK_GetClockFreq        0x009426   0x3a  Code  Gb  stm8l15x_clk.o [1]
CLK_GetSYSCLKSource     0x0099a1    0x4  Code  Gb  stm8l15x_clk.o [1]
CLK_PeripheralClockConfig
                        0x00911b   0x5b  Code  Gb  stm8l15x_clk.o [1]
CLK_RTCClockConfig      0x0098bb    0xa  Code  Gb  stm8l15x_clk.o [1]
CLK_SYSCLKDivConfig     0x0099a5    0x4  Code  Gb  stm8l15x_clk.o [1]
CLK_SYSCLKSourceConfig  0x00999d    0x4  Code  Gb  stm8l15x_clk.o [1]
CLK_SYSCLKSourceSwitchCmd
                        0x009814    0xd  Code  Gb  stm8l15x_clk.o [1]
CSTACK$$Base            0x000100          --   Gb  - Linker created -
CSTACK$$Limit           0x000400          --   Gb  - Linker created -
DMA1_CHANNEL0_1_IRQHandler
                        0x0099d7    0x1  Code  Gb  stm8l15x_it.o [1]
DMA1_CHANNEL2_3_IRQHandler
                        0x0099d8    0x1  Code  Gb  stm8l15x_it.o [1]
EXTI0_IRQHandler        0x0099db    0x1  Code  Gb  stm8l15x_it.o [1]
EXTI1_IRQHandler        0x0099dc    0x1  Code  Gb  stm8l15x_it.o [1]
EXTI2_IRQHandler        0x0099dd    0x1  Code  Gb  stm8l15x_it.o [1]
EXTI3_IRQHandler        0x0096d5   0x19  Code  Gb  stm8l15x_it.o [1]
EXTI4_IRQHandler        0x0099de    0x1  Code  Gb  stm8l15x_it.o [1]
EXTI5_IRQHandler        0x0099df    0x1  Code  Gb  stm8l15x_it.o [1]
EXTI6_IRQHandler        0x0099e0    0x1  Code  Gb  stm8l15x_it.o [1]
EXTI7_IRQHandler        0x0099e1    0x1  Code  Gb  stm8l15x_it.o [1]
EXTIB_G_IRQHandler      0x0099da    0x1  Code  Gb  stm8l15x_it.o [1]
EXTID_H_IRQHandler      0x0096bc   0x19  Code  Gb  stm8l15x_it.o [1]
EXTIE_F_PVD_IRQHandler  0x009734   0x16  Code  Gb  stm8l15x_it.o [1]
EXTI_ClearITPendingBit  0x009821    0xd  Code  Gb  stm8l15x_exti.o [1]
EXTI_SelectPort         0x00952c   0x31  Code  Gb  stm8l15x_exti.o [1]
EXTI_SetHalfPortSelection
                        0x00955d   0x31  Code  Gb  stm8l15x_exti.o [1]
EXTI_SetPinSensitivity  0x008f2b   0xa1  Code  Gb  stm8l15x_exti.o [1]
EXTI_SetPortSensitivity
                        0x00921d   0x4c  Code  Gb  stm8l15x_exti.o [1]
FLASH_IRQHandler        0x0099d6    0x1  Code  Gb  stm8l15x_it.o [1]
GPIO_Init               0x0090b4   0x67  Code  Gb  stm8l15x_gpio.o [1]
GPIO_ReadInputDataBit   0x0099be    0x3  Code  Gb  stm8l15x_gpio.o [1]
GPIO_ResetBits          0x0099a9    0x4  Code  Gb  stm8l15x_gpio.o [1]
GPIO_SetBits            0x0099bb    0x3  Code  Gb  stm8l15x_gpio.o [1]
I2C1_SPI2_IRQHandler    0x0099ef    0x1  Code  Gb  stm8l15x_it.o [1]
I2C_AckPositionConfig   0x0099ad    0x4  Code  Gb  stm8l15x_i2c.o [1]
I2C_AcknowledgeConfig   0x0097f9    0xe  Code  Gb  stm8l15x_i2c.o [1]
I2C_CheckEvent          0x009176   0x54  Code  Gb  stm8l15x_i2c.o [1]
I2C_Cmd                 0x00982e    0xd  Code  Gb  stm8l15x_i2c.o [1]
I2C_DeInit              0x00932e   0x40  Code  Gb  stm8l15x_i2c.o [1]
I2C_GenerateSTART       0x0097dd    0xe  Code  Gb  stm8l15x_i2c.o [1]
I2C_GenerateSTOP        0x0097eb    0xe  Code  Gb  stm8l15x_i2c.o [1]
I2C_GetFlagStatus       0x009494   0x34  Code  Gb  stm8l15x_i2c.o [1]
I2C_Init                0x008a60  0x119  Code  Gb  stm8l15x_i2c.o [1]
I2C_ReceiveData         0x00997d    0x5  Code  Gb  stm8l15x_i2c.o [1]
I2C_Send7bitAddress     0x0097b2    0xf  Code  Gb  stm8l15x_i2c.o [1]
I2C_SendData            0x009978    0x5  Code  Gb  stm8l15x_i2c.o [1]
INTVEC$$Base            0x008000          --   Gb  - Linker created -
INTVEC$$Limit           0x008080          --   Gb  - Linker created -
LCD_AES_IRQHandler      0x0099e2    0x1  Code  Gb  stm8l15x_it.o [1]
PWR_GetFlagStatus       0x0096ee   0x18  Code  Gb  stm8l15x_pwr.o [1]
PWR_PVDClearITPendingBit
                        0x009982    0x5  Code  Gb  stm8l15x_pwr.o [1]
PWR_PVDGetITStatus      0x0096a1   0x1b  Code  Gb  stm8l15x_pwr.o [1]
RTC_CSSLSE_IRQHandler   0x0099d9    0x1  Code  Gb  stm8l15x_it.o [1]
RTC_DateStructInit      0x0097a2   0x10  Code  Gb  stm8l15x_rtc.o [1]
RTC_EnterInitMode       0x00960a   0x20  Code  Gb  stm8l15x_rtc.o [1]
RTC_GetDate             0x0092ab   0x42  Code  Gb  stm8l15x_rtc.o [1]
RTC_GetTime             0x009269   0x42  Code  Gb  stm8l15x_rtc.o [1]
RTC_Init                0x0093ad   0x3e  Code  Gb  stm8l15x_rtc.o [1]
RTC_SetDate             0x008fcc   0x7f  Code  Gb  stm8l15x_rtc.o [1]
RTC_SetTime             0x00904b   0x69  Code  Gb  stm8l15x_rtc.o [1]
RTC_TimeStructInit      0x00992f    0x8  Code  Gb  stm8l15x_rtc.o [1]
RTC_WaitForSynchro      0x0095b6   0x25  Code  Gb  stm8l15x_rtc.o [1]
Region$$Table$$Base     0x0095f8          --   Gb  - Linker created -
Region$$Table$$Limit    0x00960a          --   Gb  - Linker created -
SPI1_IRQHandler         0x0099ec    0x1  Code  Gb  stm8l15x_it.o [1]
SWITCH_CSS_BREAK_DAC_IRQHandler
                        0x0099e3    0x1  Code  Gb  stm8l15x_it.o [1]
SYSDivFactor            0x009964    0x5  Data  Gb  stm8l15x_clk.o [1]
TIM1_CC_IRQHandler      0x0099ea    0x1  Code  Gb  stm8l15x_it.o [1]
TIM1_UPD_OVF_TRG_COM_IRQHandler
                        0x0099e9    0x1  Code  Gb  stm8l15x_it.o [1]
TIM2_CC_USART2_RX_IRQHandler
                        0x0099e6    0x1  Code  Gb  stm8l15x_it.o [1]
TIM2_UPD_OVF_TRG_BRK_USART2_TX_IRQHandler
                        0x0099e5    0x1  Code  Gb  stm8l15x_it.o [1]
TIM3_CC_USART3_RX_IRQHandler
                        0x0099e8    0x1  Code  Gb  stm8l15x_it.o [1]
TIM3_UPD_OVF_TRG_BRK_USART3_TX_IRQHandler
                        0x0099e7    0x1  Code  Gb  stm8l15x_it.o [1]
TIM4_UPD_OVF_TRG_IRQHandler
                        0x0099eb    0x1  Code  Gb  stm8l15x_it.o [1]
TRAP_IRQHandler         0x0099d5    0x1  Code  Gb  stm8l15x_it.o [1]
USART1_RX_TIM5_CC_IRQHandler
                        0x0099ee    0x1  Code  Gb  stm8l15x_it.o [1]
USART1_TX_TIM5_UPD_OVF_TRG_BRK_IRQHandler
                        0x0099ed    0x1  Code  Gb  stm8l15x_it.o [1]
__exit                  0x0099d3    0x2  Code  Gb  xxexit.o [3]
__iar_copy_init2        0x00958e         Code  Gb  init_small.o [4]
__iar_data_init2        0x00971d   0x17  Code  Gb  init.o [4]
__iar_program_start     0x00975e         Code  Gb  cstartup.o [4]
__iar_unhandled_exception
                        0x0099ca         Code  Gb  unhandled_exception.o [4]
__iar_zero_init2        0x009649         Code  Gb  init_small.o [4]
__intvec                0x008000         Data  Gb  interrupt.o [4]
__low_level_init        0x0099c4    0x3  Code  Gb  low_level_init.o [4]
_exit                   0x00998c         Code  Gb  cexit.o [4]
_interrupt_1            0x0099d5         Code  Gb  stm8l15x_it.o [1]
_interrupt_10           0x0099db         Code  Gb  stm8l15x_it.o [1]
_interrupt_11           0x0099dc         Code  Gb  stm8l15x_it.o [1]
_interrupt_12           0x0099dd         Code  Gb  stm8l15x_it.o [1]
_interrupt_13           0x0096d5         Code  Gb  stm8l15x_it.o [1]
_interrupt_14           0x0099de         Code  Gb  stm8l15x_it.o [1]
_interrupt_15           0x0099df         Code  Gb  stm8l15x_it.o [1]
_interrupt_16           0x0099e0         Code  Gb  stm8l15x_it.o [1]
_interrupt_17           0x0099e1         Code  Gb  stm8l15x_it.o [1]
_interrupt_18           0x0099e2         Code  Gb  stm8l15x_it.o [1]
_interrupt_19           0x0099e3         Code  Gb  stm8l15x_it.o [1]
_interrupt_2            0x0099c1         Code  Wk  interrupt.o [4]
_interrupt_20           0x0099e4         Code  Gb  stm8l15x_it.o [1]
_interrupt_21           0x0099e5         Code  Gb  stm8l15x_it.o [1]
_interrupt_22           0x0099e6         Code  Gb  stm8l15x_it.o [1]
_interrupt_23           0x0099e7         Code  Gb  stm8l15x_it.o [1]
_interrupt_24           0x0099e8         Code  Gb  stm8l15x_it.o [1]
_interrupt_25           0x0099e9         Code  Gb  stm8l15x_it.o [1]
_interrupt_26           0x0099ea         Code  Gb  stm8l15x_it.o [1]
_interrupt_27           0x0099eb         Code  Gb  stm8l15x_it.o [1]
_interrupt_28           0x0099ec         Code  Gb  stm8l15x_it.o [1]
_interrupt_29           0x0099ed         Code  Gb  stm8l15x_it.o [1]
_interrupt_3            0x0099d6         Code  Gb  stm8l15x_it.o [1]
_interrupt_30           0x0099ee         Code  Gb  stm8l15x_it.o [1]
_interrupt_31           0x0099ef         Code  Gb  stm8l15x_it.o [1]
_interrupt_4            0x0099d7         Code  Gb  stm8l15x_it.o [1]
_interrupt_5            0x0099d8         Code  Gb  stm8l15x_it.o [1]
_interrupt_6            0x0099d9         Code  Gb  stm8l15x_it.o [1]
_interrupt_7            0x009734         Code  Gb  stm8l15x_it.o [1]
_interrupt_8            0x0099da         Code  Gb  stm8l15x_it.o [1]
_interrupt_9            0x0096bc         Code  Gb  stm8l15x_it.o [1]
batteryVoltageAddress   0x000014    0x2  Data  Gb  blocker_services.o [1]
batteryVoltageIRQHandler
                        0x008a35   0x2b  Code  Gb  blocker_services.o [1]
clockGpioConfig         0x008222   0x75  Code  Gb  blocker_services.o [1]
commandAddress          0x000030    0x2  Data  Gb  blocker_services.o [1]
commandFactoryDataReset
                        0x0087d2   0x17  Code  Gb  blocker_services.o [1]
commandFlushHistory     0x008800   0x38  Code  Gb  blocker_services.o [1]
commandHandler          0x0088f7   0xd8  Code  Gb  blocker_services.o [1]
commandReadBatteryVoltage
                        0x0087e9   0x17  Code  Gb  blocker_services.o [1]
commandReadHistory      0x008840    0xc  Code  Gb  blocker_services.o [1]
commandReadRTC          0x0088d6   0x21  Code  Gb  blocker_services.o [1]
commandStartTimers      0x008876   0x60  Code  Gb  blocker_services.o [1]
commandStatusAddress    0x000010    0x2  Data  Gb  blocker_services.o [1]
commandStopTimers       0x00884c   0x25  Code  Gb  blocker_services.o [1]
configureRTC            0x00876f   0x63  Code  Gb  blocker_services.o [1]
cpt                     0x000036    0x2  Data  Gb  i2c_ee.o [1]
date                    0x00002c    0x4  Data  Gb  blocker_services.o [1]
delay                   0x008080    0xf  Code  Gb  blocker_services.o [1]
disableEHMode           0x0082cf   0x29  Code  Gb  blocker_services.o [1]
empIdAddress            0x00001e    0x2  Data  Gb  blocker_services.o [1]
exit                    0x0099c7    0x3  Code  Gb  exit.o [4]
f                       0x00003c    0x1  Data  Gb  i2c_ee.o [1]
flushHistory            0x0085e0   0x6c  Code  Gb  blocker_services.o [1]
getArrayFromInt16       0x00829d    0xd  Code  Gb  blocker_services.o [1]
getInt16                0x0082aa   0x16  Code  Gb  blocker_services.o [1]
getTimeTest             0x0080a4   0x14  Code  Gb  blocker_services.o [1]
histPacket              0x000032    0x2  Data  Gb  blocker_services.o [1]
histPacketAddress       0x000016    0x2  Data  Gb  blocker_services.o [1]
histPacketNumber        0x000034    0x2  Data  Gb  blocker_services.o [1]
histPacketNumberAddress
                        0x000018    0x2  Data  Gb  blocker_services.o [1]
historyRead             0x000039    0x1  Data  Gb  blocker_services.o [1]
i2cInit                 0x0094c8   0x33  Code  Gb  i2c_ee.o [1]
i2cPowerOn              0x0082c5    0xa  Code  Gb  blocker_services.o [1]
i2cReadBuffer           0x0095db   0x1d  Code  Gb  i2c_ee.o [1]
i2cReadBufferWorker     0x008c88  0x101  Code  Gb  i2c_ee.o [1]
i2cTest                 0x008194   0x7f  Code  Gb  blocker_services.o [1]
i2cWriteBuffer          0x009667   0x1d  Code  Gb  i2c_ee.o [1]
i2cWriteBufferWorker    0x008e74   0xb7  Code  Gb  i2c_ee.o [1]
init                    0x000024    0x4  Data  Gb  blocker_services.o [1]
initBlockerEE           0x008400   0xeb  Code  Gb  blocker_services.o [1]
interruptStatusAddress  0x000012    0x2  Data  Gb  blocker_services.o [1]
lowVoltBatteryDetected  0x00003b    0x1  Data  Gb  blocker_services.o [1]
main                    0x0094fb   0x31  Code  Gb  main.o [1]
readCommand             0x00867d   0x14  Code  Gb  blocker_services.o [1]
readCommandStatus       0x008670    0x6  Code  Gb  blocker_services.o [1]
readDateEE              0x0093eb   0x3b  Code  Gb  blocker_services.o [1]
readEmployeeEE          0x00855c    0xc  Code  Gb  blocker_services.o [1]
readInterruptStatus     0x008663    0x6  Code  Gb  blocker_services.o [1]
readRTC                 0x0086a0   0x99  Code  Gb  blocker_services.o [1]
readTimeEE              0x009460   0x34  Code  Gb  blocker_services.o [1]
reservedTestAddress     0x000020    0x2  Data  Gb  blocker_services.o [1]
rfCommandIRQHandler     0x0089d7   0x4f  Code  Gb  blocker_services.o [1]
rtcConfigured           0x000038    0x1  Data  Gb  blocker_services.o [1]
rtcDateAddress          0x00001a    0x2  Data  Gb  blocker_services.o [1]
rtcTest                 0x0080cf   0xb7  Code  Gb  blocker_services.o [1]
rtcTimeAddress          0x00001c    0x2  Data  Gb  blocker_services.o [1]
setCommandStatus        0x00850f   0x33  Code  Gb  blocker_services.o [1]
setNextPacketHistory    0x00857f   0x52  Code  Gb  blocker_services.o [1]
setRuntime              0x0082f8   0x91  Code  Gb  blocker_services.o [1]
startTimers             0x0080b8   0x17  Code  Gb  blocker_services.o [1]
stopTimers              0x00808f   0x15  Code  Gb  blocker_services.o [1]
tamperIRQHandler        0x0091ca   0x53  Code  Gb  blocker_services.o [1]
testTamperSwitch        0x00003a    0x1  Data  Gb  blocker_services.o [1]
time                    0x000028    0x4  Data  Gb  blocker_services.o [1]
timeout                 0x000022    0x2  Data  Gb  i2c_ee.o [1]
updateBatteryVoltage    0x0083a2    0xe  Code  Gb  blocker_services.o [1]
updateCommandHistory    0x00856f   0x10  Code  Gb  blocker_services.o [1]
updateCommandStatusHistory
                        0x0084ff   0x10  Code  Gb  blocker_services.o [1]
updateEmployeeHistory   0x008542   0x1a  Code  Gb  blocker_services.o [1]
updateInterruptStatus   0x0083cd   0x2f  Code  Gb  blocker_services.o [1]
updateInterruptStatusHistory
                        0x0083b0   0x10  Code  Gb  blocker_services.o [1]


[1] = C:\ActiveWave\Seal tag design\Software\Release_240_HSI\BLocker\IAR\Test_Release\Obj
[2] = command line
[3] = dbgstm8ssn.a
[4] = dlstm8ssn.a

  6 453 bytes of readonly  code memory
    207 bytes of readonly  data memory
    829 bytes of readwrite data memory

Errors: none
Warnings: none
