###############################################################################
#                                                                             #
# IAR ELF Linker V1.30.1.50036 for STM8                 01/Dec/2012  17:34:07 #
# Copyright 2010-2011 IAR Systems AB.                                         #
#                                                                             #
#    Output file  =  C:\ActiveWave\Software\Seal tag\Seal Tag                 #
#                    FirmWare\release code\Release_400_LSE-BS\BLocker\IAR\Deb #
#                    ug\Exe\Blocker.out                                       #
#    Map file     =  C:\ActiveWave\Software\Seal tag\Seal Tag                 #
#                    FirmWare\release code\Release_400_LSE-BS\BLocker\IAR\Deb #
#                    ug\List\Blocker.map                                      #
#    Command line =  "C:\ActiveWave\Software\Seal tag\Seal Tag                #
#                    FirmWare\release code\Release_400_LSE-BS\BLocker\IAR\Deb #
#                    ug\Obj\band.o" "C:\ActiveWave\Software\Seal tag\Seal     #
#                    Tag FirmWare\release code\Release_400_LSE-BS\BLocker\IAR #
#                    \Debug\Obj\battery.o" "C:\ActiveWave\Software\Seal       #
#                    tag\Seal Tag FirmWare\release                            #
#                    code\Release_400_LSE-BS\BLocker\IAR\Debug\Obj\blocker_se #
#                    rvices.o" "C:\ActiveWave\Software\Seal tag\Seal Tag      #
#                    FirmWare\release code\Release_400_LSE-BS\BLocker\IAR\Deb #
#                    ug\Obj\clock.o" "C:\ActiveWave\Software\Seal tag\Seal    #
#                    Tag FirmWare\release code\Release_400_LSE-BS\BLocker\IAR #
#                    \Debug\Obj\i2c_ee.o" "C:\ActiveWave\Software\Seal        #
#                    tag\Seal Tag FirmWare\release                            #
#                    code\Release_400_LSE-BS\BLocker\IAR\Debug\Obj\led.o"     #
#                    "C:\ActiveWave\Software\Seal tag\Seal Tag                #
#                    FirmWare\release code\Release_400_LSE-BS\BLocker\IAR\Deb #
#                    ug\Obj\main.o" "C:\ActiveWave\Software\Seal tag\Seal     #
#                    Tag FirmWare\release code\Release_400_LSE-BS\BLocker\IAR #
#                    \Debug\Obj\platform.o" "C:\ActiveWave\Software\Seal      #
#                    tag\Seal Tag FirmWare\release                            #
#                    code\Release_400_LSE-BS\BLocker\IAR\Debug\Obj\rf.o"      #
#                    "C:\ActiveWave\Software\Seal tag\Seal Tag                #
#                    FirmWare\release code\Release_400_LSE-BS\BLocker\IAR\Deb #
#                    ug\Obj\rtc.o" "C:\ActiveWave\Software\Seal tag\Seal Tag  #
#                    FirmWare\release code\Release_400_LSE-BS\BLocker\IAR\Deb #
#                    ug\Obj\serial_number.o" "C:\ActiveWave\Software\Seal     #
#                    tag\Seal Tag FirmWare\release                            #
#                    code\Release_400_LSE-BS\BLocker\IAR\Debug\Obj\stm8l15x_c #
#                    lk.o" "C:\ActiveWave\Software\Seal tag\Seal Tag          #
#                    FirmWare\release code\Release_400_LSE-BS\BLocker\IAR\Deb #
#                    ug\Obj\stm8l15x_exti.o" "C:\ActiveWave\Software\Seal     #
#                    tag\Seal Tag FirmWare\release                            #
#                    code\Release_400_LSE-BS\BLocker\IAR\Debug\Obj\stm8l15x_g #
#                    pio.o" "C:\ActiveWave\Software\Seal tag\Seal Tag         #
#                    FirmWare\release code\Release_400_LSE-BS\BLocker\IAR\Deb #
#                    ug\Obj\stm8l15x_i2c.o" "C:\ActiveWave\Software\Seal      #
#                    tag\Seal Tag FirmWare\release                            #
#                    code\Release_400_LSE-BS\BLocker\IAR\Debug\Obj\stm8l15x_i #
#                    t.o" "C:\ActiveWave\Software\Seal tag\Seal Tag           #
#                    FirmWare\release code\Release_400_LSE-BS\BLocker\IAR\Deb #
#                    ug\Obj\stm8l15x_itc.o" "C:\ActiveWave\Software\Seal      #
#                    tag\Seal Tag FirmWare\release                            #
#                    code\Release_400_LSE-BS\BLocker\IAR\Debug\Obj\stm8l15x_r #
#                    tc.o" "C:\ActiveWave\Software\Seal tag\Seal Tag          #
#                    FirmWare\release code\Release_400_LSE-BS\BLocker\IAR\Deb #
#                    ug\Obj\stm8l15x_spi.o" --redirect _Printf=_PrintfTiny    #
#                    --redirect _Scanf=_ScanfSmall -o                         #
#                    "C:\ActiveWave\Software\Seal tag\Seal Tag                #
#                    FirmWare\release code\Release_400_LSE-BS\BLocker\IAR\Deb #
#                    ug\Exe\Blocker.out" --map "C:\ActiveWave\Software\Seal   #
#                    tag\Seal Tag FirmWare\release                            #
#                    code\Release_400_LSE-BS\BLocker\IAR\Debug\List\Blocker.m #
#                    ap" --config "C:\ActiveWave\Software\Seal tag\Seal Tag   #
#                    FirmWare\release code\Release_400_LSE-BS\BLocker\IAR\lnk #
#                    stm8l151f3.icf" --remarks --config_def                   #
#                    _CSTACK_SIZE=0x300 --config_def _HEAP_SIZE=0x0 --entry   #
#                    __iar_program_start --debug_lib                          #
#                                                                             #
#                                                                             #
###############################################################################

*******************************************************************************
*** RUNTIME MODEL ATTRIBUTES
***

__SystemLibrary            = DLib
__code_model               = small
__core                     = stm8
__data_model               = small
__dlib_file_descriptor     = 0
__dlib_full_locale_support = 0
__rt_version               = 4


*******************************************************************************
*** PLACEMENT SUMMARY
***

"A1":  place at start of [0x000000-0x0000ff] { rw section .vregs };
"P1":  place in [from 0x000000 to 0x0000ff] {
          rw section .tiny.bss, rw section .tiny.data, rw section .tiny.noinit,
          rw section .tiny.rodata };
"A2":  place at end of [0x000000-0x0003ff] { block CSTACK };
"A3":  place at start of [0x008000-0x009fff] { block INTVEC };
"P3":  place in [from 0x008000 to 0x009fff] {
          ro section .far.data_init, ro section .far_func.textrw_init,
          ro section .huge.data_init, ro section .huge_func.textrw_init,
          ro section .iar.init_table, ro section .init_array,
          ro section .near.data_init, ro section .near.rodata,
          ro section .near_func.text, ro section .near_func.textrw_init,
          ro section .tiny.data_init, ro section .tiny.rodata_init };

  Section          Kind      Address    Size  Object
  -------          ----      -------    ----  ------
"A1":                                   0x10
  .vregs           uninit   0x000000    0x10  vregs.o [4]
                          - 0x000010    0x10

"P1":                                    0x8
  .tiny.bss        zero     0x000010     0x2  blocker_services.o [1]
  .tiny.bss        zero     0x000012     0x2  blocker_services.o [1]
  .tiny.bss        zero     0x000014     0x1  blocker_services.o [1]
  .tiny.bss        zero     0x000015     0x1  blocker_services.o [1]
  .tiny.bss        zero     0x000016     0x1  blocker_services.o [1]
  .tiny.bss        zero     0x000017     0x1  blocker_services.o [1]
                          - 0x000018     0x8

"A2":                                  0x300
  CSTACK                    0x000100   0x300  <Block>
    CSTACK         uninit   0x000100   0x300  <Block tail>
                          - 0x000400   0x300

"A3":                                   0x80
  INTVEC                    0x008000    0x80  <Block>
    .intvec        const    0x008000    0x80  interrupt.o [4]
                          - 0x008080    0x80

"P3":                                 0x1eba
  .near_func.text  ro code  0x008080   0x180  blocker_services.o [1]
  .near_func.text  ro code  0x008200   0x172  rtc.o [1]
  .near_func.text  ro code  0x008372   0x133  blocker_services.o [1]
  .near_func.text  ro code  0x0084a5   0x119  stm8l15x_i2c.o [1]
  .near_func.text  ro code  0x0085be   0x114  i2c_ee.o [1]
  .near_func.text  ro code  0x0086d2   0x10f  long.o [4]
  .near_func.text  ro code  0x0087e1   0x109  rtc.o [1]
  .near_func.text  ro code  0x0088ea    0xf8  vreg_util.o [4]
  .near_func.text  ro code  0x0089e2    0xe8  rtc.o [1]
  .near_func.text  ro code  0x008aca    0xd2  i2c_ee.o [1]
  .near_func.text  ro code  0x008b9c    0xb4  battery.o [1]
  .near_func.text  ro code  0x008c50    0xb3  blocker_services.o [1]
  .near_func.text  ro code  0x008d03    0x8f  blocker_services.o [1]
  .near_func.text  ro code  0x008d92    0x84  blocker_services.o [1]
  .near_func.text  ro code  0x008e16    0x7f  rf.o [1]
  .near_func.text  ro code  0x008e95    0x7f  stm8l15x_rtc.o [1]
  .near_func.text  ro code  0x008f14    0x7a  blocker_services.o [1]
  .near_func.text  ro code  0x008f8e    0x6c  stm8l15x_clk.o [1]
  .near_func.text  ro code  0x008ffa    0x69  stm8l15x_rtc.o [1]
  .near_func.text  ro code  0x009063    0x67  stm8l15x_gpio.o [1]
  .near_func.text  ro code  0x0090ca    0x65  blocker_services.o [1]
  .near_func.text  ro code  0x00912f    0x65  i2c_ee.o [1]
  .near_func.text  ro code  0x009194    0x5f  blocker_services.o [1]
  .near_func.text  ro code  0x0091f3    0x5b  stm8l15x_clk.o [1]
  .near_func.text  ro code  0x00924e    0x55  battery.o [1]
  .near_func.text  ro code  0x0092a3    0x54  stm8l15x_i2c.o [1]
  .near_func.text  ro code  0x0092f7    0x50  blocker_services.o [1]
  .near_func.text  ro code  0x009347    0x4c  stm8l15x_exti.o [1]
  .near_func.text  ro code  0x009393    0x4a  blocker_services.o [1]
  .near_func.text  ro code  0x0093dd    0x49  blocker_services.o [1]
  .near_func.text  ro code  0x009426    0x42  blocker_services.o [1]
  .near_func.text  ro code  0x009468    0x42  stm8l15x_rtc.o [1]
  .near_func.text  ro code  0x0094aa    0x42  stm8l15x_rtc.o [1]
  .near_func.text  ro code  0x0094ec    0x41  stm8l15x_clk.o [1]
  .near_func.text  ro code  0x00952d    0x40  stm8l15x_i2c.o [1]
  .near_func.text  ro code  0x00956d    0x3f  short.o [4]
  .near_func.text  ro code  0x0095ac    0x3e  stm8l15x_rtc.o [1]
  .near_func.text  ro code  0x0095ea    0x3c  blocker_services.o [1]
  .near_func.text  ro code  0x009626    0x3a  i2c_ee.o [1]
  .near_func.text  ro code  0x009660    0x3a  stm8l15x_clk.o [1]
  .near_func.text  ro code  0x00969a    0x38  serial_number.o [1]
  .near_func.text  ro code  0x0096d2    0x37  blocker_services.o [1]
  .near_func.text  ro code  0x009709    0x34  stm8l15x_i2c.o [1]
  .near_func.text  ro code  0x00973d    0x33  i2c_ee.o [1]
  .near_func.text  ro code  0x009770    0x31  blocker_services.o [1]
  .near_func.text  ro code  0x0097a1    0x31  stm8l15x_exti.o [1]
  .near_func.text  ro code  0x0097d2    0x31  stm8l15x_exti.o [1]
  .near_func.text  ro code  0x009803    0x30  blocker_services.o [1]
  .near_func.text  ro code  0x009833    0x2e  memcmp.o [4]
  .near_func.text  ro code  0x009861    0x27  blocker_services.o [1]
  .near_func.text  ro code  0x009888    0x26  band.o [1]
  .near_func.text  ro code  0x0098ae    0x25  blocker_services.o [1]
  .near_func.text  ro code  0x0098d3    0x25  blocker_services.o [1]
  .near_func.text  ro code  0x0098f8    0x25  stm8l15x_rtc.o [1]
  .near_func.text  ro code  0x00991d    0x23  rf.o [1]
  .near_func.text  ro code  0x009940    0x22  blocker_services.o [1]
  .near_func.text  ro code  0x009962    0x22  i2c_ee.o [1]
  .iar.init_table  const    0x009984     0x8  - Linker created -
  .near_func.text  ro code  0x00998c    0x20  stm8l15x_rtc.o [1]
  .near_func.text  ro code  0x0099ac    0x1f  dc_util.o [4]
  .near_func.text  ro code  0x0099cb    0x1e  blocker_services.o [1]
  .near_func.text  ro code  0x0099e9    0x1e  init_small.o [4]
  .near_func.text  ro code  0x009a07    0x1d  band.o [1]
  .near_func.text  ro code  0x009a24    0x1d  stm8l15x_it.o [1]
  .near_func.text  ro code  0x009a41    0x1d  stm8l15x_it.o [1]
  .near_func.text  ro code  0x009a5e    0x1d  stm8l15x_rtc.o [1]
  .near_func.text  ro code  0x009a7b    0x1c  blocker_services.o [1]
  .near_func.text  ro code  0x009a97    0x1b  blocker_services.o [1]
  .near_func.text  ro code  0x009ab2    0x1b  blocker_services.o [1]
  .near_func.text  ro code  0x009acd    0x1b  blocker_services.o [1]
  .near_func.text  ro code  0x009ae8    0x17  main.o [1]
  .near_func.text  ro code  0x009aff    0x17  stm8l15x_it.o [1]
  .near_func.text  ro code  0x009b16    0x17  stm8l15x_rtc.o [1]
  .near_func.text  ro code  0x009b2d    0x17  init.o [4]
  .near_func.text  ro code  0x009b44    0x16  blocker_services.o [1]
  .near_func.text  ro code  0x009b5a    0x16  blocker_services.o [1]
  .near_func.text  ro code  0x009b70    0x16  clock.o [1]
  .near_func.text  ro code  0x009b86    0x16  rtc.o [1]
  .near_func.text  ro code  0x009b9c    0x14  blocker_services.o [1]
  .near_func.text  ro code  0x009bb0    0x14  __dbg_xxexit.o [3]
  .near_func.text  ro code  0x009bc4    0x13  blocker_services.o [1]
  .near_func.text  ro code  0x009bd7    0x13  blocker_services.o [1]
  .near_func.text  ro code  0x009bea    0x13  rtc.o [1]
  .near_func.text  ro code  0x009bfd    0x13  cstartup.o [4]
  .near_func.text  ro code  0x009c10    0x12  blocker_services.o [1]
  .near_func.text  ro code  0x009c22    0x12  blocker_services.o [1]
  .near_func.text  ro code  0x009c34    0x11  band.o [1]
  .near_func.text  ro code  0x009c45    0x11  stm8l15x_rtc.o [1]
  .near_func.text  ro code  0x009c56    0x10  i2c_ee.o [1]
  .near_func.text  ro code  0x009c66    0x10  i2c_ee.o [1]
  .near_func.text  ro code  0x009c76    0x10  led.o [1]
  .near_func.text  ro code  0x009c86    0x10  stm8l15x_rtc.o [1]
  .near_func.text  ro code  0x009c96     0xf  stm8l15x_clk.o [1]
  .near_func.text  ro code  0x009ca5     0xf  stm8l15x_i2c.o [1]
  .near_func.text  ro code  0x009cb4     0xe  i2c_ee.o [1]
  .near_func.text  ro code  0x009cc2     0xe  stm8l15x_i2c.o [1]
  .near_func.text  ro code  0x009cd0     0xe  stm8l15x_i2c.o [1]
  .near_func.text  ro code  0x009cde     0xe  stm8l15x_i2c.o [1]
  .near_func.text  ro code  0x009cec     0xd  blocker_services.o [1]
  .near_func.text  ro code  0x009cf9     0xd  blocker_services.o [1]
  .near_func.text  ro code  0x009d06     0xd  blocker_services.o [1]
  .near_func.text  ro code  0x009d13     0xd  i2c_ee.o [1]
  .near_func.text  ro code  0x009d20     0xd  stm8l15x_i2c.o [1]
  .near_func.text  ro code  0x009d2d     0xd  move.o [4]
  .near_func.text  ro code  0x009d3a     0xc  i2c_ee.o [1]
  .near_func.text  ro code  0x009d46     0xc  i2c_ee.o [1]
  .near_func.text  ro code  0x009d52     0xc  stm8l15x_i2c.o [1]
  .near_func.text  ro code  0x009d5e     0xc  long_util.o [4]
  .near_func.text  ro code  0x009d6a     0xb  blocker_services.o [1]
  .near_func.text  ro code  0x009d75     0xb  i2c_ee.o [1]
  .near_func.text  ro code  0x009d80     0xb  rtc.o [1]
  .near_func.text  ro code  0x009d8b     0xb  rtc.o [1]
  .near_func.text  ro code  0x009d96     0xb  stm8l15x_rtc.o [1]
  .near_func.text  ro code  0x009da1     0xb  stm8l15x_rtc.o [1]
  .near_func.text  ro code  0x009dac     0xb  char.o [4]
  .near_func.text  ro code  0x009db7     0xa  battery.o [1]
  .near_func.text  ro code  0x009dc1     0xa  rf.o [1]
  .near_func.text  ro code  0x009dcb     0xa  serial_number.o [1]
  .near_func.text  ro code  0x009dd5     0xa  stm8l15x_clk.o [1]
  .near_func.text  ro code  0x009ddf     0xa  stm8l15x_rtc.o [1]
  .near_func.text  ro code  0x009de9     0xa  stm8l15x_rtc.o [1]
  .near_func.text  ro code  0x009df3     0x9  blocker_services.o [1]
  .near_func.text  ro code  0x009dfc     0x9  i2c_ee.o [1]
  .near_func.text  ro code  0x009e05     0x9  i2c_ee.o [1]
  .near_func.text  ro code  0x009e0e     0x9  rtc.o [1]
  .near_func.text  ro code  0x009e17     0x9  rtc.o [1]
  .near_func.text  ro code  0x009e20     0x9  rtc.o [1]
  .near_func.text  ro code  0x009e29     0x9  stm8l15x_i2c.o [1]
  .near_func.text  ro code  0x009e32     0x9  stm8l15x_rtc.o [1]
  .near_func.text  ro code  0x009e3b     0x9  stm8l15x_rtc.o [1]
  .near.rodata     const    0x009e44     0x8  blocker_services.o [1]
  .near.rodata     const    0x009e4c     0x8  blocker_services.o [1]
  .near.rodata     const    0x009e54     0x8  rf.o [1]
  .near_func.text  ro code  0x009e5c     0x8  i2c_ee.o [1]
  .near_func.text  ro code  0x009e64     0x8  rtc.o [1]
  .near_func.text  ro code  0x009e6c     0x8  rtc.o [1]
  .near_func.text  ro code  0x009e74     0x8  stm8l15x_rtc.o [1]
  .near_func.text  ro code  0x009e7c     0x7  rtc.o [1]
  .near_func.text  ro code  0x009e83     0x7  rtc.o [1]
  .near_func.text  ro code  0x009e8a     0x7  stm8l15x_it.o [1]
  .near_func.text  ro code  0x009e91     0x6  blocker_services.o [1]
  .near_func.text  ro code  0x009e97     0x6  i2c_ee.o [1]
  .near_func.text  ro code  0x009e9d     0x6  led.o [1]
  .near_func.text  ro code  0x009ea3     0x6  led.o [1]
  .near_func.text  ro code  0x009ea9     0x6  rtc.o [1]
  .near_func.text  ro code  0x009eaf     0x6  stm8l15x_i2c.o [1]
  .near.rodata     const    0x009eb5     0x5  stm8l15x_clk.o [1]
  .near_func.text  ro code  0x009eba     0x5  rtc.o [1]
  .near_func.text  ro code  0x009ebf     0x5  stm8l15x_i2c.o [1]
  .near_func.text  ro code  0x009ec4     0x5  stm8l15x_i2c.o [1]
  .near_func.text  ro code  0x009ec9     0x5  stm8l15x_i2c.o [1]
  .near_func.text  ro code  0x009ece     0x5  stm8l15x_rtc.o [1]
  .near_func.text  ro code  0x009ed3     0x5  cexit.o [4]
  .near.rodata     const    0x009ed8     0x4  blocker_services.o [1]
  .near.rodata     const    0x009edc     0x4  rtc.o [1]
  .near_func.text  ro code  0x009ee0     0x4  i2c_ee.o [1]
  .near_func.text  ro code  0x009ee4     0x4  stm8l15x_clk.o [1]
  .near_func.text  ro code  0x009ee8     0x4  stm8l15x_gpio.o [1]
  .near_func.text  ro code  0x009eec     0x4  stm8l15x_i2c.o [1]
  .near_func.text  ro code  0x009ef0     0x4  stm8l15x_rtc.o [1]
  .near.rodata     const    0x009ef4     0x3  blocker_services.o [1]
  .near.rodata     const    0x009ef7     0x3  rtc.o [1]
  .near_func.text  ro code  0x009efa     0x3  stm8l15x_gpio.o [1]
  .near_func.text  ro code  0x009efd     0x3  stm8l15x_gpio.o [1]
  .near_func.text  ro code  0x009f00     0x3  interrupt.o [4]
  .near_func.text  ro code  0x009f03     0x3  low_level_init.o [4]
  .near_func.text  ro code  0x009f06     0x3  exit.o [4]
  .near_func.text  ro code  0x009f09     0x3  unhandled_exception.o [4]
  .near.rodata     const    0x009f0c     0x2  blocker_services.o [1]
  .near.rodata     const    0x009f0e     0x2  blocker_services.o [1]
  .near.rodata     const    0x009f10     0x2  blocker_services.o [1]
  .near.rodata     const    0x009f12     0x2  rtc.o [1]
  .near.rodata     const    0x009f14     0x2  rtc.o [1]
  .near_func.text  ro code  0x009f16     0x2  platform.o [1]
  .near_func.text  ro code  0x009f18     0x2  platform.o [1]
  .near_func.text  ro code  0x009f1a     0x2  stm8l15x_it.o [1]
  .near_func.text  ro code  0x009f1c     0x1  i2c_ee.o [1]
  .near_func.text  ro code  0x009f1d     0x1  i2c_ee.o [1]
  .near_func.text  ro code  0x009f1e     0x1  platform.o [1]
  .near_func.text  ro code  0x009f1f     0x1  stm8l15x_it.o [1]
  .near_func.text  ro code  0x009f20     0x1  stm8l15x_it.o [1]
  .near_func.text  ro code  0x009f21     0x1  stm8l15x_it.o [1]
  .near_func.text  ro code  0x009f22     0x1  stm8l15x_it.o [1]
  .near_func.text  ro code  0x009f23     0x1  stm8l15x_it.o [1]
  .near_func.text  ro code  0x009f24     0x1  stm8l15x_it.o [1]
  .near_func.text  ro code  0x009f25     0x1  stm8l15x_it.o [1]
  .near_func.text  ro code  0x009f26     0x1  stm8l15x_it.o [1]
  .near_func.text  ro code  0x009f27     0x1  stm8l15x_it.o [1]
  .near_func.text  ro code  0x009f28     0x1  stm8l15x_it.o [1]
  .near_func.text  ro code  0x009f29     0x1  stm8l15x_it.o [1]
  .near_func.text  ro code  0x009f2a     0x1  stm8l15x_it.o [1]
  .near_func.text  ro code  0x009f2b     0x1  stm8l15x_it.o [1]
  .near_func.text  ro code  0x009f2c     0x1  stm8l15x_it.o [1]
  .near_func.text  ro code  0x009f2d     0x1  stm8l15x_it.o [1]
  .near_func.text  ro code  0x009f2e     0x1  stm8l15x_it.o [1]
  .near_func.text  ro code  0x009f2f     0x1  stm8l15x_it.o [1]
  .near_func.text  ro code  0x009f30     0x1  stm8l15x_it.o [1]
  .near_func.text  ro code  0x009f31     0x1  stm8l15x_it.o [1]
  .near_func.text  ro code  0x009f32     0x1  stm8l15x_it.o [1]
  .near_func.text  ro code  0x009f33     0x1  stm8l15x_it.o [1]
  .near_func.text  ro code  0x009f34     0x1  stm8l15x_it.o [1]
  .near_func.text  ro code  0x009f35     0x1  stm8l15x_it.o [1]
  .near_func.text  ro code  0x009f36     0x1  stm8l15x_it.o [1]
  .near_func.text  ro code  0x009f37     0x1  stm8l15x_it.o [1]
  .near_func.text  ro code  0x009f38     0x1  stm8l15x_it.o [1]
  .near_func.text  ro code  0x009f39     0x1  __dbg_break.o [3]
                          - 0x009f3a  0x1eba


*******************************************************************************
*** INIT TABLE
***

          Address   Size
          -------   ----
Zero (__iar_zero_init2)
    1 destination range, total size 0x8:
          0x000010   0x8


*******************************************************************************
*** MODULE SUMMARY
***

    Module                 ro code  ro data  rw data
    ------                 -------  -------  -------
C:\ActiveWave\Software\Seal tag\Seal Tag FirmWare\release code\Release_400_LSE-BS\BLocker\IAR\Debug\Obj: [1]
    band.o                      84
    battery.o                  275
    blocker_services.o       2 457       29        8
    clock.o                     22
    i2c_ee.o                   862
    led.o                       28
    main.o                      23
    platform.o                   5
    rf.o                       172        8
    rtc.o                      998       11
    serial_number.o             66
    stm8l15x_clk.o             351        5
    stm8l15x_exti.o            174
    stm8l15x_gpio.o            113
    stm8l15x_i2c.o             597
    stm8l15x_it.o              116
    stm8l15x_rtc.o             657
    ------------------------------------------------
    Total:                   7 000       53        8

command line: [2]
    ------------------------------------------------
    Total:

dbgstm8ssd.a: [3]
    __dbg_break.o                1
    __dbg_xxexit.o              20
    ------------------------------------------------
    Total:                      21

dlstm8ssn.a: [4]
    cexit.o                      5
    char.o                      11
    cstartup.o                  19
    dc_util.o                   31
    exit.o                       3
    init.o                      23
    init_small.o                30
    interrupt.o                  3      128
    long.o                     271
    long_util.o                 12
    low_level_init.o             3
    memcmp.o                    46
    move.o                      13
    short.o                     63
    unhandled_exception.o        3
    vreg_util.o                248
    vregs.o                                       16
    ------------------------------------------------
    Total:                     784      128       16

    Linker created                        8      768
----------------------------------------------------
    Grand Total:             7 805      189      792


*******************************************************************************
*** ENTRY LIST
***

Entry                    Address   Size  Type      Object
-----                    -------   ----  ----      ------
?b0                     0x000000         Data  Gb  vregs.o [4]
?b1                     0x000001         Data  Gb  vregs.o [4]
?b10                    0x00000a         Data  Gb  vregs.o [4]
?b11                    0x00000b         Data  Gb  vregs.o [4]
?b12                    0x00000c         Data  Gb  vregs.o [4]
?b13                    0x00000d         Data  Gb  vregs.o [4]
?b14                    0x00000e         Data  Gb  vregs.o [4]
?b15                    0x00000f         Data  Gb  vregs.o [4]
?b2                     0x000002         Data  Gb  vregs.o [4]
?b3                     0x000003         Data  Gb  vregs.o [4]
?b4                     0x000004         Data  Gb  vregs.o [4]
?b5                     0x000005         Data  Gb  vregs.o [4]
?b6                     0x000006         Data  Gb  vregs.o [4]
?b7                     0x000007         Data  Gb  vregs.o [4]
?b8                     0x000008         Data  Gb  vregs.o [4]
?b9                     0x000009         Data  Gb  vregs.o [4]
?dc32_l1                0x0099b3         Code  Gb  dc_util.o [4]
?dc32_px                0x0099c0         Code  Gb  dc_util.o [4]
?dc8_px                 0x0099ac         Code  Gb  dc_util.o [4]
?e0                     0x000001         Data  Gb  vregs.o [4]
?e1                     0x000005         Data  Gb  vregs.o [4]
?e2                     0x000009         Data  Gb  vregs.o [4]
?e3                     0x00000d         Data  Gb  vregs.o [4]
?epilogue_l2            0x008985         Code  Gb  vreg_util.o [4]
?epilogue_l2_l3         0x008982         Code  Gb  vreg_util.o [4]
?epilogue_l2_w6         0x008989         Code  Gb  vreg_util.o [4]
?epilogue_w4            0x008990         Code  Gb  vreg_util.o [4]
?l0                     0x000000         Data  Gb  vregs.o [4]
?l1                     0x000004         Data  Gb  vregs.o [4]
?l2                     0x000008         Data  Gb  vregs.o [4]
?l3                     0x00000c         Data  Gb  vregs.o [4]
?load32_l1_0x           0x009d5e         Code  Gb  long_util.o [4]
?mov_e0_e2              0x008997         Code  Gb  vreg_util.o [4]
?mov_e0_e3              0x0089a4         Code  Gb  vreg_util.o [4]
?mov_e1_e0              0x0089b1         Code  Gb  vreg_util.o [4]
?mov_e1_e2              0x0089be         Code  Gb  vreg_util.o [4]
?mov_e2_e0              0x0089cb         Code  Gb  vreg_util.o [4]
?mov_e3_e0              0x0089d8         Code  Gb  vreg_util.o [4]
?mov_l0_l2              0x008994         Code  Gb  vreg_util.o [4]
?mov_l0_l3              0x0089a1         Code  Gb  vreg_util.o [4]
?mov_l1_l0              0x0089ae         Code  Gb  vreg_util.o [4]
?mov_l1_l2              0x0089bb         Code  Gb  vreg_util.o [4]
?mov_l2_l0              0x0089c8         Code  Gb  vreg_util.o [4]
?mov_l3_l0              0x0089d5         Code  Gb  vreg_util.o [4]
?mov_w1_w5              0x00899a         Code  Gb  vreg_util.o [4]
?mov_w1_w7              0x0089a7         Code  Gb  vreg_util.o [4]
?mov_w3_w1              0x0089b4         Code  Gb  vreg_util.o [4]
?mov_w3_w5              0x0089c1         Code  Gb  vreg_util.o [4]
?mov_w5_w1              0x0089ce         Code  Gb  vreg_util.o [4]
?mov_w7_w1              0x0089db         Code  Gb  vreg_util.o [4]
?move1616_v_x_y_a       0x009d2d         Code  Gb  move.o [4]
?mul16_x_x_w0           0x00956d         Code  Gb  short.o [4]
?mul32_l0_l0_0x         0x0086d5         Code  Gb  long.o [4]
?mul32_l0_l0_dl         0x0086d2         Code  Gb  long.o [4]
?mul32_l0_l0_l1         0x0086de         Code  Gb  long.o [4]
?pop_l0                 0x00894e         Code  Gb  vreg_util.o [4]
?pop_l1                 0x008959         Code  Gb  vreg_util.o [4]
?pop_l2                 0x008964         Code  Gb  vreg_util.o [4]
?pop_l3                 0x00896f         Code  Gb  vreg_util.o [4]
?pop_w4                 0x008907         Code  Gb  vreg_util.o [4]
?pop_w6                 0x00890e         Code  Gb  vreg_util.o [4]
?push_l0                0x00891d         Code  Gb  vreg_util.o [4]
?push_l1                0x008922         Code  Gb  vreg_util.o [4]
?push_l2                0x008927         Code  Gb  vreg_util.o [4]
?push_l3                0x00892c         Code  Gb  vreg_util.o [4]
?push_w4                0x0088ea         Code  Gb  vreg_util.o [4]
?push_w6                0x0088ef         Code  Gb  vreg_util.o [4]
?sdiv16_x_x_y           0x00958b         Code  Gb  short.o [4]
?sll16_x_x_a            0x0095a4         Code  Gb  short.o [4]
?sll32_0x_0x_a          0x0087d3         Code  Gb  long.o [4]
?sll32_l0_l0_a          0x0087d0         Code  Gb  long.o [4]
?sll32_l0_l0_db         0x0087cc         Code  Gb  long.o [4]
?sll8_a_a_5             0x009dac         Code  Gb  char.o [4]
?srl8_a_a_5             0x009db2         Code  Gb  char.o [4]
?srl8_a_a_6             0x009db1         Code  Gb  char.o [4]
?udiv32_l0_l0_dl        0x00875c         Code  Gb  long.o [4]
?udiv32_l0_l0_l1        0x00875f         Code  Gb  long.o [4]
?umod32_l1_l0_l1        0x00875f         Code  Gb  long.o [4]
?w0                     0x000000         Data  Gb  vregs.o [4]
?w1                     0x000002         Data  Gb  vregs.o [4]
?w2                     0x000004         Data  Gb  vregs.o [4]
?w3                     0x000006         Data  Gb  vregs.o [4]
?w4                     0x000008         Data  Gb  vregs.o [4]
?w5                     0x00000a         Data  Gb  vregs.o [4]
?w6                     0x00000c         Data  Gb  vregs.o [4]
?w7                     0x00000e         Data  Gb  vregs.o [4]
ADC1_COMP_IRQHandler    0x009f2d    0x1  Code  Gb  stm8l15x_it.o [1]
Band_GetState           0x009c34   0x11  Code  Gb  band.o [1]
Band_Init               0x009a07   0x1d  Code  Gb  band.o [1]
Band_IsOpen             0x009888   0x26  Code  Gb  band.o [1]
Battery_GetVoltage      0x008b9c   0xb4  Code  Gb  battery.o [1]
Battery_HasLowLevel     0x009db7    0xa  Code  Gb  battery.o [1]
Battery_Init            0x00924e   0x55  Code  Gb  battery.o [1]
Bcd2ToByte              0x009b16   0x17  Code  Lc  stm8l15x_rtc.o [1]
ByteToBcd2              0x009a5e   0x1d  Code  Lc  stm8l15x_rtc.o [1]
CLK_DeInit              0x0094ec   0x41  Code  Gb  stm8l15x_clk.o [1]
CLK_GetClockFreq        0x009660   0x3a  Code  Gb  stm8l15x_clk.o [1]
CLK_GetFlagStatus       0x008f8e   0x6c  Code  Gb  stm8l15x_clk.o [1]
CLK_LSEConfig           0x009c96    0xf  Code  Gb  stm8l15x_clk.o [1]
CLK_PeripheralClockConfig
                        0x0091f3   0x5b  Code  Gb  stm8l15x_clk.o [1]
CLK_RTCClockConfig      0x009dd5    0xa  Code  Gb  stm8l15x_clk.o [1]
CLK_SYSCLKDivConfig     0x009ee4    0x4  Code  Gb  stm8l15x_clk.o [1]
CSTACK$$Base            0x000100          --   Gb  - Linker created -
CSTACK$$Limit           0x000400          --   Gb  - Linker created -
Clock_Init              0x009b70   0x16  Code  Gb  clock.o [1]
DMA1_CHANNEL0_1_IRQHandler
                        0x009f20    0x1  Code  Gb  stm8l15x_it.o [1]
DMA1_CHANNEL2_3_IRQHandler
                        0x009f21    0x1  Code  Gb  stm8l15x_it.o [1]
DisableInterrupts       0x009f18    0x2  Code  Gb  platform.o [1]
EXTI0_IRQHandler        0x009f24    0x1  Code  Gb  stm8l15x_it.o [1]
EXTI1_IRQHandler        0x009f25    0x1  Code  Gb  stm8l15x_it.o [1]
EXTI2_IRQHandler        0x009f26    0x1  Code  Gb  stm8l15x_it.o [1]
EXTI3_IRQHandler        0x009aff   0x17  Code  Gb  stm8l15x_it.o [1]
EXTI4_IRQHandler        0x009f27    0x1  Code  Gb  stm8l15x_it.o [1]
EXTI5_IRQHandler        0x009f28    0x1  Code  Gb  stm8l15x_it.o [1]
EXTI6_IRQHandler        0x009f29    0x1  Code  Gb  stm8l15x_it.o [1]
EXTI7_IRQHandler        0x009f2a    0x1  Code  Gb  stm8l15x_it.o [1]
EXTIB_G_IRQHandler      0x009f23    0x1  Code  Gb  stm8l15x_it.o [1]
EXTID_H_IRQHandler      0x009a41   0x1d  Code  Gb  stm8l15x_it.o [1]
EXTIE_F_PVD_IRQHandler  0x009a24   0x1d  Code  Gb  stm8l15x_it.o [1]
EXTI_SelectPort         0x0097a1   0x31  Code  Gb  stm8l15x_exti.o [1]
EXTI_SetHalfPortSelection
                        0x0097d2   0x31  Code  Gb  stm8l15x_exti.o [1]
EXTI_SetPortSensitivity
                        0x009347   0x4c  Code  Gb  stm8l15x_exti.o [1]
EnableInterrupts        0x009f16    0x2  Code  Gb  platform.o [1]
FLASH_IRQHandler        0x009f1f    0x1  Code  Gb  stm8l15x_it.o [1]
GPIO_Init               0x009063   0x67  Code  Gb  stm8l15x_gpio.o [1]
GPIO_ReadInputDataBit   0x009efd    0x3  Code  Gb  stm8l15x_gpio.o [1]
GPIO_ResetBits          0x009ee8    0x4  Code  Gb  stm8l15x_gpio.o [1]
GPIO_SetBits            0x009efa    0x3  Code  Gb  stm8l15x_gpio.o [1]
Halt                    0x009f1e    0x1  Code  Gb  platform.o [1]
I2C1_SPI2_IRQHandler    0x009f38    0x1  Code  Gb  stm8l15x_it.o [1]
I2C_AckPositionConfig   0x009eec    0x4  Code  Gb  stm8l15x_i2c.o [1]
I2C_AcknowledgeConfig   0x009cde    0xe  Code  Gb  stm8l15x_i2c.o [1]
I2C_CheckEvent          0x0092a3   0x54  Code  Gb  stm8l15x_i2c.o [1]
I2C_Cmd                 0x009d20    0xd  Code  Gb  stm8l15x_i2c.o [1]
I2C_DeInit              0x00952d   0x40  Code  Gb  stm8l15x_i2c.o [1]
I2C_GenerateSTART       0x009cc2    0xe  Code  Gb  stm8l15x_i2c.o [1]
I2C_GenerateSTOP        0x009cd0    0xe  Code  Gb  stm8l15x_i2c.o [1]
I2C_GetFlagStatus       0x009709   0x34  Code  Gb  stm8l15x_i2c.o [1]
I2C_Init                0x0084a5  0x119  Code  Gb  stm8l15x_i2c.o [1]
I2C_ReceiveData         0x009ec9    0x5  Code  Gb  stm8l15x_i2c.o [1]
I2C_Send7bitAddress     0x009ca5    0xf  Code  Gb  stm8l15x_i2c.o [1]
I2C_SendData            0x009ec4    0x5  Code  Gb  stm8l15x_i2c.o [1]
INTVEC$$Base            0x008000          --   Gb  - Linker created -
INTVEC$$Limit           0x008080          --   Gb  - Linker created -
LCD_AES_IRQHandler      0x009f2b    0x1  Code  Gb  stm8l15x_it.o [1]
LED_Init                0x009c76   0x10  Code  Gb  led.o [1]
LED_Off                 0x009ea3    0x6  Code  Gb  led.o [1]
RF_Init                 0x00991d   0x23  Code  Gb  rf.o [1]
RF_UID_Store            0x008e16   0x7f  Code  Gb  rf.o [1]
RTC_CSSLSE_IRQHandler   0x009f22    0x1  Code  Gb  stm8l15x_it.o [1]
RTC_DateStructInit      0x009c86   0x10  Code  Gb  stm8l15x_rtc.o [1]
RTC_EnterInitMode       0x00998c   0x20  Code  Gb  stm8l15x_rtc.o [1]
RTC_GetDate             0x0094aa   0x42  Code  Gb  stm8l15x_rtc.o [1]
RTC_GetTime             0x009468   0x42  Code  Gb  stm8l15x_rtc.o [1]
RTC_Init                0x0095ac   0x3e  Code  Gb  stm8l15x_rtc.o [1]
RTC_SetDate             0x008e95   0x7f  Code  Gb  stm8l15x_rtc.o [1]
RTC_SetTime             0x008ffa   0x69  Code  Gb  stm8l15x_rtc.o [1]
RTC_TimeStructInit      0x009e74    0x8  Code  Gb  stm8l15x_rtc.o [1]
RTC_WaitForSynchro      0x0098f8   0x25  Code  Gb  stm8l15x_rtc.o [1]
Region$$Table$$Base     0x009984          --   Gb  - Linker created -
Region$$Table$$Limit    0x00998c          --   Gb  - Linker created -
SPI1_IRQHandler         0x009f35    0x1  Code  Gb  stm8l15x_it.o [1]
SWITCH_CSS_BREAK_DAC_IRQHandler
                        0x009f2c    0x1  Code  Gb  stm8l15x_it.o [1]
SYSDivFactor            0x009eb5    0x5  Data  Gb  stm8l15x_clk.o [1]
SerialNumber_Store      0x00969a   0x38  Code  Gb  serial_number.o [1]
TIM1_CC_IRQHandler      0x009f33    0x1  Code  Gb  stm8l15x_it.o [1]
TIM1_UPD_OVF_TRG_COM_IRQHandler
                        0x009f32    0x1  Code  Gb  stm8l15x_it.o [1]
TIM2_CC_USART2_RX_IRQHandler
                        0x009f2f    0x1  Code  Gb  stm8l15x_it.o [1]
TIM2_UPD_OVF_TRG_BRK_USART2_TX_IRQHandler
                        0x009f2e    0x1  Code  Gb  stm8l15x_it.o [1]
TIM3_CC_USART3_RX_IRQHandler
                        0x009f31    0x1  Code  Gb  stm8l15x_it.o [1]
TIM3_UPD_OVF_TRG_BRK_USART3_TX_IRQHandler
                        0x009f30    0x1  Code  Gb  stm8l15x_it.o [1]
TIM4_UPD_OVF_TRG_IRQHandler
                        0x009f34    0x1  Code  Gb  stm8l15x_it.o [1]
TRAP_IRQHandler         0x009f1a    0x2  Code  Gb  stm8l15x_it.o [1]
USART1_RX_TIM5_CC_IRQHandler
                        0x009f37    0x1  Code  Gb  stm8l15x_it.o [1]
USART1_TX_TIM5_UPD_OVF_TRG_BRK_IRQHandler
                        0x009f36    0x1  Code  Gb  stm8l15x_it.o [1]
__DebugBreak            0x009f39    0x1  Code  Gb  __dbg_break.o [3]
__exit                  0x009bb0   0x14  Code  Gb  __dbg_xxexit.o [3]
__iar_data_init2        0x009b2d   0x17  Code  Gb  init.o [4]
__iar_program_start     0x009bfd         Code  Gb  cstartup.o [4]
__iar_unhandled_exception
                        0x009f09         Code  Gb  unhandled_exception.o [4]
__iar_zero_init2        0x0099e9         Code  Gb  init_small.o [4]
__intvec                0x008000         Data  Gb  interrupt.o [4]
__low_level_init        0x009f03    0x3  Code  Gb  low_level_init.o [4]
_exit                   0x009ed3         Code  Gb  cexit.o [4]
_interrupt_1            0x009f1a         Code  Gb  stm8l15x_it.o [1]
_interrupt_10           0x009f24         Code  Gb  stm8l15x_it.o [1]
_interrupt_11           0x009f25         Code  Gb  stm8l15x_it.o [1]
_interrupt_12           0x009f26         Code  Gb  stm8l15x_it.o [1]
_interrupt_13           0x009aff         Code  Gb  stm8l15x_it.o [1]
_interrupt_14           0x009f27         Code  Gb  stm8l15x_it.o [1]
_interrupt_15           0x009f28         Code  Gb  stm8l15x_it.o [1]
_interrupt_16           0x009f29         Code  Gb  stm8l15x_it.o [1]
_interrupt_17           0x009f2a         Code  Gb  stm8l15x_it.o [1]
_interrupt_18           0x009f2b         Code  Gb  stm8l15x_it.o [1]
_interrupt_19           0x009f2c         Code  Gb  stm8l15x_it.o [1]
_interrupt_2            0x009f00         Code  Wk  interrupt.o [4]
_interrupt_20           0x009f2d         Code  Gb  stm8l15x_it.o [1]
_interrupt_21           0x009f2e         Code  Gb  stm8l15x_it.o [1]
_interrupt_22           0x009f2f         Code  Gb  stm8l15x_it.o [1]
_interrupt_23           0x009f30         Code  Gb  stm8l15x_it.o [1]
_interrupt_24           0x009f31         Code  Gb  stm8l15x_it.o [1]
_interrupt_25           0x009f32         Code  Gb  stm8l15x_it.o [1]
_interrupt_26           0x009f33         Code  Gb  stm8l15x_it.o [1]
_interrupt_27           0x009f34         Code  Gb  stm8l15x_it.o [1]
_interrupt_28           0x009f35         Code  Gb  stm8l15x_it.o [1]
_interrupt_29           0x009f36         Code  Gb  stm8l15x_it.o [1]
_interrupt_3            0x009f1f         Code  Gb  stm8l15x_it.o [1]
_interrupt_30           0x009f37         Code  Gb  stm8l15x_it.o [1]
_interrupt_31           0x009f38         Code  Gb  stm8l15x_it.o [1]
_interrupt_4            0x009f20         Code  Gb  stm8l15x_it.o [1]
_interrupt_5            0x009f21         Code  Gb  stm8l15x_it.o [1]
_interrupt_6            0x009f22         Code  Gb  stm8l15x_it.o [1]
_interrupt_7            0x009a24         Code  Gb  stm8l15x_it.o [1]
_interrupt_8            0x009f23         Code  Gb  stm8l15x_it.o [1]
_interrupt_9            0x009a41         Code  Gb  stm8l15x_it.o [1]
batteryVoltageIRQHandler
                        0x0095ea   0x3c  Code  Gb  blocker_services.o [1]
clockGpioConfig         0x009c22   0x12  Code  Gb  blocker_services.o [1]
commandFactoryDataReset
                        0x0098d3   0x25  Code  Gb  blocker_services.o [1]
commandFlushHistory     0x0096d2   0x37  Code  Gb  blocker_services.o [1]
commandHandler          0x008080  0x180  Code  Gb  blocker_services.o [1]
commandReadBatteryVoltage
                        0x009861   0x27  Code  Gb  blocker_services.o [1]
commandReadHistory      0x009d6a    0xb  Code  Gb  blocker_services.o [1]
commandReadRTC          0x0099cb   0x1e  Code  Gb  blocker_services.o [1]
commandStartTimers      0x009194   0x5f  Code  Gb  blocker_services.o [1]
commandStopTimers       0x0098ae   0x25  Code  Gb  blocker_services.o [1]
configureRTC            0x008200  0x172  Code  Gb  rtc.o [1]
delay                   0x009c10   0x12  Code  Gb  blocker_services.o [1]
disableEHMode           0x009770   0x2c  Code  Gb  blocker_services.o [1]
exit                    0x009f06    0x3  Code  Gb  exit.o [4]
flushHistory            0x008d03   0x8f  Code  Gb  blocker_services.o [1]
getArrayFromInt16       0x009d06    0xd  Code  Gb  blocker_services.o [1]
getInt16                0x009b5a   0x16  Code  Gb  blocker_services.o [1]
histPacket              0x000010    0x2  Data  Gb  blocker_services.o [1]
histPacketNumber        0x000012    0x2  Data  Gb  blocker_services.o [1]
historyRead             0x000015    0x1  Data  Gb  blocker_services.o [1]
i2cHwInit               0x00973d   0x33  Code  Lc  i2c_ee.o [1]
i2cInit                 0x009962   0x22  Code  Gb  i2c_ee.o [1]
i2cPowerOff             0x009f1d    0x1  Code  Gb  i2c_ee.o [1]
i2cPowerOn              0x009f1c    0x1  Code  Gb  i2c_ee.o [1]
i2cReadBuffer           0x009626   0x3a  Code  Gb  i2c_ee.o [1]
i2cReadBufferWorker     0x0085be  0x114  Code  Lc  i2c_ee.o [1]
i2cTest                 0x008d92   0x84  Code  Gb  blocker_services.o [1]
i2cWriteBuffer          0x00912f   0x65  Code  Gb  i2c_ee.o [1]
i2cWriteBufferWorker    0x008aca   0xd2  Code  Lc  i2c_ee.o [1]
initBlockerEE           0x008372  0x133  Code  Gb  blocker_services.o [1]
initializeTagEE         0x009b9c   0x14  Code  Gb  blocker_services.o [1]
initializeTagPins       0x009df3    0x9  Code  Gb  blocker_services.o [1]
lowVoltBatteryDetected  0x000017    0x1  Data  Gb  blocker_services.o [1]
main                    0x009ae8   0x17  Code  Gb  main.o [1]
memcmp                  0x009833   0x2e  Code  Gb  memcmp.o [4]
readCommand             0x009a7b   0x1c  Code  Gb  blocker_services.o [1]
readCommandStatus       0x009cec    0xd  Code  Gb  blocker_services.o [1]
readDateEE              0x009393   0x4a  Code  Gb  blocker_services.o [1]
readEmployeeEE          0x009b44   0x16  Code  Gb  blocker_services.o [1]
readInterruptStatus     0x009cf9    0xd  Code  Gb  blocker_services.o [1]
readRTC                 0x0087e1  0x109  Code  Gb  rtc.o [1]
readTimeEE              0x009426   0x42  Code  Gb  blocker_services.o [1]
rfCommandIRQHandler     0x0092f7   0x50  Code  Gb  blocker_services.o [1]
rtcConfigured           0x000014    0x1  Data  Gb  blocker_services.o [1]
rtcDateAddress          0x009f12    0x2  Data  Gb  rtc.o [1]
rtcTest                 0x0089e2   0xe8  Code  Gb  rtc.o [1]
rtcTimeAddress          0x009f14    0x2  Data  Gb  rtc.o [1]
setCommandStatus        0x0093dd   0x49  Code  Gb  blocker_services.o [1]
setHarvestUserConfiguration
                        0x00979c    0x5  Code  Gb  blocker_services.o [1]
setNextPacketHistory    0x0090ca   0x65  Code  Gb  blocker_services.o [1]
setRuntime              0x008c50   0xb3  Code  Gb  blocker_services.o [1]
startTimers             0x009b86   0x16  Code  Gb  rtc.o [1]
stopTimers              0x009bea   0x13  Code  Gb  rtc.o [1]
tagDiagnostics          0x009bd7   0x13  Code  Gb  blocker_services.o [1]
tamperIRQHandler        0x008f14   0x7a  Code  Gb  blocker_services.o [1]
tamperSwitchTest        0x009e91    0x6  Code  Gb  blocker_services.o [1]
testTamperSwitch        0x000016    0x1  Data  Gb  blocker_services.o [1]
updateBatteryVoltage    0x009bc4   0x13  Code  Gb  blocker_services.o [1]
updateCommandHistory    0x009acd   0x1b  Code  Gb  blocker_services.o [1]
updateCommandStatusHistory
                        0x009ab2   0x1b  Code  Gb  blocker_services.o [1]
updateEmployeeHistory   0x009940   0x22  Code  Gb  blocker_services.o [1]
updateInterruptStatus   0x009803   0x30  Code  Gb  blocker_services.o [1]
updateInterruptStatusHistory
                        0x009a97   0x1b  Code  Gb  blocker_services.o [1]


[1] = C:\ActiveWave\Software\Seal tag\Seal Tag FirmWare\release code\Release_400_LSE-BS\BLocker\IAR\Debug\Obj
[2] = command line
[3] = dbgstm8ssd.a
[4] = dlstm8ssn.a

  7 805 bytes of readonly  code memory
    189 bytes of readonly  data memory
    792 bytes of readwrite data memory

Errors: none
Warnings: none
