###############################################################################
#                                                                             #
# IAR ELF Linker V1.30.1.50036 for STM8                 02/Aug/2012  14:44:53 #
# Copyright 2010-2011 IAR Systems AB.                                         #
#                                                                             #
#    Output file  =  C:\ActiveWave\Software\Seal Tag\release                  #
#                    code\Release_330_LSE_BS\BLocker\IAR\Debug\Exe\Blocker.ou #
#                    t                                                        #
#    Map file     =  C:\ActiveWave\Software\Seal Tag\release                  #
#                    code\Release_330_LSE_BS\BLocker\IAR\Debug\List\Blocker.m #
#                    ap                                                       #
#    Command line =  "C:\ActiveWave\Software\Seal Tag\release                 #
#                    code\Release_330_LSE_BS\BLocker\IAR\Debug\Obj\blocker_se #
#                    rvices.o" "C:\ActiveWave\Software\Seal Tag\release       #
#                    code\Release_330_LSE_BS\BLocker\IAR\Debug\Obj\i2c_ee.o"  #
#                    "C:\ActiveWave\Software\Seal Tag\release                 #
#                    code\Release_330_LSE_BS\BLocker\IAR\Debug\Obj\main.o"    #
#                    "C:\ActiveWave\Software\Seal Tag\release                 #
#                    code\Release_330_LSE_BS\BLocker\IAR\Debug\Obj\stm8l15x_c #
#                    lk.o" "C:\ActiveWave\Software\Seal Tag\release           #
#                    code\Release_330_LSE_BS\BLocker\IAR\Debug\Obj\stm8l15x_e #
#                    xti.o" "C:\ActiveWave\Software\Seal Tag\release          #
#                    code\Release_330_LSE_BS\BLocker\IAR\Debug\Obj\stm8l15x_g #
#                    pio.o" "C:\ActiveWave\Software\Seal Tag\release          #
#                    code\Release_330_LSE_BS\BLocker\IAR\Debug\Obj\stm8l15x_i #
#                    2c.o" "C:\ActiveWave\Software\Seal Tag\release           #
#                    code\Release_330_LSE_BS\BLocker\IAR\Debug\Obj\stm8l15x_i #
#                    t.o" "C:\ActiveWave\Software\Seal Tag\release            #
#                    code\Release_330_LSE_BS\BLocker\IAR\Debug\Obj\stm8l15x_i #
#                    tc.o" "C:\ActiveWave\Software\Seal Tag\release           #
#                    code\Release_330_LSE_BS\BLocker\IAR\Debug\Obj\stm8l15x_p #
#                    wr.o" "C:\ActiveWave\Software\Seal Tag\release           #
#                    code\Release_330_LSE_BS\BLocker\IAR\Debug\Obj\stm8l15x_r #
#                    tc.o" "C:\ActiveWave\Software\Seal Tag\release           #
#                    code\Release_330_LSE_BS\BLocker\IAR\Debug\Obj\stm8l15x_s #
#                    pi.o" --redirect _Printf=_PrintfTiny --redirect          #
#                    _Scanf=_ScanfSmall -o "C:\ActiveWave\Software\Seal       #
#                    Tag\release code\Release_330_LSE_BS\BLocker\IAR\Debug\Ex #
#                    e\Blocker.out" --map "C:\ActiveWave\Software\Seal        #
#                    Tag\release code\Release_330_LSE_BS\BLocker\IAR\Debug\Li #
#                    st\Blocker.map" --config "C:\ActiveWave\Software\Seal    #
#                    Tag\release code\Release_330_LSE_BS\BLocker\IAR\lnkstm8l #
#                    151f3.icf" --config_def _CSTACK_SIZE=0x300 --config_def  #
#                    _HEAP_SIZE=0x100 --entry __iar_program_start --debug_lib #
#                                                                             #
#                                                                             #
###############################################################################

*******************************************************************************
*** RUNTIME MODEL ATTRIBUTES
***

__SystemLibrary            = DLib
__code_model               = small
__core                     = stm8
__data_model               = small
__dlib_file_descriptor     = 0
__dlib_full_locale_support = 0
__rt_version               = 4


*******************************************************************************
*** PLACEMENT SUMMARY
***

"A1":  place at start of [0x000000-0x0000ff] { rw section .vregs };
"P1":  place in [from 0x000000 to 0x0000ff] {
          rw section .tiny.bss, rw section .tiny.data, rw section .tiny.noinit,
          rw section .tiny.rodata };
"A2":  place at end of [0x000000-0x0003ff] { block CSTACK };
"A3":  place at start of [0x008000-0x009fff] { block INTVEC };
"P3":  place in [from 0x008000 to 0x009fff] {
          ro section .far.data_init, ro section .far_func.textrw_init,
          ro section .huge.data_init, ro section .huge_func.textrw_init,
          ro section .iar.init_table, ro section .init_array,
          ro section .near.data_init, ro section .near.rodata,
          ro section .near_func.text, ro section .near_func.textrw_init,
          ro section .tiny.data_init, ro section .tiny.rodata_init };

  Section            Kind      Address    Size  Object
  -------            ----      -------    ----  ------
"A1":                                     0x10
  .vregs             uninit   0x000000    0x10  vregs.o [4]
                            - 0x000010    0x10

"P1", part 1 of 2:                        0x16
  P1 s0                       0x000010    0x16  <Init block>
    .tiny.data       inited   0x000010     0x2  blocker_services.o [1]
    .tiny.data       inited   0x000012     0x2  blocker_services.o [1]
    .tiny.data       inited   0x000014     0x2  blocker_services.o [1]
    .tiny.data       inited   0x000016     0x2  blocker_services.o [1]
    .tiny.data       inited   0x000018     0x2  blocker_services.o [1]
    .tiny.data       inited   0x00001a     0x2  blocker_services.o [1]
    .tiny.data       inited   0x00001c     0x2  blocker_services.o [1]
    .tiny.data       inited   0x00001e     0x2  blocker_services.o [1]
    .tiny.data       inited   0x000020     0x2  blocker_services.o [1]
    .tiny.data       inited   0x000022     0x2  blocker_services.o [1]
    .tiny.data       inited   0x000024     0x2  i2c_ee.o [1]
                            - 0x000026    0x16

"P1", part 2 of 2:                        0x19
  .tiny.bss          zero     0x000026     0x4  blocker_services.o [1]
  .tiny.bss          zero     0x00002a     0x4  blocker_services.o [1]
  .tiny.bss          zero     0x00002e     0x4  blocker_services.o [1]
  .tiny.bss          zero     0x000032     0x2  blocker_services.o [1]
  .tiny.bss          zero     0x000034     0x2  blocker_services.o [1]
  .tiny.bss          zero     0x000036     0x2  blocker_services.o [1]
  .tiny.bss          zero     0x000038     0x2  i2c_ee.o [1]
  .tiny.bss          zero     0x00003a     0x1  blocker_services.o [1]
  .tiny.bss          zero     0x00003b     0x1  blocker_services.o [1]
  .tiny.bss          zero     0x00003c     0x1  blocker_services.o [1]
  .tiny.bss          zero     0x00003d     0x1  blocker_services.o [1]
  .tiny.bss          zero     0x00003e     0x1  i2c_ee.o [1]
                            - 0x00003f    0x19

"A2":                                    0x300
  CSTACK                      0x000100   0x300  <Block>
    CSTACK           uninit   0x000100   0x300  <Block tail>
                            - 0x000400   0x300

"A3":                                     0x80
  INTVEC                      0x008000    0x80  <Block>
    .intvec          const    0x008000    0x80  interrupt.o [4]
                            - 0x008080    0x80

"P3":                                   0x1f4f
  .near_func.text    ro code  0x008080   0xbb0  blocker_services.o [1]
  .near_func.text    ro code  0x008c30   0x1e9  i2c_ee.o [1]
  .near_func.text    ro code  0x008e19   0x1a1  xprintftiny.o [4]
  .near_func.text    ro code  0x008fba   0x165  i2c_ee.o [1]
  .near_func.text    ro code  0x00911f   0x119  stm8l15x_i2c.o [1]
  .near_func.text    ro code  0x009238   0x118  vreg_util.o [4]
  .near_func.text    ro code  0x009350   0x10f  long.o [4]
  .near_func.text    ro code  0x00945f    0xa1  stm8l15x_exti.o [1]
  .near_func.text    ro code  0x009500    0x7f  stm8l15x_rtc.o [1]
  .near_func.text    ro code  0x00957f    0x7d  blocker_services.o [1]
  .near_func.text    ro code  0x0095fc    0x6c  stm8l15x_clk.o [1]
  .near_func.text    ro code  0x009668    0x69  stm8l15x_rtc.o [1]
  .near_func.text    ro code  0x0096d1    0x67  stm8l15x_gpio.o [1]
  .near_func.text    ro code  0x009738    0x5b  stm8l15x_clk.o [1]
  .near_func.text    ro code  0x009793    0x54  stm8l15x_i2c.o [1]
  .near_func.text    ro code  0x0097e7    0x4c  stm8l15x_exti.o [1]
  .near_func.text    ro code  0x009833    0x42  stm8l15x_rtc.o [1]
  .near_func.text    ro code  0x009875    0x42  stm8l15x_rtc.o [1]
  .near_func.text    ro code  0x0098b7    0x41  stm8l15x_clk.o [1]
  .near_func.text    ro code  0x0098f8    0x40  stm8l15x_i2c.o [1]
  .near_func.text    ro code  0x009938    0x3f  short.o [4]
  .near_func.text    ro code  0x009977    0x3e  stm8l15x_rtc.o [1]
  .near_func.text    ro code  0x0099b5    0x3a  stm8l15x_clk.o [1]
  .near_func.text    ro code  0x0099ef    0x36  i2c_ee.o [1]
  .near_func.text    ro code  0x009a25    0x36  i2c_ee.o [1]
  .near_func.text    ro code  0x009a5b    0x34  stm8l15x_i2c.o [1]
  .near_func.text    ro code  0x009a8f    0x33  i2c_ee.o [1]
  .near_func.text    ro code  0x009ac2    0x31  stm8l15x_exti.o [1]
  .near_func.text    ro code  0x009af3    0x31  stm8l15x_exti.o [1]
  .near_func.text    ro code  0x009b24    0x2e  xprintftiny.o [4]
  .near_func.text    ro code  0x009b52    0x2c  blocker_services.o [1]
  .near_func.text    ro code  0x009b7e    0x2b  putchar.o [4]
  .near_func.text    ro code  0x009ba9    0x28  init_small.o [4]
  .near_func.text    ro code  0x009bd1    0x25  stm8l15x_rtc.o [1]
  .near_func.text    ro code  0x009bf6    0x22  stm8l15x_it.o [1]
  .iar.init_table    const    0x009c18    0x12  - Linker created -
  .near_func.text    ro code  0x009c2a    0x20  stm8l15x_rtc.o [1]
  .near_func.text    ro code  0x009c4a    0x20  printf.o [4]
  .near_func.text    ro code  0x009c6a    0x1f  stm8l15x_it.o [1]
  .near_func.text    ro code  0x009c89    0x1f  dc_util.o [4]
  .near_func.text    ro code  0x009ca8    0x1e  init_small.o [4]
  .near_func.text    ro code  0x009cc6    0x1d  stm8l15x_rtc.o [1]
  .near_func.text    ro code  0x009ce3    0x1c  stm8l15x_it.o [1]
  .near_func.text    ro code  0x009cff    0x19  xprout.o [4]
  .near_func.text    ro code  0x009d18    0x18  stm8l15x_pwr.o [1]
  .near_func.text    ro code  0x009d30    0x17  main.o [1]
  .near_func.text    ro code  0x009d47    0x17  stm8l15x_rtc.o [1]
  .near_func.text    ro code  0x009d5e    0x17  init.o [4]
  .near_func.text    ro code  0x009d75    0x16  __dbg_xxdwrite.o [3]
  .near_func.text    ro code  0x009d8b    0x14  __dbg_xxexit.o [3]
  .near_func.text    ro code  0x009d9f    0x13  cstartup.o [4]
  .near_func.text    ro code  0x009db2    0x12  strlen.o [4]
  .near_func.text    ro code  0x009dc4    0x11  stm8l15x_rtc.o [1]
  .near_func.text    ro code  0x009dd5    0x10  stm8l15x_rtc.o [1]
  .near_func.text    ro code  0x009de5     0xf  stm8l15x_clk.o [1]
  .near_func.text    ro code  0x009df4     0xf  stm8l15x_i2c.o [1]
  .near_func.text    ro code  0x009e03     0xe  stm8l15x_i2c.o [1]
  .near_func.text    ro code  0x009e11     0xe  stm8l15x_i2c.o [1]
  .near_func.text    ro code  0x009e1f     0xe  stm8l15x_i2c.o [1]
  .near_func.text    ro code  0x009e2d     0xd  stm8l15x_exti.o [1]
  .near_func.text    ro code  0x009e3a     0xd  stm8l15x_i2c.o [1]
  .near_func.text    ro code  0x009e47     0xd  stm8l15x_pwr.o [1]
  .near_func.text    ro code  0x009e54     0xd  stm8l15x_pwr.o [1]
  .near_func.text    ro code  0x009e61     0xd  move.o [4]
  .near_func.text    ro code  0x009e6e     0xc  stm8l15x_exti.o [1]
  .near_func.text    ro code  0x009e7a     0xc  stm8l15x_i2c.o [1]
  .near_func.text    ro code  0x009e86     0xc  char.o [4]
  .near_func.text    ro code  0x009e92     0xc  long_util.o [4]
  .near.rodata       const    0x009e9e     0xb  blocker_services.o [1]
  .near.rodata       const    0x009ea9     0xb  blocker_services.o [1]
  .near_func.text    ro code  0x009eb4     0xb  stm8l15x_rtc.o [1]
  .near_func.text    ro code  0x009ebf     0xb  stm8l15x_rtc.o [1]
  .near.rodata       const    0x009eca     0xa  blocker_services.o [1]
  .near_func.text    ro code  0x009ed4     0xa  stm8l15x_clk.o [1]
  .near_func.text    ro code  0x009ede     0xa  stm8l15x_rtc.o [1]
  .near_func.text    ro code  0x009ee8     0xa  stm8l15x_rtc.o [1]
  .near_func.text    ro code  0x009ef2     0x9  stm8l15x_i2c.o [1]
  .near_func.text    ro code  0x009efb     0x9  stm8l15x_rtc.o [1]
  .near_func.text    ro code  0x009f04     0x9  stm8l15x_rtc.o [1]
  .near_func.text    ro code  0x009f0d     0x9  __dbg_xxwrite.o [3]
  .near.rodata       const    0x009f16     0x8  blocker_services.o [1]
  .near.rodata       const    0x009f1e     0x8  blocker_services.o [1]
  .near_func.text    ro code  0x009f26     0x8  stm8l15x_rtc.o [1]
  .near_func.text    ro code  0x009f2e     0x6  stm8l15x_i2c.o [1]
  .near_func.text    ro code  0x009f34     0x6  xprintftiny.o [4]
  .near_func.text    ro code  0x009f3a     0x6  xprintftiny.o [4]
  .near.rodata       const    0x009f40     0x5  stm8l15x_clk.o [1]
  .near_func.text    ro code  0x009f45     0x5  stm8l15x_i2c.o [1]
  .near_func.text    ro code  0x009f4a     0x5  stm8l15x_i2c.o [1]
  .near_func.text    ro code  0x009f4f     0x5  stm8l15x_i2c.o [1]
  .near_func.text    ro code  0x009f54     0x5  stm8l15x_pwr.o [1]
  .near_func.text    ro code  0x009f59     0x5  stm8l15x_rtc.o [1]
  .near_func.text    ro code  0x009f5e     0x5  cexit.o [4]
  .near.rodata       const    0x009f63     0x4  blocker_services.o [1]
  .near.rodata       const    0x009f67     0x4  blocker_services.o [1]
  .near_func.text    ro code  0x009f6b     0x4  stm8l15x_clk.o [1]
  .near_func.text    ro code  0x009f6f     0x4  stm8l15x_gpio.o [1]
  .near_func.text    ro code  0x009f73     0x4  stm8l15x_i2c.o [1]
  .near_func.text    ro code  0x009f77     0x4  stm8l15x_rtc.o [1]
  .near.rodata       const    0x009f7b     0x3  blocker_services.o [1]
  .near.rodata       const    0x009f7e     0x3  blocker_services.o [1]
  .near_func.text    ro code  0x009f81     0x3  stm8l15x_gpio.o [1]
  .near_func.text    ro code  0x009f84     0x3  stm8l15x_gpio.o [1]
  .near_func.text    ro code  0x009f87     0x3  interrupt.o [4]
  .near_func.text    ro code  0x009f8a     0x3  low_level_init.o [4]
  .near_func.text    ro code  0x009f8d     0x3  exit.o [4]
  .near_func.text    ro code  0x009f90     0x3  unhandled_exception.o [4]
  .near.rodata       const    0x009f93     0x2  blocker_services.o [1]
  .near.rodata       const    0x009f95     0x2  blocker_services.o [1]
  .near.rodata       const    0x009f97     0x2  blocker_services.o [1]
  .near.rodata       const    0x009f99     0x2  xprintftiny.o [4]
  .near.rodata       const    0x009f9b     0x2  xprintftiny.o [4]
  .near_func.text    ro code  0x009f9d     0x1  stm8l15x_it.o [1]
  .near_func.text    ro code  0x009f9e     0x1  stm8l15x_it.o [1]
  .near_func.text    ro code  0x009f9f     0x1  stm8l15x_it.o [1]
  .near_func.text    ro code  0x009fa0     0x1  stm8l15x_it.o [1]
  .near_func.text    ro code  0x009fa1     0x1  stm8l15x_it.o [1]
  .near_func.text    ro code  0x009fa2     0x1  stm8l15x_it.o [1]
  .near_func.text    ro code  0x009fa3     0x1  stm8l15x_it.o [1]
  .near_func.text    ro code  0x009fa4     0x1  stm8l15x_it.o [1]
  .near_func.text    ro code  0x009fa5     0x1  stm8l15x_it.o [1]
  .near_func.text    ro code  0x009fa6     0x1  stm8l15x_it.o [1]
  .near_func.text    ro code  0x009fa7     0x1  stm8l15x_it.o [1]
  .near_func.text    ro code  0x009fa8     0x1  stm8l15x_it.o [1]
  .near_func.text    ro code  0x009fa9     0x1  stm8l15x_it.o [1]
  .near_func.text    ro code  0x009faa     0x1  stm8l15x_it.o [1]
  .near_func.text    ro code  0x009fab     0x1  stm8l15x_it.o [1]
  .near_func.text    ro code  0x009fac     0x1  stm8l15x_it.o [1]
  .near_func.text    ro code  0x009fad     0x1  stm8l15x_it.o [1]
  .near_func.text    ro code  0x009fae     0x1  stm8l15x_it.o [1]
  .near_func.text    ro code  0x009faf     0x1  stm8l15x_it.o [1]
  .near_func.text    ro code  0x009fb0     0x1  stm8l15x_it.o [1]
  .near_func.text    ro code  0x009fb1     0x1  stm8l15x_it.o [1]
  .near_func.text    ro code  0x009fb2     0x1  stm8l15x_it.o [1]
  .near_func.text    ro code  0x009fb3     0x1  stm8l15x_it.o [1]
  .near_func.text    ro code  0x009fb4     0x1  stm8l15x_it.o [1]
  .near_func.text    ro code  0x009fb5     0x1  stm8l15x_it.o [1]
  .near_func.text    ro code  0x009fb6     0x1  stm8l15x_it.o [1]
  .near_func.text    ro code  0x009fb7     0x1  stm8l15x_it.o [1]
  .near_func.text    ro code  0x009fb8     0x1  __dbg_break.o [3]
  Initializer bytes  ro data  0x009fb9    0x16  <for P1 s0>
                            - 0x009fcf  0x1f4f


*******************************************************************************
*** INIT TABLE
***

          Address   Size
          -------   ----
Zero (__iar_zero_init2)
    1 destination range, total size 0x19:
          0x000026  0x19

Copy (__iar_copy_init2)
    1 source range, total size 0x16:
          0x009fb9  0x16
    1 destination range, total size 0x16:
          0x000010  0x16


*******************************************************************************
*** MODULE SUMMARY
***

    Module                 ro code  ro data  rw data
    ------                 -------  -------  -------
C:\ActiveWave\Software\Seal Tag\release code\Release_330_LSE_BS\BLocker\IAR\Debug\Obj: [1]
    blocker_services.o       3 161       88       42
    i2c_ee.o                 1 005        2        5
    main.o                      23
    stm8l15x_clk.o             351        5
    stm8l15x_exti.o            360
    stm8l15x_gpio.o            113
    stm8l15x_i2c.o             597
    stm8l15x_it.o              120
    stm8l15x_pwr.o              55
    stm8l15x_rtc.o             657
    ------------------------------------------------
    Total:                   6 442       95       47

command line: [2]
    ------------------------------------------------
    Total:

dbgstm8ssd.a: [3]
    __dbg_break.o                1
    __dbg_xxdwrite.o            22
    __dbg_xxexit.o              20
    __dbg_xxwrite.o              9
    ------------------------------------------------
    Total:                      52

dlstm8ssn.a: [4]
    cexit.o                      5
    char.o                      12
    cstartup.o                  19
    dc_util.o                   31
    exit.o                       3
    init.o                      23
    init_small.o                70
    interrupt.o                  3      128
    long.o                     271
    long_util.o                 12
    low_level_init.o             3
    move.o                      13
    printf.o                    32
    putchar.o                   43
    short.o                     63
    strlen.o                    18
    unhandled_exception.o        3
    vreg_util.o                280
    vregs.o                                       16
    xprintftiny.o              475        4
    xprout.o                    25
    ------------------------------------------------
    Total:                   1 404      132       16

    Linker created                       18      768
----------------------------------------------------
    Grand Total:             7 898      245      831


*******************************************************************************
*** ENTRY LIST
***

Entry                    Address   Size  Type      Object
-----                    -------   ----  ----      ------
?b0                     0x000000         Data  Gb  vregs.o [4]
?b1                     0x000001         Data  Gb  vregs.o [4]
?b10                    0x00000a         Data  Gb  vregs.o [4]
?b11                    0x00000b         Data  Gb  vregs.o [4]
?b12                    0x00000c         Data  Gb  vregs.o [4]
?b13                    0x00000d         Data  Gb  vregs.o [4]
?b14                    0x00000e         Data  Gb  vregs.o [4]
?b15                    0x00000f         Data  Gb  vregs.o [4]
?b2                     0x000002         Data  Gb  vregs.o [4]
?b3                     0x000003         Data  Gb  vregs.o [4]
?b4                     0x000004         Data  Gb  vregs.o [4]
?b5                     0x000005         Data  Gb  vregs.o [4]
?b6                     0x000006         Data  Gb  vregs.o [4]
?b7                     0x000007         Data  Gb  vregs.o [4]
?b8                     0x000008         Data  Gb  vregs.o [4]
?b9                     0x000009         Data  Gb  vregs.o [4]
?dc32_l1                0x009c90         Code  Gb  dc_util.o [4]
?dc32_px                0x009c9d         Code  Gb  dc_util.o [4]
?dc8_px                 0x009c89         Code  Gb  dc_util.o [4]
?e0                     0x000001         Data  Gb  vregs.o [4]
?e1                     0x000005         Data  Gb  vregs.o [4]
?e2                     0x000009         Data  Gb  vregs.o [4]
?e3                     0x00000d         Data  Gb  vregs.o [4]
?epilogue_l2            0x0092dd         Code  Gb  vreg_util.o [4]
?epilogue_l2_l3         0x0092da         Code  Gb  vreg_util.o [4]
?epilogue_l2_w6         0x0092e1         Code  Gb  vreg_util.o [4]
?epilogue_w4            0x0092e8         Code  Gb  vreg_util.o [4]
?l0                     0x000000         Data  Gb  vregs.o [4]
?l1                     0x000004         Data  Gb  vregs.o [4]
?l2                     0x000008         Data  Gb  vregs.o [4]
?l3                     0x00000c         Data  Gb  vregs.o [4]
?load32_l1_0x           0x009e92         Code  Gb  long_util.o [4]
?mov_e0_e2              0x009312         Code  Gb  vreg_util.o [4]
?mov_e0_e3              0x00931f         Code  Gb  vreg_util.o [4]
?mov_e1_e0              0x00932c         Code  Gb  vreg_util.o [4]
?mov_e2_e0              0x009339         Code  Gb  vreg_util.o [4]
?mov_e3_e0              0x009346         Code  Gb  vreg_util.o [4]
?mov_l0_l2              0x00930f         Code  Gb  vreg_util.o [4]
?mov_l0_l3              0x00931c         Code  Gb  vreg_util.o [4]
?mov_l1_l0              0x009329         Code  Gb  vreg_util.o [4]
?mov_l2_l0              0x009336         Code  Gb  vreg_util.o [4]
?mov_l3_l0              0x009343         Code  Gb  vreg_util.o [4]
?mov_w0_w3              0x0092ec         Code  Gb  vreg_util.o [4]
?mov_w0_w5              0x0092f3         Code  Gb  vreg_util.o [4]
?mov_w1_w5              0x009315         Code  Gb  vreg_util.o [4]
?mov_w1_w7              0x009322         Code  Gb  vreg_util.o [4]
?mov_w2_w3              0x0092fa         Code  Gb  vreg_util.o [4]
?mov_w3_w1              0x00932f         Code  Gb  vreg_util.o [4]
?mov_w4_w1              0x009301         Code  Gb  vreg_util.o [4]
?mov_w5_w0              0x009308         Code  Gb  vreg_util.o [4]
?mov_w5_w1              0x00933c         Code  Gb  vreg_util.o [4]
?mov_w7_w1              0x009349         Code  Gb  vreg_util.o [4]
?move1616_v_x_y_a       0x009e61         Code  Gb  move.o [4]
?mul16_x_x_w0           0x009938         Code  Gb  short.o [4]
?mul32_l0_l0_0x         0x009353         Code  Gb  long.o [4]
?mul32_l0_l0_dl         0x009350         Code  Gb  long.o [4]
?mul32_l0_l0_l1         0x00935c         Code  Gb  long.o [4]
?pop_l0                 0x0092a6         Code  Gb  vreg_util.o [4]
?pop_l1                 0x0092b1         Code  Gb  vreg_util.o [4]
?pop_l2                 0x0092bc         Code  Gb  vreg_util.o [4]
?pop_l3                 0x0092c7         Code  Gb  vreg_util.o [4]
?pop_w4                 0x00925f         Code  Gb  vreg_util.o [4]
?pop_w6                 0x009266         Code  Gb  vreg_util.o [4]
?push_l0                0x009275         Code  Gb  vreg_util.o [4]
?push_l1                0x00927a         Code  Gb  vreg_util.o [4]
?push_l2                0x00927f         Code  Gb  vreg_util.o [4]
?push_l3                0x009284         Code  Gb  vreg_util.o [4]
?push_w0                0x009238         Code  Gb  vreg_util.o [4]
?push_w1                0x00923d         Code  Gb  vreg_util.o [4]
?push_w4                0x009242         Code  Gb  vreg_util.o [4]
?push_w6                0x009247         Code  Gb  vreg_util.o [4]
?sdiv16_x_x_y           0x009956         Code  Gb  short.o [4]
?sll16_x_x_a            0x00996f         Code  Gb  short.o [4]
?sll32_0x_0x_a          0x009451         Code  Gb  long.o [4]
?sll32_l0_l0_a          0x00944e         Code  Gb  long.o [4]
?sll32_l0_l0_db         0x00944a         Code  Gb  long.o [4]
?sll8_a_a_5             0x009e87         Code  Gb  char.o [4]
?sll8_a_a_6             0x009e86         Code  Gb  char.o [4]
?srl8_a_a_5             0x009e8d         Code  Gb  char.o [4]
?srl8_a_a_6             0x009e8c         Code  Gb  char.o [4]
?udiv32_l0_l0_dl        0x0093da         Code  Gb  long.o [4]
?udiv32_l0_l0_l1        0x0093dd         Code  Gb  long.o [4]
?umod32_l1_l0_l1        0x0093dd         Code  Gb  long.o [4]
?w0                     0x000000         Data  Gb  vregs.o [4]
?w1                     0x000002         Data  Gb  vregs.o [4]
?w2                     0x000004         Data  Gb  vregs.o [4]
?w3                     0x000006         Data  Gb  vregs.o [4]
?w4                     0x000008         Data  Gb  vregs.o [4]
?w5                     0x00000a         Data  Gb  vregs.o [4]
?w6                     0x00000c         Data  Gb  vregs.o [4]
?w7                     0x00000e         Data  Gb  vregs.o [4]
ADC1_COMP_IRQHandler    0x009fac    0x1  Code  Gb  stm8l15x_it.o [1]
Bcd2ToByte              0x009d47   0x17  Code  Lc  stm8l15x_rtc.o [1]
ByteToBcd2              0x009cc6   0x1d  Code  Lc  stm8l15x_rtc.o [1]
CLK_DeInit              0x0098b7   0x41  Code  Gb  stm8l15x_clk.o [1]
CLK_GetClockFreq        0x0099b5   0x3a  Code  Gb  stm8l15x_clk.o [1]
CLK_GetFlagStatus       0x0095fc   0x6c  Code  Gb  stm8l15x_clk.o [1]
CLK_LSEConfig           0x009de5    0xf  Code  Gb  stm8l15x_clk.o [1]
CLK_PeripheralClockConfig
                        0x009738   0x5b  Code  Gb  stm8l15x_clk.o [1]
CLK_RTCClockConfig      0x009ed4    0xa  Code  Gb  stm8l15x_clk.o [1]
CLK_SYSCLKDivConfig     0x009f6b    0x4  Code  Gb  stm8l15x_clk.o [1]
CSTACK$$Base            0x000100          --   Gb  - Linker created -
CSTACK$$Limit           0x000400          --   Gb  - Linker created -
DMA1_CHANNEL0_1_IRQHandler
                        0x009f9f    0x1  Code  Gb  stm8l15x_it.o [1]
DMA1_CHANNEL2_3_IRQHandler
                        0x009fa0    0x1  Code  Gb  stm8l15x_it.o [1]
EXTI0_IRQHandler        0x009fa3    0x1  Code  Gb  stm8l15x_it.o [1]
EXTI1_IRQHandler        0x009fa4    0x1  Code  Gb  stm8l15x_it.o [1]
EXTI2_IRQHandler        0x009fa5    0x1  Code  Gb  stm8l15x_it.o [1]
EXTI3_IRQHandler        0x009ce3   0x1c  Code  Gb  stm8l15x_it.o [1]
EXTI4_IRQHandler        0x009fa6    0x1  Code  Gb  stm8l15x_it.o [1]
EXTI5_IRQHandler        0x009fa7    0x1  Code  Gb  stm8l15x_it.o [1]
EXTI6_IRQHandler        0x009fa8    0x1  Code  Gb  stm8l15x_it.o [1]
EXTI7_IRQHandler        0x009fa9    0x1  Code  Gb  stm8l15x_it.o [1]
EXTIB_G_IRQHandler      0x009fa2    0x1  Code  Gb  stm8l15x_it.o [1]
EXTID_H_IRQHandler      0x009bf6   0x22  Code  Gb  stm8l15x_it.o [1]
EXTIE_F_PVD_IRQHandler  0x009c6a   0x1f  Code  Gb  stm8l15x_it.o [1]
EXTI_ClearITPendingBit  0x009e2d    0xd  Code  Gb  stm8l15x_exti.o [1]
EXTI_SelectPort         0x009ac2   0x31  Code  Gb  stm8l15x_exti.o [1]
EXTI_SetHalfPortSelection
                        0x009af3   0x31  Code  Gb  stm8l15x_exti.o [1]
EXTI_SetPinSensitivity  0x00945f   0xa1  Code  Gb  stm8l15x_exti.o [1]
EXTI_SetPortSensitivity
                        0x0097e7   0x4c  Code  Gb  stm8l15x_exti.o [1]
FLASH_IRQHandler        0x009f9e    0x1  Code  Gb  stm8l15x_it.o [1]
GPIO_Init               0x0096d1   0x67  Code  Gb  stm8l15x_gpio.o [1]
GPIO_ReadInputDataBit   0x009f84    0x3  Code  Gb  stm8l15x_gpio.o [1]
GPIO_ResetBits          0x009f6f    0x4  Code  Gb  stm8l15x_gpio.o [1]
GPIO_SetBits            0x009f81    0x3  Code  Gb  stm8l15x_gpio.o [1]
I2C1_SPI2_IRQHandler    0x009fb7    0x1  Code  Gb  stm8l15x_it.o [1]
I2C_AckPositionConfig   0x009f73    0x4  Code  Gb  stm8l15x_i2c.o [1]
I2C_AcknowledgeConfig   0x009e1f    0xe  Code  Gb  stm8l15x_i2c.o [1]
I2C_CheckEvent          0x009793   0x54  Code  Gb  stm8l15x_i2c.o [1]
I2C_Cmd                 0x009e3a    0xd  Code  Gb  stm8l15x_i2c.o [1]
I2C_DeInit              0x0098f8   0x40  Code  Gb  stm8l15x_i2c.o [1]
I2C_GenerateSTART       0x009e03    0xe  Code  Gb  stm8l15x_i2c.o [1]
I2C_GenerateSTOP        0x009e11    0xe  Code  Gb  stm8l15x_i2c.o [1]
I2C_GetFlagStatus       0x009a5b   0x34  Code  Gb  stm8l15x_i2c.o [1]
I2C_Init                0x00911f  0x119  Code  Gb  stm8l15x_i2c.o [1]
I2C_ReceiveData         0x009f4f    0x5  Code  Gb  stm8l15x_i2c.o [1]
I2C_Send7bitAddress     0x009df4    0xf  Code  Gb  stm8l15x_i2c.o [1]
I2C_SendData            0x009f4a    0x5  Code  Gb  stm8l15x_i2c.o [1]
INTVEC$$Base            0x008000          --   Gb  - Linker created -
INTVEC$$Limit           0x008080          --   Gb  - Linker created -
LCD_AES_IRQHandler      0x009faa    0x1  Code  Gb  stm8l15x_it.o [1]
PWR_GetFlagStatus       0x009d18   0x18  Code  Gb  stm8l15x_pwr.o [1]
PWR_PVDClearITPendingBit
                        0x009f54    0x5  Code  Gb  stm8l15x_pwr.o [1]
PWR_PVDCmd              0x009e47    0xd  Code  Gb  stm8l15x_pwr.o [1]
PWR_PVDITConfig         0x009e54    0xd  Code  Gb  stm8l15x_pwr.o [1]
RTC_CSSLSE_IRQHandler   0x009fa1    0x1  Code  Gb  stm8l15x_it.o [1]
RTC_DateStructInit      0x009dd5   0x10  Code  Gb  stm8l15x_rtc.o [1]
RTC_EnterInitMode       0x009c2a   0x20  Code  Gb  stm8l15x_rtc.o [1]
RTC_GetDate             0x009875   0x42  Code  Gb  stm8l15x_rtc.o [1]
RTC_GetTime             0x009833   0x42  Code  Gb  stm8l15x_rtc.o [1]
RTC_Init                0x009977   0x3e  Code  Gb  stm8l15x_rtc.o [1]
RTC_SetDate             0x009500   0x7f  Code  Gb  stm8l15x_rtc.o [1]
RTC_SetTime             0x009668   0x69  Code  Gb  stm8l15x_rtc.o [1]
RTC_TimeStructInit      0x009f26    0x8  Code  Gb  stm8l15x_rtc.o [1]
RTC_WaitForSynchro      0x009bd1   0x25  Code  Gb  stm8l15x_rtc.o [1]
Region$$Table$$Base     0x009c18          --   Gb  - Linker created -
Region$$Table$$Limit    0x009c2a          --   Gb  - Linker created -
SPI1_IRQHandler         0x009fb4    0x1  Code  Gb  stm8l15x_it.o [1]
SWITCH_CSS_BREAK_DAC_IRQHandler
                        0x009fab    0x1  Code  Gb  stm8l15x_it.o [1]
SYSDivFactor            0x009f40    0x5  Data  Gb  stm8l15x_clk.o [1]
TIM1_CC_IRQHandler      0x009fb2    0x1  Code  Gb  stm8l15x_it.o [1]
TIM1_UPD_OVF_TRG_COM_IRQHandler
                        0x009fb1    0x1  Code  Gb  stm8l15x_it.o [1]
TIM2_CC_USART2_RX_IRQHandler
                        0x009fae    0x1  Code  Gb  stm8l15x_it.o [1]
TIM2_UPD_OVF_TRG_BRK_USART2_TX_IRQHandler
                        0x009fad    0x1  Code  Gb  stm8l15x_it.o [1]
TIM3_CC_USART3_RX_IRQHandler
                        0x009fb0    0x1  Code  Gb  stm8l15x_it.o [1]
TIM3_UPD_OVF_TRG_BRK_USART3_TX_IRQHandler
                        0x009faf    0x1  Code  Gb  stm8l15x_it.o [1]
TIM4_UPD_OVF_TRG_IRQHandler
                        0x009fb3    0x1  Code  Gb  stm8l15x_it.o [1]
TRAP_IRQHandler         0x009f9d    0x1  Code  Gb  stm8l15x_it.o [1]
USART1_RX_TIM5_CC_IRQHandler
                        0x009fb6    0x1  Code  Gb  stm8l15x_it.o [1]
USART1_TX_TIM5_UPD_OVF_TRG_BRK_IRQHandler
                        0x009fb5    0x1  Code  Gb  stm8l15x_it.o [1]
_PrintfTiny             0x008e19  0x1a1  Code  Gb  xprintftiny.o [4]
_Prout                  0x009cff   0x19  Code  Gb  xprout.o [4]
__DebugBreak            0x009fb8    0x1  Code  Gb  __dbg_break.o [3]
__dwrite                0x009d75   0x16  Code  Gb  __dbg_xxdwrite.o [3]
__exit                  0x009d8b   0x14  Code  Gb  __dbg_xxexit.o [3]
__iar_copy_init2        0x009ba9         Code  Gb  init_small.o [4]
__iar_data_init2        0x009d5e   0x17  Code  Gb  init.o [4]
__iar_program_start     0x009d9f         Code  Gb  cstartup.o [4]
__iar_unhandled_exception
                        0x009f90         Code  Gb  unhandled_exception.o [4]
__iar_zero_init2        0x009ca8         Code  Gb  init_small.o [4]
__intvec                0x008000         Data  Gb  interrupt.o [4]
__low_level_init        0x009f8a    0x3  Code  Gb  low_level_init.o [4]
__write                 0x009f0d    0x9  Code  Gb  __dbg_xxwrite.o [3]
_exit                   0x009f5e         Code  Gb  cexit.o [4]
_interrupt_1            0x009f9d         Code  Gb  stm8l15x_it.o [1]
_interrupt_10           0x009fa3         Code  Gb  stm8l15x_it.o [1]
_interrupt_11           0x009fa4         Code  Gb  stm8l15x_it.o [1]
_interrupt_12           0x009fa5         Code  Gb  stm8l15x_it.o [1]
_interrupt_13           0x009ce3         Code  Gb  stm8l15x_it.o [1]
_interrupt_14           0x009fa6         Code  Gb  stm8l15x_it.o [1]
_interrupt_15           0x009fa7         Code  Gb  stm8l15x_it.o [1]
_interrupt_16           0x009fa8         Code  Gb  stm8l15x_it.o [1]
_interrupt_17           0x009fa9         Code  Gb  stm8l15x_it.o [1]
_interrupt_18           0x009faa         Code  Gb  stm8l15x_it.o [1]
_interrupt_19           0x009fab         Code  Gb  stm8l15x_it.o [1]
_interrupt_2            0x009f87         Code  Wk  interrupt.o [4]
_interrupt_20           0x009fac         Code  Gb  stm8l15x_it.o [1]
_interrupt_21           0x009fad         Code  Gb  stm8l15x_it.o [1]
_interrupt_22           0x009fae         Code  Gb  stm8l15x_it.o [1]
_interrupt_23           0x009faf         Code  Gb  stm8l15x_it.o [1]
_interrupt_24           0x009fb0         Code  Gb  stm8l15x_it.o [1]
_interrupt_25           0x009fb1         Code  Gb  stm8l15x_it.o [1]
_interrupt_26           0x009fb2         Code  Gb  stm8l15x_it.o [1]
_interrupt_27           0x009fb3         Code  Gb  stm8l15x_it.o [1]
_interrupt_28           0x009fb4         Code  Gb  stm8l15x_it.o [1]
_interrupt_29           0x009fb5         Code  Gb  stm8l15x_it.o [1]
_interrupt_3            0x009f9e         Code  Gb  stm8l15x_it.o [1]
_interrupt_30           0x009fb6         Code  Gb  stm8l15x_it.o [1]
_interrupt_31           0x009fb7         Code  Gb  stm8l15x_it.o [1]
_interrupt_4            0x009f9f         Code  Gb  stm8l15x_it.o [1]
_interrupt_5            0x009fa0         Code  Gb  stm8l15x_it.o [1]
_interrupt_6            0x009fa1         Code  Gb  stm8l15x_it.o [1]
_interrupt_7            0x009c6a         Code  Gb  stm8l15x_it.o [1]
_interrupt_8            0x009fa2         Code  Gb  stm8l15x_it.o [1]
_interrupt_9            0x009bf6         Code  Gb  stm8l15x_it.o [1]
batteryVoltageAddress   0x000016    0x2  Data  Gb  blocker_services.o [1]
batteryVoltageIRQHandler
                        0x008c06   0x2a  Code  Gb  blocker_services.o [1]
clockGpioConfig         0x00823b   0x81  Code  Gb  blocker_services.o [1]
commandAddress          0x000032    0x2  Data  Gb  blocker_services.o [1]
commandFactoryDataReset
                        0x008958   0x18  Code  Gb  blocker_services.o [1]
commandFlushHistory     0x008987   0x43  Code  Gb  blocker_services.o [1]
commandHandler          0x008a83  0x10c  Code  Gb  blocker_services.o [1]
commandReadBatteryVoltage
                        0x008970   0x17  Code  Gb  blocker_services.o [1]
commandReadHistory      0x0089ca    0xc  Code  Gb  blocker_services.o [1]
commandReadRTC          0x008a62   0x21  Code  Gb  blocker_services.o [1]
commandStartTimers      0x008a00   0x62  Code  Gb  blocker_services.o [1]
commandStatusAddress    0x000010    0x2  Data  Gb  blocker_services.o [1]
commandStopTimers       0x0089d6   0x2a  Code  Gb  blocker_services.o [1]
configureRTC            0x0088f5   0x63  Code  Gb  blocker_services.o [1]
cpt                     0x000038    0x2  Data  Gb  i2c_ee.o [1]
date                    0x00002e    0x4  Data  Gb  blocker_services.o [1]
delay                   0x008080    0xf  Code  Gb  blocker_services.o [1]
disableEHMode           0x00833a   0x2d  Code  Gb  blocker_services.o [1]
empIdAddress            0x000020    0x2  Data  Gb  blocker_services.o [1]
exit                    0x009f8d    0x3  Code  Gb  exit.o [4]
f                       0x00003e    0x1  Data  Gb  i2c_ee.o [1]
flushHistory            0x0086d2   0x92  Code  Gb  blocker_services.o [1]
getArrayFromInt16       0x0085af    0xd  Code  Gb  blocker_services.o [1]
getInt16                0x0082d3   0x16  Code  Gb  blocker_services.o [1]
getTimeTest             0x0080a4   0x17  Code  Gb  blocker_services.o [1]
histPacket              0x000034    0x2  Data  Gb  blocker_services.o [1]
histPacketAddress       0x000018    0x2  Data  Gb  blocker_services.o [1]
histPacketNumber        0x000036    0x2  Data  Gb  blocker_services.o [1]
histPacketNumberAddress
                        0x00001a    0x2  Data  Gb  blocker_services.o [1]
historyRead             0x00003b    0x1  Data  Gb  blocker_services.o [1]
i2cInit                 0x009a8f   0x33  Code  Gb  i2c_ee.o [1]
i2cPowerOff             0x0082bc    0x5  Code  Gb  blocker_services.o [1]
i2cPowerOn              0x00859b    0xd  Code  Gb  blocker_services.o [1]
i2cReadBuffer           0x0099ef   0x36  Code  Gb  i2c_ee.o [1]
i2cReadBufferWorker     0x008c30  0x1e9  Code  Gb  i2c_ee.o [1]
i2cTest                 0x00819f   0x8f  Code  Gb  blocker_services.o [1]
i2cWriteBuffer          0x009a25   0x36  Code  Gb  i2c_ee.o [1]
i2cWriteBufferWorker    0x008fba  0x165  Code  Gb  i2c_ee.o [1]
init                    0x000026    0x4  Data  Gb  blocker_services.o [1]
initBlockerEE           0x008441  0x148  Code  Gb  blocker_services.o [1]
initializeTagEE         0x008589   0x12  Code  Gb  blocker_services.o [1]
initializeTagPins       0x0085a8    0x7  Code  Gb  blocker_services.o [1]
interruptStatusAddress  0x000014    0x2  Data  Gb  blocker_services.o [1]
isBandOpen              0x009b52   0x2c  Code  Gb  blocker_services.o [1]
lowVoltBatteryDetected  0x00003d    0x1  Data  Gb  blocker_services.o [1]
main                    0x009d30   0x17  Code  Gb  main.o [1]
out                     0x009b24   0x2e  Code  Lc  xprintftiny.o [4]
printf                  0x009c4a   0x20  Code  Gb  printf.o [4]
putchar                 0x009b7e   0x2b  Code  Gb  putchar.o [4]
readCommand             0x00877c   0x22  Code  Gb  blocker_services.o [1]
readCommandStatus       0x008770    0xc  Code  Gb  blocker_services.o [1]
readDateEE              0x0088ab   0x4a  Code  Gb  blocker_services.o [1]
readEmployeeEE          0x00863c   0x18  Code  Gb  blocker_services.o [1]
readInterruptStatus     0x008764    0xc  Code  Gb  blocker_services.o [1]
readRTC                 0x00879e   0xcb  Code  Gb  blocker_services.o [1]
readTimeEE              0x008869   0x42  Code  Gb  blocker_services.o [1]
reservedTestAddress     0x000022    0x2  Data  Gb  blocker_services.o [1]
rfCommandIRQHandler     0x008b8f   0x77  Code  Gb  blocker_services.o [1]
rtcConfigured           0x00003a    0x1  Data  Gb  blocker_services.o [1]
rtcDateAddress          0x00001c    0x2  Data  Gb  blocker_services.o [1]
rtcTest                 0x0080d1   0xce  Code  Gb  blocker_services.o [1]
rtcTimeAddress          0x00001e    0x2  Data  Gb  blocker_services.o [1]
setCommandStatus        0x0085d7   0x40  Code  Gb  blocker_services.o [1]
setHarvestUserConfiguration
                        0x008367    0x5  Code  Gb  blocker_services.o [1]
setNextPacketHistory    0x00866f   0x63  Code  Gb  blocker_services.o [1]
setRuntime              0x00836c   0xd5  Code  Gb  blocker_services.o [1]
startTimers             0x0080bb   0x16  Code  Gb  blocker_services.o [1]
stopTimers              0x00808f   0x15  Code  Gb  blocker_services.o [1]
strlen                  0x009db2   0x12  Code  Gb  strlen.o [4]
tagDiagnostics          0x00822e    0x6  Code  Gb  blocker_services.o [1]
tagVersionAddress       0x000012    0x2  Data  Gb  blocker_services.o [1]
tamperIRQHandler        0x00957f   0x7d  Code  Gb  blocker_services.o [1]
tamperSwitchTest        0x008234    0x7  Code  Gb  blocker_services.o [1]
testTamperSwitch        0x00003c    0x1  Data  Gb  blocker_services.o [1]
time                    0x00002a    0x4  Data  Gb  blocker_services.o [1]
timeout                 0x000024    0x2  Data  Gb  i2c_ee.o [1]
updateBatteryVoltage    0x0082c1   0x12  Code  Gb  blocker_services.o [1]
updateCommandHistory    0x008654   0x1b  Code  Gb  blocker_services.o [1]
updateCommandStatusHistory
                        0x0085bc   0x1b  Code  Gb  blocker_services.o [1]
updateEmployeeHistory   0x008617   0x25  Code  Gb  blocker_services.o [1]
updateInterruptStatus   0x008304   0x36  Code  Gb  blocker_services.o [1]
updateInterruptStatusHistory
                        0x0082e9   0x1b  Code  Gb  blocker_services.o [1]


[1] = C:\ActiveWave\Software\Seal Tag\release code\Release_330_LSE_BS\BLocker\IAR\Debug\Obj
[2] = command line
[3] = dbgstm8ssd.a
[4] = dlstm8ssn.a

  7 898 bytes of readonly  code memory
    245 bytes of readonly  data memory
    831 bytes of readwrite data memory

Errors: none
Warnings: none
