###############################################################################
#                                                                             #
# IAR ELF Linker V1.30.1.50036 for STM8                 28/Oct/2012  12:16:35 #
# Copyright 2010-2011 IAR Systems AB.                                         #
#                                                                             #
#    Output file  =  C:\ActiveWave\Software\Seal tag\Seal Tag                 #
#                    FirmWare\Fabiano-9-22-2012\BLocker\IAR\Release\Exe\Block #
#                    er.out                                                   #
#    Map file     =  C:\ActiveWave\Software\Seal tag\Seal Tag                 #
#                    FirmWare\Fabiano-9-22-2012\BLocker\IAR\Release\List\Bloc #
#                    ker.map                                                  #
#    Command line =  "C:\ActiveWave\Software\Seal tag\Seal Tag                #
#                    FirmWare\Fabiano-9-22-2012\BLocker\IAR\Release\Obj\band. #
#                    o" "C:\ActiveWave\Software\Seal tag\Seal Tag             #
#                    FirmWare\Fabiano-9-22-2012\BLocker\IAR\Release\Obj\batte #
#                    ry.o" "C:\ActiveWave\Software\Seal tag\Seal Tag          #
#                    FirmWare\Fabiano-9-22-2012\BLocker\IAR\Release\Obj\block #
#                    er_services.o" "C:\ActiveWave\Software\Seal tag\Seal     #
#                    Tag FirmWare\Fabiano-9-22-2012\BLocker\IAR\Release\Obj\c #
#                    lock.o" "C:\ActiveWave\Software\Seal tag\Seal Tag        #
#                    FirmWare\Fabiano-9-22-2012\BLocker\IAR\Release\Obj\i2c_e #
#                    e.o" "C:\ActiveWave\Software\Seal tag\Seal Tag           #
#                    FirmWare\Fabiano-9-22-2012\BLocker\IAR\Release\Obj\led.o #
#                    " "C:\ActiveWave\Software\Seal tag\Seal Tag              #
#                    FirmWare\Fabiano-9-22-2012\BLocker\IAR\Release\Obj\main. #
#                    o" "C:\ActiveWave\Software\Seal tag\Seal Tag             #
#                    FirmWare\Fabiano-9-22-2012\BLocker\IAR\Release\Obj\platf #
#                    orm.o" "C:\ActiveWave\Software\Seal tag\Seal Tag         #
#                    FirmWare\Fabiano-9-22-2012\BLocker\IAR\Release\Obj\rf.o" #
#                     "C:\ActiveWave\Software\Seal tag\Seal Tag               #
#                    FirmWare\Fabiano-9-22-2012\BLocker\IAR\Release\Obj\rtc.o #
#                    " "C:\ActiveWave\Software\Seal tag\Seal Tag              #
#                    FirmWare\Fabiano-9-22-2012\BLocker\IAR\Release\Obj\stm8l #
#                    15x_clk.o" "C:\ActiveWave\Software\Seal tag\Seal Tag     #
#                    FirmWare\Fabiano-9-22-2012\BLocker\IAR\Release\Obj\stm8l #
#                    15x_exti.o" "C:\ActiveWave\Software\Seal tag\Seal Tag    #
#                    FirmWare\Fabiano-9-22-2012\BLocker\IAR\Release\Obj\stm8l #
#                    15x_gpio.o" "C:\ActiveWave\Software\Seal tag\Seal Tag    #
#                    FirmWare\Fabiano-9-22-2012\BLocker\IAR\Release\Obj\stm8l #
#                    15x_i2c.o" "C:\ActiveWave\Software\Seal tag\Seal Tag     #
#                    FirmWare\Fabiano-9-22-2012\BLocker\IAR\Release\Obj\stm8l #
#                    15x_it.o" "C:\ActiveWave\Software\Seal tag\Seal Tag      #
#                    FirmWare\Fabiano-9-22-2012\BLocker\IAR\Release\Obj\stm8l #
#                    15x_itc.o" "C:\ActiveWave\Software\Seal tag\Seal Tag     #
#                    FirmWare\Fabiano-9-22-2012\BLocker\IAR\Release\Obj\stm8l #
#                    15x_pwr.o" "C:\ActiveWave\Software\Seal tag\Seal Tag     #
#                    FirmWare\Fabiano-9-22-2012\BLocker\IAR\Release\Obj\stm8l #
#                    15x_rtc.o" "C:\ActiveWave\Software\Seal tag\Seal Tag     #
#                    FirmWare\Fabiano-9-22-2012\BLocker\IAR\Release\Obj\stm8l #
#                    15x_spi.o" --redirect _Printf=_PrintfSmall --redirect    #
#                    _Scanf=_ScanfSmall -o "C:\ActiveWave\Software\Seal       #
#                    tag\Seal Tag FirmWare\Fabiano-9-22-2012\BLocker\IAR\Rele #
#                    ase\Exe\Blocker.out" --map "C:\ActiveWave\Software\Seal  #
#                    tag\Seal Tag FirmWare\Fabiano-9-22-2012\BLocker\IAR\Rele #
#                    ase\List\Blocker.map" --config                           #
#                    "C:\ActiveWave\Software\Seal tag\Seal Tag                #
#                    FirmWare\Fabiano-9-22-2012\BLocker\IAR\lnkstm8l151f3.icf #
#                    " --config_def _CSTACK_SIZE=0x300 --config_def           #
#                    _HEAP_SIZE=0x300 --entry __iar_program_start             #
#                                                                             #
#                                                                             #
###############################################################################

*******************************************************************************
*** RUNTIME MODEL ATTRIBUTES
***

__SystemLibrary            = DLib
__code_model               = small
__core                     = stm8
__data_model               = small
__dlib_file_descriptor     = 0
__dlib_full_locale_support = 0
__rt_version               = 4


*******************************************************************************
*** PLACEMENT SUMMARY
***

"A1":  place at start of [0x000000-0x0000ff] { rw section .vregs };
"P1":  place in [from 0x000000 to 0x0000ff] {
          rw section .tiny.bss, rw section .tiny.data, rw section .tiny.noinit,
          rw section .tiny.rodata };
"A2":  place at end of [0x000000-0x0003ff] { block CSTACK };
"A3":  place at start of [0x008000-0x009fff] { block INTVEC };
"P3":  place in [from 0x008000 to 0x009fff] {
          ro section .far.data_init, ro section .far_func.textrw_init,
          ro section .huge.data_init, ro section .huge_func.textrw_init,
          ro section .iar.init_table, ro section .init_array,
          ro section .near.data_init, ro section .near.rodata,
          ro section .near_func.text, ro section .near_func.textrw_init,
          ro section .tiny.data_init, ro section .tiny.rodata_init };
"P6":  place in [from 0x001000 to 0x0010ff] { rw section .eeprom.noinit };

  Section          Kind      Address    Size  Object
  -------          ----      -------    ----  ------
"A1":                                   0x10
  .vregs           uninit   0x000000    0x10  vregs.o [4]
                          - 0x000010    0x10

"P1":                                    0x8
  .tiny.bss        zero     0x000010     0x2  blocker_services.o [1]
  .tiny.bss        zero     0x000012     0x2  blocker_services.o [1]
  .tiny.bss        zero     0x000014     0x1  blocker_services.o [1]
  .tiny.bss        zero     0x000015     0x1  blocker_services.o [1]
  .tiny.bss        zero     0x000016     0x1  blocker_services.o [1]
  .tiny.bss        zero     0x000017     0x1  blocker_services.o [1]
                          - 0x000018     0x8

"A2":                                  0x300
  CSTACK                    0x000100   0x300  <Block>
    CSTACK         uninit   0x000100   0x300  <Block tail>
                          - 0x000400   0x300

"P6":                                    0x6
  .eeprom.noinit   uninit   0x001000     0x6  blocker_services.o [1]
                          - 0x001006     0x6

"A3":                                   0x80
  INTVEC                    0x008000    0x80  <Block>
    .intvec        const    0x008000    0x80  interrupt.o [4]
                          - 0x008080    0x80

"P3":                                 0x1cb9
  .near_func.text  ro code  0x008080   0x71a  blocker_services.o [1]
  .near_func.text  ro code  0x00879a   0x156  rtc.o [1]
  .near_func.text  ro code  0x0088f0   0x119  stm8l15x_i2c.o [1]
  .near_func.text  ro code  0x008a09   0x10f  long.o [4]
  .near_func.text  ro code  0x008b18   0x109  i2c_ee.o [1]
  .near_func.text  ro code  0x008c21   0x100  rtc.o [1]
  .near_func.text  ro code  0x008d21    0xeb  vreg_util.o [4]
  .near_func.text  ro code  0x008e0c    0xe5  rtc.o [1]
  .near_func.text  ro code  0x008ef1    0xc9  i2c_ee.o [1]
  .near_func.text  ro code  0x008fba    0xa1  stm8l15x_exti.o [1]
  .near_func.text  ro code  0x00905b    0x7f  stm8l15x_rtc.o [1]
  .near_func.text  ro code  0x0090da    0x71  blocker_services.o [1]
  .near_func.text  ro code  0x00914b    0x6c  stm8l15x_clk.o [1]
  .near_func.text  ro code  0x0091b7    0x6b  blocker_services.o [1]
  .near_func.text  ro code  0x009222    0x69  stm8l15x_rtc.o [1]
  .near_func.text  ro code  0x00928b    0x67  stm8l15x_gpio.o [1]
  .near_func.text  ro code  0x0092f2    0x60  i2c_ee.o [1]
  .near_func.text  ro code  0x009352    0x5b  stm8l15x_clk.o [1]
  .near_func.text  ro code  0x0093ad    0x54  stm8l15x_i2c.o [1]
  .near_func.text  ro code  0x009401    0x4c  stm8l15x_exti.o [1]
  .near_func.text  ro code  0x00944d    0x47  short.o [4]
  .near_func.text  ro code  0x009494    0x42  blocker_services.o [1]
  .near_func.text  ro code  0x0094d6    0x42  stm8l15x_rtc.o [1]
  .near_func.text  ro code  0x009518    0x42  stm8l15x_rtc.o [1]
  .near_func.text  ro code  0x00955a    0x41  stm8l15x_clk.o [1]
  .near_func.text  ro code  0x00959b    0x40  stm8l15x_i2c.o [1]
  .near_func.text  ro code  0x0095db    0x3e  stm8l15x_rtc.o [1]
  .near_func.text  ro code  0x009619    0x3d  blocker_services.o [1]
  .near_func.text  ro code  0x009656    0x3a  stm8l15x_clk.o [1]
  .near_func.text  ro code  0x009690    0x39  i2c_ee.o [1]
  .near_func.text  ro code  0x0096c9    0x34  stm8l15x_i2c.o [1]
  .near_func.text  ro code  0x0096fd    0x33  i2c_ee.o [1]
  .near_func.text  ro code  0x009730    0x31  stm8l15x_exti.o [1]
  .near_func.text  ro code  0x009761    0x31  stm8l15x_exti.o [1]
  .near_func.text  ro code  0x009792    0x2e  memcmp.o [4]
  .near_func.text  ro code  0x0097c0    0x26  band.o [1]
  .near_func.text  ro code  0x0097e6    0x25  stm8l15x_rtc.o [1]
  .near_func.text  ro code  0x00980b    0x23  rf.o [1]
  .near_func.text  ro code  0x00982e    0x22  i2c_ee.o [1]
  .iar.init_table  const    0x009850     0x8  - Linker created -
  .near_func.text  ro code  0x009858    0x20  stm8l15x_rtc.o [1]
  .near_func.text  ro code  0x009878    0x1f  stm8l15x_it.o [1]
  .near_func.text  ro code  0x009897    0x1f  dc_util.o [4]
  .near_func.text  ro code  0x0098b6    0x1e  init_small.o [4]
  .near_func.text  ro code  0x0098d4    0x1d  stm8l15x_rtc.o [1]
  .near_func.text  ro code  0x0098f1    0x1c  stm8l15x_it.o [1]
  .near_func.text  ro code  0x00990d    0x19  stm8l15x_it.o [1]
  .near_func.text  ro code  0x009926    0x18  stm8l15x_pwr.o [1]
  .near_func.text  ro code  0x00993e    0x17  stm8l15x_rtc.o [1]
  .near_func.text  ro code  0x009955    0x17  init.o [4]
  .near_func.text  ro code  0x00996c    0x16  clock.o [1]
  .near_func.text  ro code  0x009982    0x16  rtc.o [1]
  .near_func.text  ro code  0x009998    0x15  band.o [1]
  .near_func.text  ro code  0x0099ad    0x13  blocker_services.o [1]
  .near_func.text  ro code  0x0099c0    0x13  rtc.o [1]
  .near_func.text  ro code  0x0099d3    0x13  stm8l15x_pwr.o [1]
  .near_func.text  ro code  0x0099e6    0x13  cstartup.o [4]
  .near_func.text  ro code  0x0099f9    0x12  blocker_services.o [1]
  .near_func.text  ro code  0x009a0b    0x12  main.o [1]
  .near_func.text  ro code  0x009a1d    0x11  band.o [1]
  .near_func.text  ro code  0x009a2e    0x11  stm8l15x_rtc.o [1]
  .near_func.text  ro code  0x009a3f    0x10  i2c_ee.o [1]
  .near_func.text  ro code  0x009a4f    0x10  i2c_ee.o [1]
  .near_func.text  ro code  0x009a5f    0x10  led.o [1]
  .near_func.text  ro code  0x009a6f    0x10  stm8l15x_rtc.o [1]
  .near_func.text  ro code  0x009a7f     0xf  battery.o [1]
  .near_func.text  ro code  0x009a8e     0xf  stm8l15x_clk.o [1]
  .near_func.text  ro code  0x009a9d     0xf  stm8l15x_i2c.o [1]
  .near_func.text  ro code  0x009aac     0xe  battery.o [1]
  .near_func.text  ro code  0x009aba     0xe  i2c_ee.o [1]
  .near_func.text  ro code  0x009ac8     0xe  stm8l15x_i2c.o [1]
  .near_func.text  ro code  0x009ad6     0xe  stm8l15x_i2c.o [1]
  .near_func.text  ro code  0x009ae4     0xe  stm8l15x_i2c.o [1]
  .near_func.text  ro code  0x009af2     0xd  i2c_ee.o [1]
  .near_func.text  ro code  0x009aff     0xd  stm8l15x_exti.o [1]
  .near_func.text  ro code  0x009b0c     0xd  stm8l15x_i2c.o [1]
  .near_func.text  ro code  0x009b19     0xd  stm8l15x_pwr.o [1]
  .near_func.text  ro code  0x009b26     0xd  stm8l15x_pwr.o [1]
  .near_func.text  ro code  0x009b33     0xd  move.o [4]
  .near_func.text  ro code  0x009b40     0xc  i2c_ee.o [1]
  .near_func.text  ro code  0x009b4c     0xc  i2c_ee.o [1]
  .near_func.text  ro code  0x009b58     0xc  rtc.o [1]
  .near_func.text  ro code  0x009b64     0xc  rtc.o [1]
  .near_func.text  ro code  0x009b70     0xc  stm8l15x_exti.o [1]
  .near_func.text  ro code  0x009b7c     0xc  stm8l15x_i2c.o [1]
  .near_func.text  ro code  0x009b88     0xc  char.o [4]
  .near_func.text  ro code  0x009b94     0xc  long_util.o [4]
  .near_func.text  ro code  0x009ba0     0xb  i2c_ee.o [1]
  .near_func.text  ro code  0x009bab     0xb  rtc.o [1]
  .near_func.text  ro code  0x009bb6     0xb  rtc.o [1]
  .near_func.text  ro code  0x009bc1     0xb  stm8l15x_rtc.o [1]
  .near_func.text  ro code  0x009bcc     0xb  stm8l15x_rtc.o [1]
  .near_func.text  ro code  0x009bd7     0xa  stm8l15x_clk.o [1]
  .near_func.text  ro code  0x009be1     0xa  stm8l15x_rtc.o [1]
  .near_func.text  ro code  0x009beb     0xa  stm8l15x_rtc.o [1]
  .near_func.text  ro code  0x009bf5     0x9  blocker_services.o [1]
  .near_func.text  ro code  0x009bfe     0x9  i2c_ee.o [1]
  .near_func.text  ro code  0x009c07     0x9  i2c_ee.o [1]
  .near_func.text  ro code  0x009c10     0x9  rtc.o [1]
  .near_func.text  ro code  0x009c19     0x9  rtc.o [1]
  .near_func.text  ro code  0x009c22     0x9  rtc.o [1]
  .near_func.text  ro code  0x009c2b     0x9  stm8l15x_i2c.o [1]
  .near_func.text  ro code  0x009c34     0x9  stm8l15x_rtc.o [1]
  .near_func.text  ro code  0x009c3d     0x9  stm8l15x_rtc.o [1]
  .near.rodata     const    0x009c46     0x8  blocker_services.o [1]
  .near.rodata     const    0x009c4e     0x8  blocker_services.o [1]
  .near_func.text  ro code  0x009c56     0x8  i2c_ee.o [1]
  .near_func.text  ro code  0x009c5e     0x8  stm8l15x_rtc.o [1]
  .near_func.text  ro code  0x009c66     0x7  blocker_services.o [1]
  .near_func.text  ro code  0x009c6d     0x7  i2c_ee.o [1]
  .near_func.text  ro code  0x009c74     0x7  i2c_ee.o [1]
  .near_func.text  ro code  0x009c7b     0x7  rtc.o [1]
  .near_func.text  ro code  0x009c82     0x7  rtc.o [1]
  .near_func.text  ro code  0x009c89     0x7  stm8l15x_it.o [1]
  .near_func.text  ro code  0x009c90     0x6  i2c_ee.o [1]
  .near_func.text  ro code  0x009c96     0x6  led.o [1]
  .near_func.text  ro code  0x009c9c     0x6  led.o [1]
  .near_func.text  ro code  0x009ca2     0x6  rtc.o [1]
  .near_func.text  ro code  0x009ca8     0x6  stm8l15x_i2c.o [1]
  .near.rodata     const    0x009cae     0x5  stm8l15x_clk.o [1]
  .near_func.text  ro code  0x009cb3     0x5  rtc.o [1]
  .near_func.text  ro code  0x009cb8     0x5  stm8l15x_i2c.o [1]
  .near_func.text  ro code  0x009cbd     0x5  stm8l15x_i2c.o [1]
  .near_func.text  ro code  0x009cc2     0x5  stm8l15x_i2c.o [1]
  .near_func.text  ro code  0x009cc7     0x5  stm8l15x_pwr.o [1]
  .near_func.text  ro code  0x009ccc     0x5  stm8l15x_rtc.o [1]
  .near_func.text  ro code  0x009cd1     0x5  cexit.o [4]
  .near.rodata     const    0x009cd6     0x4  blocker_services.o [1]
  .near.rodata     const    0x009cda     0x4  rtc.o [1]
  .near_func.text  ro code  0x009cde     0x4  i2c_ee.o [1]
  .near_func.text  ro code  0x009ce2     0x4  stm8l15x_clk.o [1]
  .near_func.text  ro code  0x009ce6     0x4  stm8l15x_gpio.o [1]
  .near_func.text  ro code  0x009cea     0x4  stm8l15x_i2c.o [1]
  .near_func.text  ro code  0x009cee     0x4  stm8l15x_rtc.o [1]
  .near.rodata     const    0x009cf2     0x3  blocker_services.o [1]
  .near.rodata     const    0x009cf5     0x3  rtc.o [1]
  .near_func.text  ro code  0x009cf8     0x3  stm8l15x_gpio.o [1]
  .near_func.text  ro code  0x009cfb     0x3  stm8l15x_gpio.o [1]
  .near_func.text  ro code  0x009cfe     0x3  interrupt.o [4]
  .near_func.text  ro code  0x009d01     0x3  low_level_init.o [4]
  .near_func.text  ro code  0x009d04     0x3  exit.o [4]
  .near_func.text  ro code  0x009d07     0x3  unhandled_exception.o [4]
  .near.rodata     const    0x009d0a     0x2  blocker_services.o [1]
  .near.rodata     const    0x009d0c     0x2  blocker_services.o [1]
  .near.rodata     const    0x009d0e     0x2  blocker_services.o [1]
  .near.rodata     const    0x009d10     0x2  rtc.o [1]
  .near.rodata     const    0x009d12     0x2  rtc.o [1]
  .near_func.text  ro code  0x009d14     0x2  platform.o [1]
  .near_func.text  ro code  0x009d16     0x2  platform.o [1]
  .near_func.text  ro code  0x009d18     0x2  platform.o [1]
  .near_func.text  ro code  0x009d1a     0x2  xxexit.o [3]
  .near_func.text  ro code  0x009d1c     0x1  i2c_ee.o [1]
  .near_func.text  ro code  0x009d1d     0x1  i2c_ee.o [1]
  .near_func.text  ro code  0x009d1e     0x1  stm8l15x_it.o [1]
  .near_func.text  ro code  0x009d1f     0x1  stm8l15x_it.o [1]
  .near_func.text  ro code  0x009d20     0x1  stm8l15x_it.o [1]
  .near_func.text  ro code  0x009d21     0x1  stm8l15x_it.o [1]
  .near_func.text  ro code  0x009d22     0x1  stm8l15x_it.o [1]
  .near_func.text  ro code  0x009d23     0x1  stm8l15x_it.o [1]
  .near_func.text  ro code  0x009d24     0x1  stm8l15x_it.o [1]
  .near_func.text  ro code  0x009d25     0x1  stm8l15x_it.o [1]
  .near_func.text  ro code  0x009d26     0x1  stm8l15x_it.o [1]
  .near_func.text  ro code  0x009d27     0x1  stm8l15x_it.o [1]
  .near_func.text  ro code  0x009d28     0x1  stm8l15x_it.o [1]
  .near_func.text  ro code  0x009d29     0x1  stm8l15x_it.o [1]
  .near_func.text  ro code  0x009d2a     0x1  stm8l15x_it.o [1]
  .near_func.text  ro code  0x009d2b     0x1  stm8l15x_it.o [1]
  .near_func.text  ro code  0x009d2c     0x1  stm8l15x_it.o [1]
  .near_func.text  ro code  0x009d2d     0x1  stm8l15x_it.o [1]
  .near_func.text  ro code  0x009d2e     0x1  stm8l15x_it.o [1]
  .near_func.text  ro code  0x009d2f     0x1  stm8l15x_it.o [1]
  .near_func.text  ro code  0x009d30     0x1  stm8l15x_it.o [1]
  .near_func.text  ro code  0x009d31     0x1  stm8l15x_it.o [1]
  .near_func.text  ro code  0x009d32     0x1  stm8l15x_it.o [1]
  .near_func.text  ro code  0x009d33     0x1  stm8l15x_it.o [1]
  .near_func.text  ro code  0x009d34     0x1  stm8l15x_it.o [1]
  .near_func.text  ro code  0x009d35     0x1  stm8l15x_it.o [1]
  .near_func.text  ro code  0x009d36     0x1  stm8l15x_it.o [1]
  .near_func.text  ro code  0x009d37     0x1  stm8l15x_it.o [1]
  .near_func.text  ro code  0x009d38     0x1  stm8l15x_it.o [1]
                          - 0x009d39  0x1cb9


*******************************************************************************
*** INIT TABLE
***

          Address   Size
          -------   ----
Zero (__iar_zero_init2)
    1 destination range, total size 0x8:
          0x000010   0x8


*******************************************************************************
*** MODULE SUMMARY
***

    Module                 ro code  ro data  rw data
    ------                 -------  -------  -------
C:\ActiveWave\Software\Seal tag\Seal Tag FirmWare\Fabiano-9-22-2012\BLocker\IAR\Release\Obj: [1]
    band.o                      76
    battery.o                   29
    blocker_services.o       2 218       29       14
    clock.o                     22
    i2c_ee.o                   850
    led.o                       28
    main.o                      18
    platform.o                   6
    rf.o                        35
    rtc.o                      966       11
    stm8l15x_clk.o             351        5
    stm8l15x_exti.o            360
    stm8l15x_gpio.o            113
    stm8l15x_i2c.o             597
    stm8l15x_it.o              118
    stm8l15x_pwr.o              74
    stm8l15x_rtc.o             657
    ------------------------------------------------
    Total:                   6 518       45       14

command line: [2]
    ------------------------------------------------
    Total:

dbgstm8ssn.a: [3]
    xxexit.o                     2
    ------------------------------------------------
    Total:                       2

dlstm8ssn.a: [4]
    cexit.o                      5
    char.o                      12
    cstartup.o                  19
    dc_util.o                   31
    exit.o                       3
    init.o                      23
    init_small.o                30
    interrupt.o                  3      128
    long.o                     271
    long_util.o                 12
    low_level_init.o             3
    memcmp.o                    46
    move.o                      13
    short.o                     71
    unhandled_exception.o        3
    vreg_util.o                235
    vregs.o                                       16
    ------------------------------------------------
    Total:                     780      128       16

    Linker created                        8      768
----------------------------------------------------
    Grand Total:             7 300      181      798


*******************************************************************************
*** ENTRY LIST
***

Entry                    Address   Size  Type      Object
-----                    -------   ----  ----      ------
?b0                     0x000000         Data  Gb  vregs.o [4]
?b1                     0x000001         Data  Gb  vregs.o [4]
?b10                    0x00000a         Data  Gb  vregs.o [4]
?b11                    0x00000b         Data  Gb  vregs.o [4]
?b12                    0x00000c         Data  Gb  vregs.o [4]
?b13                    0x00000d         Data  Gb  vregs.o [4]
?b14                    0x00000e         Data  Gb  vregs.o [4]
?b15                    0x00000f         Data  Gb  vregs.o [4]
?b2                     0x000002         Data  Gb  vregs.o [4]
?b3                     0x000003         Data  Gb  vregs.o [4]
?b4                     0x000004         Data  Gb  vregs.o [4]
?b5                     0x000005         Data  Gb  vregs.o [4]
?b6                     0x000006         Data  Gb  vregs.o [4]
?b7                     0x000007         Data  Gb  vregs.o [4]
?b8                     0x000008         Data  Gb  vregs.o [4]
?b9                     0x000009         Data  Gb  vregs.o [4]
?dc32_l1                0x00989e         Code  Gb  dc_util.o [4]
?dc32_px                0x0098ab         Code  Gb  dc_util.o [4]
?dc8_px                 0x009897         Code  Gb  dc_util.o [4]
?e0                     0x000001         Data  Gb  vregs.o [4]
?e1                     0x000005         Data  Gb  vregs.o [4]
?e2                     0x000009         Data  Gb  vregs.o [4]
?e3                     0x00000d         Data  Gb  vregs.o [4]
?epilogue_l2            0x008dbc         Code  Gb  vreg_util.o [4]
?epilogue_l2_l3         0x008db9         Code  Gb  vreg_util.o [4]
?epilogue_l2_w6         0x008dc0         Code  Gb  vreg_util.o [4]
?epilogue_w4            0x008dc7         Code  Gb  vreg_util.o [4]
?l0                     0x000000         Data  Gb  vregs.o [4]
?l1                     0x000004         Data  Gb  vregs.o [4]
?l2                     0x000008         Data  Gb  vregs.o [4]
?l3                     0x00000c         Data  Gb  vregs.o [4]
?load32_l1_0x           0x009b94         Code  Gb  long_util.o [4]
?mov_e0_e2              0x008dce         Code  Gb  vreg_util.o [4]
?mov_e0_e3              0x008ddb         Code  Gb  vreg_util.o [4]
?mov_e1_e0              0x008de8         Code  Gb  vreg_util.o [4]
?mov_e2_e0              0x008df5         Code  Gb  vreg_util.o [4]
?mov_e3_e0              0x008e02         Code  Gb  vreg_util.o [4]
?mov_l0_l2              0x008dcb         Code  Gb  vreg_util.o [4]
?mov_l0_l3              0x008dd8         Code  Gb  vreg_util.o [4]
?mov_l1_l0              0x008de5         Code  Gb  vreg_util.o [4]
?mov_l2_l0              0x008df2         Code  Gb  vreg_util.o [4]
?mov_l3_l0              0x008dff         Code  Gb  vreg_util.o [4]
?mov_w1_w5              0x008dd1         Code  Gb  vreg_util.o [4]
?mov_w1_w7              0x008dde         Code  Gb  vreg_util.o [4]
?mov_w3_w1              0x008deb         Code  Gb  vreg_util.o [4]
?mov_w5_w1              0x008df8         Code  Gb  vreg_util.o [4]
?mov_w7_w1              0x008e05         Code  Gb  vreg_util.o [4]
?move1616_v_x_y_a       0x009b33         Code  Gb  move.o [4]
?mul16_x_x_w0           0x00944d         Code  Gb  short.o [4]
?mul32_l0_l0_0x         0x008a0c         Code  Gb  long.o [4]
?mul32_l0_l0_dl         0x008a09         Code  Gb  long.o [4]
?mul32_l0_l0_l1         0x008a15         Code  Gb  long.o [4]
?pop_l0                 0x008d85         Code  Gb  vreg_util.o [4]
?pop_l1                 0x008d90         Code  Gb  vreg_util.o [4]
?pop_l2                 0x008d9b         Code  Gb  vreg_util.o [4]
?pop_l3                 0x008da6         Code  Gb  vreg_util.o [4]
?pop_w4                 0x008d3e         Code  Gb  vreg_util.o [4]
?pop_w6                 0x008d45         Code  Gb  vreg_util.o [4]
?push_l0                0x008d54         Code  Gb  vreg_util.o [4]
?push_l1                0x008d59         Code  Gb  vreg_util.o [4]
?push_l2                0x008d5e         Code  Gb  vreg_util.o [4]
?push_l3                0x008d63         Code  Gb  vreg_util.o [4]
?push_w4                0x008d21         Code  Gb  vreg_util.o [4]
?push_w6                0x008d26         Code  Gb  vreg_util.o [4]
?sdiv16_x_x_y           0x00946b         Code  Gb  short.o [4]
?sll16_x_x_a            0x009484         Code  Gb  short.o [4]
?sll32_0x_0x_a          0x008b0a         Code  Gb  long.o [4]
?sll32_l0_l0_a          0x008b07         Code  Gb  long.o [4]
?sll32_l0_l0_db         0x008b03         Code  Gb  long.o [4]
?sll8_a_a_5             0x009b89         Code  Gb  char.o [4]
?sll8_a_a_6             0x009b88         Code  Gb  char.o [4]
?sra16_x_x_a            0x00948c         Code  Gb  short.o [4]
?srl8_a_a_5             0x009b8f         Code  Gb  char.o [4]
?srl8_a_a_6             0x009b8e         Code  Gb  char.o [4]
?udiv32_l0_l0_dl        0x008a93         Code  Gb  long.o [4]
?udiv32_l0_l0_l1        0x008a96         Code  Gb  long.o [4]
?umod32_l1_l0_l1        0x008a96         Code  Gb  long.o [4]
?w0                     0x000000         Data  Gb  vregs.o [4]
?w1                     0x000002         Data  Gb  vregs.o [4]
?w2                     0x000004         Data  Gb  vregs.o [4]
?w3                     0x000006         Data  Gb  vregs.o [4]
?w4                     0x000008         Data  Gb  vregs.o [4]
?w5                     0x00000a         Data  Gb  vregs.o [4]
?w6                     0x00000c         Data  Gb  vregs.o [4]
?w7                     0x00000e         Data  Gb  vregs.o [4]
ADC1_COMP_IRQHandler    0x009d2d    0x1  Code  Gb  stm8l15x_it.o [1]
Band_GetState           0x009a1d   0x11  Code  Gb  band.o [1]
Band_Init               0x009998   0x15  Code  Gb  band.o [1]
Band_IsOpen             0x0097c0   0x26  Code  Gb  band.o [1]
Battery_HasLowLevel     0x009aac    0xe  Code  Gb  battery.o [1]
Battery_Init            0x009a7f    0xf  Code  Gb  battery.o [1]
Bcd2ToByte              0x00993e   0x17  Code  Lc  stm8l15x_rtc.o [1]
ByteToBcd2              0x0098d4   0x1d  Code  Lc  stm8l15x_rtc.o [1]
CLK_DeInit              0x00955a   0x41  Code  Gb  stm8l15x_clk.o [1]
CLK_GetClockFreq        0x009656   0x3a  Code  Gb  stm8l15x_clk.o [1]
CLK_GetFlagStatus       0x00914b   0x6c  Code  Gb  stm8l15x_clk.o [1]
CLK_LSEConfig           0x009a8e    0xf  Code  Gb  stm8l15x_clk.o [1]
CLK_PeripheralClockConfig
                        0x009352   0x5b  Code  Gb  stm8l15x_clk.o [1]
CLK_RTCClockConfig      0x009bd7    0xa  Code  Gb  stm8l15x_clk.o [1]
CLK_SYSCLKDivConfig     0x009ce2    0x4  Code  Gb  stm8l15x_clk.o [1]
CSTACK$$Base            0x000100          --   Gb  - Linker created -
CSTACK$$Limit           0x000400          --   Gb  - Linker created -
Clock_Init              0x00996c   0x16  Code  Gb  clock.o [1]
DMA1_CHANNEL0_1_IRQHandler
                        0x009d20    0x1  Code  Gb  stm8l15x_it.o [1]
DMA1_CHANNEL2_3_IRQHandler
                        0x009d21    0x1  Code  Gb  stm8l15x_it.o [1]
DisableInterrupts       0x009d16    0x2  Code  Gb  platform.o [1]
EXTI0_IRQHandler        0x009d24    0x1  Code  Gb  stm8l15x_it.o [1]
EXTI1_IRQHandler        0x009d25    0x1  Code  Gb  stm8l15x_it.o [1]
EXTI2_IRQHandler        0x009d26    0x1  Code  Gb  stm8l15x_it.o [1]
EXTI3_IRQHandler        0x00990d   0x19  Code  Gb  stm8l15x_it.o [1]
EXTI4_IRQHandler        0x009d27    0x1  Code  Gb  stm8l15x_it.o [1]
EXTI5_IRQHandler        0x009d28    0x1  Code  Gb  stm8l15x_it.o [1]
EXTI6_IRQHandler        0x009d29    0x1  Code  Gb  stm8l15x_it.o [1]
EXTI7_IRQHandler        0x009d2a    0x1  Code  Gb  stm8l15x_it.o [1]
EXTIB_G_IRQHandler      0x009d23    0x1  Code  Gb  stm8l15x_it.o [1]
EXTID_H_IRQHandler      0x009878   0x1f  Code  Gb  stm8l15x_it.o [1]
EXTIE_F_PVD_IRQHandler  0x0098f1   0x1c  Code  Gb  stm8l15x_it.o [1]
EXTI_ClearITPendingBit  0x009aff    0xd  Code  Gb  stm8l15x_exti.o [1]
EXTI_SelectPort         0x009730   0x31  Code  Gb  stm8l15x_exti.o [1]
EXTI_SetHalfPortSelection
                        0x009761   0x31  Code  Gb  stm8l15x_exti.o [1]
EXTI_SetPinSensitivity  0x008fba   0xa1  Code  Gb  stm8l15x_exti.o [1]
EXTI_SetPortSensitivity
                        0x009401   0x4c  Code  Gb  stm8l15x_exti.o [1]
EnableInterrupts        0x009d14    0x2  Code  Gb  platform.o [1]
FLASH_IRQHandler        0x009d1f    0x1  Code  Gb  stm8l15x_it.o [1]
GPIO_Init               0x00928b   0x67  Code  Gb  stm8l15x_gpio.o [1]
GPIO_ReadInputDataBit   0x009cfb    0x3  Code  Gb  stm8l15x_gpio.o [1]
GPIO_ResetBits          0x009ce6    0x4  Code  Gb  stm8l15x_gpio.o [1]
GPIO_SetBits            0x009cf8    0x3  Code  Gb  stm8l15x_gpio.o [1]
Halt                    0x009d18    0x2  Code  Gb  platform.o [1]
I2C1_SPI2_IRQHandler    0x009d38    0x1  Code  Gb  stm8l15x_it.o [1]
I2C_AckPositionConfig   0x009cea    0x4  Code  Gb  stm8l15x_i2c.o [1]
I2C_AcknowledgeConfig   0x009ae4    0xe  Code  Gb  stm8l15x_i2c.o [1]
I2C_CheckEvent          0x0093ad   0x54  Code  Gb  stm8l15x_i2c.o [1]
I2C_Cmd                 0x009b0c    0xd  Code  Gb  stm8l15x_i2c.o [1]
I2C_DeInit              0x00959b   0x40  Code  Gb  stm8l15x_i2c.o [1]
I2C_GenerateSTART       0x009ac8    0xe  Code  Gb  stm8l15x_i2c.o [1]
I2C_GenerateSTOP        0x009ad6    0xe  Code  Gb  stm8l15x_i2c.o [1]
I2C_GetFlagStatus       0x0096c9   0x34  Code  Gb  stm8l15x_i2c.o [1]
I2C_Init                0x0088f0  0x119  Code  Gb  stm8l15x_i2c.o [1]
I2C_ReceiveData         0x009cc2    0x5  Code  Gb  stm8l15x_i2c.o [1]
I2C_Send7bitAddress     0x009a9d    0xf  Code  Gb  stm8l15x_i2c.o [1]
I2C_SendData            0x009cbd    0x5  Code  Gb  stm8l15x_i2c.o [1]
INTVEC$$Base            0x008000          --   Gb  - Linker created -
INTVEC$$Limit           0x008080          --   Gb  - Linker created -
LCD_AES_IRQHandler      0x009d2b    0x1  Code  Gb  stm8l15x_it.o [1]
LED_Init                0x009a5f   0x10  Code  Gb  led.o [1]
LED_Off                 0x009c9c    0x6  Code  Gb  led.o [1]
PWR_GetFlagStatus       0x009926   0x18  Code  Gb  stm8l15x_pwr.o [1]
PWR_PVDClearITPendingBit
                        0x009cc7    0x5  Code  Gb  stm8l15x_pwr.o [1]
PWR_PVDCmd              0x009b19    0xd  Code  Gb  stm8l15x_pwr.o [1]
PWR_PVDITConfig         0x009b26    0xd  Code  Gb  stm8l15x_pwr.o [1]
PWR_PVDLevelConfig      0x0099d3   0x13  Code  Gb  stm8l15x_pwr.o [1]
RF_Init                 0x00980b   0x23  Code  Gb  rf.o [1]
RTC_CSSLSE_IRQHandler   0x009d22    0x1  Code  Gb  stm8l15x_it.o [1]
RTC_DateStructInit      0x009a6f   0x10  Code  Gb  stm8l15x_rtc.o [1]
RTC_EnterInitMode       0x009858   0x20  Code  Gb  stm8l15x_rtc.o [1]
RTC_GetDate             0x009518   0x42  Code  Gb  stm8l15x_rtc.o [1]
RTC_GetTime             0x0094d6   0x42  Code  Gb  stm8l15x_rtc.o [1]
RTC_Init                0x0095db   0x3e  Code  Gb  stm8l15x_rtc.o [1]
RTC_SetDate             0x00905b   0x7f  Code  Gb  stm8l15x_rtc.o [1]
RTC_SetTime             0x009222   0x69  Code  Gb  stm8l15x_rtc.o [1]
RTC_TimeStructInit      0x009c5e    0x8  Code  Gb  stm8l15x_rtc.o [1]
RTC_WaitForSynchro      0x0097e6   0x25  Code  Gb  stm8l15x_rtc.o [1]
Region$$Table$$Base     0x009850          --   Gb  - Linker created -
Region$$Table$$Limit    0x009858          --   Gb  - Linker created -
SPI1_IRQHandler         0x009d35    0x1  Code  Gb  stm8l15x_it.o [1]
SWITCH_CSS_BREAK_DAC_IRQHandler
                        0x009d2c    0x1  Code  Gb  stm8l15x_it.o [1]
SYSDivFactor            0x009cae    0x5  Data  Gb  stm8l15x_clk.o [1]
TIM1_CC_IRQHandler      0x009d33    0x1  Code  Gb  stm8l15x_it.o [1]
TIM1_UPD_OVF_TRG_COM_IRQHandler
                        0x009d32    0x1  Code  Gb  stm8l15x_it.o [1]
TIM2_CC_USART2_RX_IRQHandler
                        0x009d2f    0x1  Code  Gb  stm8l15x_it.o [1]
TIM2_UPD_OVF_TRG_BRK_USART2_TX_IRQHandler
                        0x009d2e    0x1  Code  Gb  stm8l15x_it.o [1]
TIM3_CC_USART3_RX_IRQHandler
                        0x009d31    0x1  Code  Gb  stm8l15x_it.o [1]
TIM3_UPD_OVF_TRG_BRK_USART3_TX_IRQHandler
                        0x009d30    0x1  Code  Gb  stm8l15x_it.o [1]
TIM4_UPD_OVF_TRG_IRQHandler
                        0x009d34    0x1  Code  Gb  stm8l15x_it.o [1]
TRAP_IRQHandler         0x009d1e    0x1  Code  Gb  stm8l15x_it.o [1]
USART1_RX_TIM5_CC_IRQHandler
                        0x009d37    0x1  Code  Gb  stm8l15x_it.o [1]
USART1_TX_TIM5_UPD_OVF_TRG_BRK_IRQHandler
                        0x009d36    0x1  Code  Gb  stm8l15x_it.o [1]
__exit                  0x009d1a    0x2  Code  Gb  xxexit.o [3]
__iar_data_init2        0x009955   0x17  Code  Gb  init.o [4]
__iar_program_start     0x0099e6         Code  Gb  cstartup.o [4]
__iar_unhandled_exception
                        0x009d07         Code  Gb  unhandled_exception.o [4]
__iar_zero_init2        0x0098b6         Code  Gb  init_small.o [4]
__intvec                0x008000         Data  Gb  interrupt.o [4]
__low_level_init        0x009d01    0x3  Code  Gb  low_level_init.o [4]
_exit                   0x009cd1         Code  Gb  cexit.o [4]
_interrupt_1            0x009d1e         Code  Gb  stm8l15x_it.o [1]
_interrupt_10           0x009d24         Code  Gb  stm8l15x_it.o [1]
_interrupt_11           0x009d25         Code  Gb  stm8l15x_it.o [1]
_interrupt_12           0x009d26         Code  Gb  stm8l15x_it.o [1]
_interrupt_13           0x00990d         Code  Gb  stm8l15x_it.o [1]
_interrupt_14           0x009d27         Code  Gb  stm8l15x_it.o [1]
_interrupt_15           0x009d28         Code  Gb  stm8l15x_it.o [1]
_interrupt_16           0x009d29         Code  Gb  stm8l15x_it.o [1]
_interrupt_17           0x009d2a         Code  Gb  stm8l15x_it.o [1]
_interrupt_18           0x009d2b         Code  Gb  stm8l15x_it.o [1]
_interrupt_19           0x009d2c         Code  Gb  stm8l15x_it.o [1]
_interrupt_2            0x009cfe         Code  Wk  interrupt.o [4]
_interrupt_20           0x009d2d         Code  Gb  stm8l15x_it.o [1]
_interrupt_21           0x009d2e         Code  Gb  stm8l15x_it.o [1]
_interrupt_22           0x009d2f         Code  Gb  stm8l15x_it.o [1]
_interrupt_23           0x009d30         Code  Gb  stm8l15x_it.o [1]
_interrupt_24           0x009d31         Code  Gb  stm8l15x_it.o [1]
_interrupt_25           0x009d32         Code  Gb  stm8l15x_it.o [1]
_interrupt_26           0x009d33         Code  Gb  stm8l15x_it.o [1]
_interrupt_27           0x009d34         Code  Gb  stm8l15x_it.o [1]
_interrupt_28           0x009d35         Code  Gb  stm8l15x_it.o [1]
_interrupt_29           0x009d36         Code  Gb  stm8l15x_it.o [1]
_interrupt_3            0x009d1f         Code  Gb  stm8l15x_it.o [1]
_interrupt_30           0x009d37         Code  Gb  stm8l15x_it.o [1]
_interrupt_31           0x009d38         Code  Gb  stm8l15x_it.o [1]
_interrupt_4            0x009d20         Code  Gb  stm8l15x_it.o [1]
_interrupt_5            0x009d21         Code  Gb  stm8l15x_it.o [1]
_interrupt_6            0x009d22         Code  Gb  stm8l15x_it.o [1]
_interrupt_7            0x0098f1         Code  Gb  stm8l15x_it.o [1]
_interrupt_8            0x009d23         Code  Gb  stm8l15x_it.o [1]
_interrupt_9            0x009878         Code  Gb  stm8l15x_it.o [1]
batteryVoltageIRQHandler
                        0x008770   0x21  Code  Gb  blocker_services.o [1]
clockGpioConfig         0x0099f9   0x12  Code  Gb  blocker_services.o [1]
commandFactoryDataReset
                        0x008484   0x20  Code  Gb  blocker_services.o [1]
commandFlushHistory     0x0084b9   0x32  Code  Gb  blocker_services.o [1]
commandHandler          0x00859b  0x180  Code  Gb  blocker_services.o [1]
commandReadBatteryVoltage
                        0x0084a4   0x15  Code  Gb  blocker_services.o [1]
commandReadHistory      0x0084eb    0xb  Code  Gb  blocker_services.o [1]
commandReadRTC          0x00857d   0x15  Code  Gb  blocker_services.o [1]
commandStartTimers      0x008517   0x60  Code  Gb  blocker_services.o [1]
commandStopTimers       0x0084f6   0x1c  Code  Gb  blocker_services.o [1]
configureRTC            0x00879a  0x156  Code  Gb  rtc.o [1]
delay                   0x0082ad   0x10  Code  Gb  blocker_services.o [1]
disableEHMode           0x0080dc   0x28  Code  Gb  blocker_services.o [1]
eSerial                 0x001000    0x6  Data  Gb  blocker_services.o [1]
exit                    0x009d04    0x3  Code  Gb  exit.o [4]
flushHistory            0x0083bc   0x6c  Code  Gb  blocker_services.o [1]
getArrayFromInt16       0x0082bd    0xd  Code  Gb  blocker_services.o [1]
getInt16                0x00808f   0x16  Code  Gb  blocker_services.o [1]
histPacket              0x000010    0x2  Data  Gb  blocker_services.o [1]
histPacketNumber        0x000012    0x2  Data  Gb  blocker_services.o [1]
historyRead             0x000015    0x1  Data  Gb  blocker_services.o [1]
i2cHwInit               0x0096fd   0x33  Code  Lc  i2c_ee.o [1]
i2cInit                 0x00982e   0x22  Code  Gb  i2c_ee.o [1]
i2cPowerOff             0x009d1d    0x1  Code  Gb  i2c_ee.o [1]
i2cPowerOn              0x009d1c    0x1  Code  Gb  i2c_ee.o [1]
i2cReadBuffer           0x009690   0x39  Code  Gb  i2c_ee.o [1]
i2cReadBufferWorker     0x008b18  0x109  Code  Lc  i2c_ee.o [1]
i2cTest                 0x0091b7   0x6b  Code  Gb  blocker_services.o [1]
i2cWriteBuffer          0x0092f2   0x60  Code  Gb  i2c_ee.o [1]
i2cWriteBufferWorker    0x008ef1   0xc9  Code  Lc  i2c_ee.o [1]
initBlockerEE           0x00819d   0xe4  Code  Gb  blocker_services.o [1]
initializeTagEE         0x008290   0x14  Code  Gb  blocker_services.o [1]
initializeTagPins       0x0082a4    0x9  Code  Gb  blocker_services.o [1]
lowVoltBatteryDetected  0x000017    0x1  Data  Gb  blocker_services.o [1]
main                    0x009a0b   0x12  Code  Gb  main.o [1]
memcmp                  0x009792   0x2e  Code  Gb  memcmp.o [4]
readCommand             0x008469   0x15  Code  Gb  blocker_services.o [1]
readCommandStatus       0x00845b    0x6  Code  Gb  blocker_services.o [1]
readDateEE              0x009494   0x42  Code  Gb  blocker_services.o [1]
readEmployeeEE          0x00832e    0xd  Code  Gb  blocker_services.o [1]
readInterruptStatus     0x00844d    0x6  Code  Gb  blocker_services.o [1]
readRTC                 0x008c21  0x100  Code  Gb  rtc.o [1]
readTimeEE              0x009619   0x3d  Code  Gb  blocker_services.o [1]
rfCommandIRQHandler     0x008723   0x47  Code  Gb  blocker_services.o [1]
rtcConfigured           0x000014    0x1  Data  Gb  blocker_services.o [1]
rtcDateAddress          0x009d10    0x2  Data  Gb  rtc.o [1]
rtcTest                 0x008e0c   0xe5  Code  Gb  rtc.o [1]
rtcTimeAddress          0x009d12    0x2  Data  Gb  rtc.o [1]
setCommandStatus        0x0082da   0x3c  Code  Gb  blocker_services.o [1]
setNextPacketHistory    0x008353   0x51  Code  Gb  blocker_services.o [1]
setRuntime              0x008104   0x75  Code  Gb  blocker_services.o [1]
startTimers             0x009982   0x16  Code  Gb  rtc.o [1]
stopTimers              0x0099c0   0x13  Code  Gb  rtc.o [1]
tagDiagnostics          0x0099ad   0x13  Code  Gb  blocker_services.o [1]
tamperIRQHandler        0x0090da   0x71  Code  Gb  blocker_services.o [1]
testTamperSwitch        0x000016    0x1  Data  Gb  blocker_services.o [1]
updateBatteryVoltage    0x008080    0xf  Code  Gb  blocker_services.o [1]
updateCommandHistory    0x008343   0x10  Code  Gb  blocker_services.o [1]
updateCommandStatusHistory
                        0x0082ca   0x10  Code  Gb  blocker_services.o [1]
updateEmployeeHistory   0x008316   0x18  Code  Gb  blocker_services.o [1]
updateInterruptStatus   0x0080b5   0x27  Code  Gb  blocker_services.o [1]
updateInterruptStatusHistory
                        0x0080a5   0x10  Code  Gb  blocker_services.o [1]


[1] = C:\ActiveWave\Software\Seal tag\Seal Tag FirmWare\Fabiano-9-22-2012\BLocker\IAR\Release\Obj
[2] = command line
[3] = dbgstm8ssn.a
[4] = dlstm8ssn.a

  7 300 bytes of readonly  code memory
    181 bytes of readonly  data memory
    798 bytes of readwrite data memory

Errors: none
Warnings: none
