###############################################################################
#                                                                             #
# IAR ELF Linker V1.30.1.50036 for STM8                 04/Aug/2012  12:42:42 #
# Copyright 2010-2011 IAR Systems AB.                                         #
#                                                                             #
#    Output file  =  C:\ActiveWave\Software\Seal                              #
#                    Tag\Fabiano-330_LSE_BS\2012-08-04\BLocker\IAR\Debug\Exe\ #
#                    Blocker.out                                              #
#    Map file     =  C:\ActiveWave\Software\Seal                              #
#                    Tag\Fabiano-330_LSE_BS\2012-08-04\BLocker\IAR\Debug\List #
#                    \Blocker.map                                             #
#    Command line =  "C:\ActiveWave\Software\Seal                             #
#                    Tag\Fabiano-330_LSE_BS\2012-08-04\BLocker\IAR\Debug\Obj\ #
#                    band.o" "C:\ActiveWave\Software\Seal                     #
#                    Tag\Fabiano-330_LSE_BS\2012-08-04\BLocker\IAR\Debug\Obj\ #
#                    battery.o" "C:\ActiveWave\Software\Seal                  #
#                    Tag\Fabiano-330_LSE_BS\2012-08-04\BLocker\IAR\Debug\Obj\ #
#                    blocker_services.o" "C:\ActiveWave\Software\Seal         #
#                    Tag\Fabiano-330_LSE_BS\2012-08-04\BLocker\IAR\Debug\Obj\ #
#                    clock.o" "C:\ActiveWave\Software\Seal                    #
#                    Tag\Fabiano-330_LSE_BS\2012-08-04\BLocker\IAR\Debug\Obj\ #
#                    i2c_ee.o" "C:\ActiveWave\Software\Seal                   #
#                    Tag\Fabiano-330_LSE_BS\2012-08-04\BLocker\IAR\Debug\Obj\ #
#                    led.o" "C:\ActiveWave\Software\Seal                      #
#                    Tag\Fabiano-330_LSE_BS\2012-08-04\BLocker\IAR\Debug\Obj\ #
#                    main.o" "C:\ActiveWave\Software\Seal                     #
#                    Tag\Fabiano-330_LSE_BS\2012-08-04\BLocker\IAR\Debug\Obj\ #
#                    platform.o" "C:\ActiveWave\Software\Seal                 #
#                    Tag\Fabiano-330_LSE_BS\2012-08-04\BLocker\IAR\Debug\Obj\ #
#                    rf.o" "C:\ActiveWave\Software\Seal                       #
#                    Tag\Fabiano-330_LSE_BS\2012-08-04\BLocker\IAR\Debug\Obj\ #
#                    rtc.o" "C:\ActiveWave\Software\Seal                      #
#                    Tag\Fabiano-330_LSE_BS\2012-08-04\BLocker\IAR\Debug\Obj\ #
#                    stm8l15x_clk.o" "C:\ActiveWave\Software\Seal             #
#                    Tag\Fabiano-330_LSE_BS\2012-08-04\BLocker\IAR\Debug\Obj\ #
#                    stm8l15x_exti.o" "C:\ActiveWave\Software\Seal            #
#                    Tag\Fabiano-330_LSE_BS\2012-08-04\BLocker\IAR\Debug\Obj\ #
#                    stm8l15x_gpio.o" "C:\ActiveWave\Software\Seal            #
#                    Tag\Fabiano-330_LSE_BS\2012-08-04\BLocker\IAR\Debug\Obj\ #
#                    stm8l15x_i2c.o" "C:\ActiveWave\Software\Seal             #
#                    Tag\Fabiano-330_LSE_BS\2012-08-04\BLocker\IAR\Debug\Obj\ #
#                    stm8l15x_it.o" "C:\ActiveWave\Software\Seal              #
#                    Tag\Fabiano-330_LSE_BS\2012-08-04\BLocker\IAR\Debug\Obj\ #
#                    stm8l15x_itc.o" "C:\ActiveWave\Software\Seal             #
#                    Tag\Fabiano-330_LSE_BS\2012-08-04\BLocker\IAR\Debug\Obj\ #
#                    stm8l15x_pwr.o" "C:\ActiveWave\Software\Seal             #
#                    Tag\Fabiano-330_LSE_BS\2012-08-04\BLocker\IAR\Debug\Obj\ #
#                    stm8l15x_rtc.o" "C:\ActiveWave\Software\Seal             #
#                    Tag\Fabiano-330_LSE_BS\2012-08-04\BLocker\IAR\Debug\Obj\ #
#                    stm8l15x_spi.o" --redirect _Printf=_PrintfTiny           #
#                    --redirect _Scanf=_ScanfSmall -o                         #
#                    "C:\ActiveWave\Software\Seal                             #
#                    Tag\Fabiano-330_LSE_BS\2012-08-04\BLocker\IAR\Debug\Exe\ #
#                    Blocker.out" --map "C:\ActiveWave\Software\Seal          #
#                    Tag\Fabiano-330_LSE_BS\2012-08-04\BLocker\IAR\Debug\List #
#                    \Blocker.map" --config "C:\ActiveWave\Software\Seal      #
#                    Tag\Fabiano-330_LSE_BS\2012-08-04\BLocker\IAR\lnkstm8l15 #
#                    1f3.icf" --remarks --config_def _CSTACK_SIZE=0x300       #
#                    --config_def _HEAP_SIZE=0x0 --entry __iar_program_start  #
#                    --debug_lib                                              #
#                                                                             #
#                                                                             #
###############################################################################

*******************************************************************************
*** RUNTIME MODEL ATTRIBUTES
***

__SystemLibrary            = DLib
__code_model               = small
__core                     = stm8
__data_model               = small
__dlib_file_descriptor     = 0
__dlib_full_locale_support = 0
__rt_version               = 4


*******************************************************************************
*** PLACEMENT SUMMARY
***

"A1":  place at start of [0x000000-0x0000ff] { rw section .vregs };
"P1":  place in [from 0x000000 to 0x0000ff] {
          rw section .tiny.bss, rw section .tiny.data, rw section .tiny.noinit,
          rw section .tiny.rodata };
"A2":  place at end of [0x000000-0x0003ff] { block CSTACK };
"A3":  place at start of [0x008000-0x009fff] { block INTVEC };
"P3":  place in [from 0x008000 to 0x009fff] {
          ro section .far.data_init, ro section .far_func.textrw_init,
          ro section .huge.data_init, ro section .huge_func.textrw_init,
          ro section .iar.init_table, ro section .init_array,
          ro section .near.data_init, ro section .near.rodata,
          ro section .near_func.text, ro section .near_func.textrw_init,
          ro section .tiny.data_init, ro section .tiny.rodata_init };

  Section          Kind      Address    Size  Object
  -------          ----      -------    ----  ------
"A1":                                   0x10
  .vregs           uninit   0x000000    0x10  vregs.o [4]
                          - 0x000010    0x10

"P1":                                    0x8
  .tiny.bss        zero     0x000010     0x2  blocker_services.o [1]
  .tiny.bss        zero     0x000012     0x2  blocker_services.o [1]
  .tiny.bss        zero     0x000014     0x1  blocker_services.o [1]
  .tiny.bss        zero     0x000015     0x1  blocker_services.o [1]
  .tiny.bss        zero     0x000016     0x1  blocker_services.o [1]
  .tiny.bss        zero     0x000017     0x1  blocker_services.o [1]
                          - 0x000018     0x8

"A2":                                  0x300
  CSTACK                    0x000100   0x300  <Block>
    CSTACK         uninit   0x000100   0x300  <Block tail>
                          - 0x000400   0x300

"A3":                                   0x80
  INTVEC                    0x008000    0x80  <Block>
    .intvec        const    0x008000    0x80  interrupt.o [4]
                          - 0x008080    0x80

"P3":                                 0x1c8e
  .near_func.text  ro code  0x008080   0x746  blocker_services.o [1]
  .near_func.text  ro code  0x0087c6   0x1f5  i2c_ee.o [1]
  .near_func.text  ro code  0x0089bb   0x16a  i2c_ee.o [1]
  .near_func.text  ro code  0x008b25   0x119  stm8l15x_i2c.o [1]
  .near_func.text  ro code  0x008c3e   0x10f  long.o [4]
  .near_func.text  ro code  0x008d4d   0x105  rtc.o [1]
  .near_func.text  ro code  0x008e52    0xeb  vreg_util.o [4]
  .near_func.text  ro code  0x008f3d    0xbe  rtc.o [1]
  .near_func.text  ro code  0x008ffb    0xa2  rtc.o [1]
  .near_func.text  ro code  0x00909d    0xa1  stm8l15x_exti.o [1]
  .near_func.text  ro code  0x00913e    0x84  blocker_services.o [1]
  .near_func.text  ro code  0x0091c2    0x7f  stm8l15x_rtc.o [1]
  .near_func.text  ro code  0x009241    0x7a  blocker_services.o [1]
  .near_func.text  ro code  0x0092bb    0x6c  stm8l15x_clk.o [1]
  .near_func.text  ro code  0x009327    0x69  stm8l15x_rtc.o [1]
  .near_func.text  ro code  0x009390    0x67  stm8l15x_gpio.o [1]
  .near_func.text  ro code  0x0093f7    0x5b  stm8l15x_clk.o [1]
  .near_func.text  ro code  0x009452    0x54  stm8l15x_i2c.o [1]
  .near_func.text  ro code  0x0094a6    0x4c  stm8l15x_exti.o [1]
  .near_func.text  ro code  0x0094f2    0x4a  blocker_services.o [1]
  .near_func.text  ro code  0x00953c    0x44  i2c_ee.o [1]
  .near_func.text  ro code  0x009580    0x44  i2c_ee.o [1]
  .near_func.text  ro code  0x0095c4    0x42  blocker_services.o [1]
  .near_func.text  ro code  0x009606    0x42  stm8l15x_rtc.o [1]
  .near_func.text  ro code  0x009648    0x42  stm8l15x_rtc.o [1]
  .near_func.text  ro code  0x00968a    0x41  stm8l15x_clk.o [1]
  .near_func.text  ro code  0x0096cb    0x40  stm8l15x_i2c.o [1]
  .near_func.text  ro code  0x00970b    0x3f  short.o [4]
  .near_func.text  ro code  0x00974a    0x3e  stm8l15x_rtc.o [1]
  .near_func.text  ro code  0x009788    0x3a  stm8l15x_clk.o [1]
  .near_func.text  ro code  0x0097c2    0x34  stm8l15x_i2c.o [1]
  .near_func.text  ro code  0x0097f6    0x33  i2c_ee.o [1]
  .near_func.text  ro code  0x009829    0x31  stm8l15x_exti.o [1]
  .near_func.text  ro code  0x00985a    0x31  stm8l15x_exti.o [1]
  .near_func.text  ro code  0x00988b    0x27  band.o [1]
  .near_func.text  ro code  0x0098b2    0x25  stm8l15x_rtc.o [1]
  .near_func.text  ro code  0x0098d7    0x23  rf.o [1]
  .near_func.text  ro code  0x0098fa    0x22  stm8l15x_it.o [1]
  .iar.init_table  const    0x00991c     0x8  - Linker created -
  .near_func.text  ro code  0x009924    0x20  stm8l15x_rtc.o [1]
  .near_func.text  ro code  0x009944    0x1f  stm8l15x_it.o [1]
  .near_func.text  ro code  0x009963    0x1f  dc_util.o [4]
  .near_func.text  ro code  0x009982    0x1e  init_small.o [4]
  .near_func.text  ro code  0x0099a0    0x1d  i2c_ee.o [1]
  .near_func.text  ro code  0x0099bd    0x1d  stm8l15x_rtc.o [1]
  .near_func.text  ro code  0x0099da    0x1c  stm8l15x_it.o [1]
  .near_func.text  ro code  0x0099f6    0x18  stm8l15x_pwr.o [1]
  .near_func.text  ro code  0x009a0e    0x17  main.o [1]
  .near_func.text  ro code  0x009a25    0x17  stm8l15x_rtc.o [1]
  .near_func.text  ro code  0x009a3c    0x17  init.o [4]
  .near_func.text  ro code  0x009a53    0x16  clock.o [1]
  .near_func.text  ro code  0x009a69    0x16  rtc.o [1]
  .near_func.text  ro code  0x009a7f    0x16  rtc.o [1]
  .near_func.text  ro code  0x009a95    0x15  band.o [1]
  .near_func.text  ro code  0x009aaa    0x14  led.o [1]
  .near_func.text  ro code  0x009abe    0x14  __dbg_xxexit.o [3]
  .near_func.text  ro code  0x009ad2    0x13  rtc.o [1]
  .near_func.text  ro code  0x009ae5    0x13  cstartup.o [4]
  .near_func.text  ro code  0x009af8    0x12  blocker_services.o [1]
  .near_func.text  ro code  0x009b0a    0x11  band.o [1]
  .near_func.text  ro code  0x009b1b    0x11  stm8l15x_rtc.o [1]
  .near_func.text  ro code  0x009b2c    0x10  stm8l15x_rtc.o [1]
  .near_func.text  ro code  0x009b3c     0xf  stm8l15x_clk.o [1]
  .near_func.text  ro code  0x009b4b     0xf  stm8l15x_i2c.o [1]
  .near_func.text  ro code  0x009b5a     0xe  battery.o [1]
  .near_func.text  ro code  0x009b68     0xe  stm8l15x_i2c.o [1]
  .near_func.text  ro code  0x009b76     0xe  stm8l15x_i2c.o [1]
  .near_func.text  ro code  0x009b84     0xe  stm8l15x_i2c.o [1]
  .near_func.text  ro code  0x009b92     0xd  stm8l15x_exti.o [1]
  .near_func.text  ro code  0x009b9f     0xd  stm8l15x_i2c.o [1]
  .near_func.text  ro code  0x009bac     0xd  stm8l15x_pwr.o [1]
  .near_func.text  ro code  0x009bb9     0xd  stm8l15x_pwr.o [1]
  .near_func.text  ro code  0x009bc6     0xd  move.o [4]
  .near_func.text  ro code  0x009bd3     0xc  stm8l15x_exti.o [1]
  .near_func.text  ro code  0x009bdf     0xc  stm8l15x_i2c.o [1]
  .near_func.text  ro code  0x009beb     0xc  char.o [4]
  .near_func.text  ro code  0x009bf7     0xc  long_util.o [4]
  .near_func.text  ro code  0x009c03     0xb  stm8l15x_rtc.o [1]
  .near_func.text  ro code  0x009c0e     0xb  stm8l15x_rtc.o [1]
  .near_func.text  ro code  0x009c19     0xa  battery.o [1]
  .near_func.text  ro code  0x009c23     0xa  stm8l15x_clk.o [1]
  .near_func.text  ro code  0x009c2d     0xa  stm8l15x_rtc.o [1]
  .near_func.text  ro code  0x009c37     0xa  stm8l15x_rtc.o [1]
  .near_func.text  ro code  0x009c41     0x9  stm8l15x_i2c.o [1]
  .near_func.text  ro code  0x009c4a     0x9  stm8l15x_rtc.o [1]
  .near_func.text  ro code  0x009c53     0x9  stm8l15x_rtc.o [1]
  .near.rodata     const    0x009c5c     0x8  blocker_services.o [1]
  .near.rodata     const    0x009c64     0x8  blocker_services.o [1]
  .near_func.text  ro code  0x009c6c     0x8  led.o [1]
  .near_func.text  ro code  0x009c74     0x8  stm8l15x_rtc.o [1]
  .near_func.text  ro code  0x009c7c     0x6  blocker_services.o [1]
  .near_func.text  ro code  0x009c82     0x6  blocker_services.o [1]
  .near_func.text  ro code  0x009c88     0x6  stm8l15x_i2c.o [1]
  .near.rodata     const    0x009c8e     0x5  stm8l15x_clk.o [1]
  .near_func.text  ro code  0x009c93     0x5  stm8l15x_i2c.o [1]
  .near_func.text  ro code  0x009c98     0x5  stm8l15x_i2c.o [1]
  .near_func.text  ro code  0x009c9d     0x5  stm8l15x_i2c.o [1]
  .near_func.text  ro code  0x009ca2     0x5  stm8l15x_pwr.o [1]
  .near_func.text  ro code  0x009ca7     0x5  stm8l15x_rtc.o [1]
  .near_func.text  ro code  0x009cac     0x5  cexit.o [4]
  .near.rodata     const    0x009cb1     0x4  blocker_services.o [1]
  .near.rodata     const    0x009cb5     0x4  rtc.o [1]
  .near_func.text  ro code  0x009cb9     0x4  stm8l15x_clk.o [1]
  .near_func.text  ro code  0x009cbd     0x4  stm8l15x_gpio.o [1]
  .near_func.text  ro code  0x009cc1     0x4  stm8l15x_i2c.o [1]
  .near_func.text  ro code  0x009cc5     0x4  stm8l15x_rtc.o [1]
  .near.rodata     const    0x009cc9     0x3  blocker_services.o [1]
  .near.rodata     const    0x009ccc     0x3  rtc.o [1]
  .near_func.text  ro code  0x009ccf     0x3  stm8l15x_gpio.o [1]
  .near_func.text  ro code  0x009cd2     0x3  stm8l15x_gpio.o [1]
  .near_func.text  ro code  0x009cd5     0x3  interrupt.o [4]
  .near_func.text  ro code  0x009cd8     0x3  low_level_init.o [4]
  .near_func.text  ro code  0x009cdb     0x3  exit.o [4]
  .near_func.text  ro code  0x009cde     0x3  unhandled_exception.o [4]
  .near.rodata     const    0x009ce1     0x2  blocker_services.o [1]
  .near.rodata     const    0x009ce3     0x2  blocker_services.o [1]
  .near.rodata     const    0x009ce5     0x2  blocker_services.o [1]
  .near.rodata     const    0x009ce7     0x2  rtc.o [1]
  .near.rodata     const    0x009ce9     0x2  rtc.o [1]
  .near_func.text  ro code  0x009ceb     0x2  platform.o [1]
  .near_func.text  ro code  0x009ced     0x2  platform.o [1]
  .near_func.text  ro code  0x009cef     0x2  stm8l15x_it.o [1]
  .near_func.text  ro code  0x009cf1     0x1  i2c_ee.o [1]
  .near_func.text  ro code  0x009cf2     0x1  i2c_ee.o [1]
  .near_func.text  ro code  0x009cf3     0x1  stm8l15x_it.o [1]
  .near_func.text  ro code  0x009cf4     0x1  stm8l15x_it.o [1]
  .near_func.text  ro code  0x009cf5     0x1  stm8l15x_it.o [1]
  .near_func.text  ro code  0x009cf6     0x1  stm8l15x_it.o [1]
  .near_func.text  ro code  0x009cf7     0x1  stm8l15x_it.o [1]
  .near_func.text  ro code  0x009cf8     0x1  stm8l15x_it.o [1]
  .near_func.text  ro code  0x009cf9     0x1  stm8l15x_it.o [1]
  .near_func.text  ro code  0x009cfa     0x1  stm8l15x_it.o [1]
  .near_func.text  ro code  0x009cfb     0x1  stm8l15x_it.o [1]
  .near_func.text  ro code  0x009cfc     0x1  stm8l15x_it.o [1]
  .near_func.text  ro code  0x009cfd     0x1  stm8l15x_it.o [1]
  .near_func.text  ro code  0x009cfe     0x1  stm8l15x_it.o [1]
  .near_func.text  ro code  0x009cff     0x1  stm8l15x_it.o [1]
  .near_func.text  ro code  0x009d00     0x1  stm8l15x_it.o [1]
  .near_func.text  ro code  0x009d01     0x1  stm8l15x_it.o [1]
  .near_func.text  ro code  0x009d02     0x1  stm8l15x_it.o [1]
  .near_func.text  ro code  0x009d03     0x1  stm8l15x_it.o [1]
  .near_func.text  ro code  0x009d04     0x1  stm8l15x_it.o [1]
  .near_func.text  ro code  0x009d05     0x1  stm8l15x_it.o [1]
  .near_func.text  ro code  0x009d06     0x1  stm8l15x_it.o [1]
  .near_func.text  ro code  0x009d07     0x1  stm8l15x_it.o [1]
  .near_func.text  ro code  0x009d08     0x1  stm8l15x_it.o [1]
  .near_func.text  ro code  0x009d09     0x1  stm8l15x_it.o [1]
  .near_func.text  ro code  0x009d0a     0x1  stm8l15x_it.o [1]
  .near_func.text  ro code  0x009d0b     0x1  stm8l15x_it.o [1]
  .near_func.text  ro code  0x009d0c     0x1  stm8l15x_it.o [1]
  .near_func.text  ro code  0x009d0d     0x1  __dbg_break.o [3]
                          - 0x009d0e  0x1c8e


*******************************************************************************
*** INIT TABLE
***

          Address   Size
          -------   ----
Zero (__iar_zero_init2)
    1 destination range, total size 0x8:
          0x000010   0x8


*******************************************************************************
*** MODULE SUMMARY
***

    Module                 ro code  ro data  rw data
    ------                 -------  -------  -------
C:\ActiveWave\Software\Seal Tag\Fabiano-330_LSE_BS\2012-08-04\BLocker\IAR\Debug\Obj: [1]
    band.o                      77
    battery.o                   24
    blocker_services.o       2 286       29        8
    clock.o                     22
    i2c_ee.o                 1 081
    led.o                       28
    main.o                      23
    platform.o                   4
    rf.o                        35
    rtc.o                      676       11
    stm8l15x_clk.o             351        5
    stm8l15x_exti.o            360
    stm8l15x_gpio.o            113
    stm8l15x_i2c.o             597
    stm8l15x_it.o              121
    stm8l15x_pwr.o              55
    stm8l15x_rtc.o             657
    ------------------------------------------------
    Total:                   6 510       45        8

command line: [2]
    ------------------------------------------------
    Total:

dbgstm8ssd.a: [3]
    __dbg_break.o                1
    __dbg_xxexit.o              20
    ------------------------------------------------
    Total:                      21

dlstm8ssn.a: [4]
    cexit.o                      5
    char.o                      12
    cstartup.o                  19
    dc_util.o                   31
    exit.o                       3
    init.o                      23
    init_small.o                30
    interrupt.o                  3      128
    long.o                     271
    long_util.o                 12
    low_level_init.o             3
    move.o                      13
    short.o                     63
    unhandled_exception.o        3
    vreg_util.o                235
    vregs.o                                       16
    ------------------------------------------------
    Total:                     726      128       16

    Linker created                        8      768
----------------------------------------------------
    Grand Total:             7 257      181      792


*******************************************************************************
*** ENTRY LIST
***

Entry                    Address   Size  Type      Object
-----                    -------   ----  ----      ------
?b0                     0x000000         Data  Gb  vregs.o [4]
?b1                     0x000001         Data  Gb  vregs.o [4]
?b10                    0x00000a         Data  Gb  vregs.o [4]
?b11                    0x00000b         Data  Gb  vregs.o [4]
?b12                    0x00000c         Data  Gb  vregs.o [4]
?b13                    0x00000d         Data  Gb  vregs.o [4]
?b14                    0x00000e         Data  Gb  vregs.o [4]
?b15                    0x00000f         Data  Gb  vregs.o [4]
?b2                     0x000002         Data  Gb  vregs.o [4]
?b3                     0x000003         Data  Gb  vregs.o [4]
?b4                     0x000004         Data  Gb  vregs.o [4]
?b5                     0x000005         Data  Gb  vregs.o [4]
?b6                     0x000006         Data  Gb  vregs.o [4]
?b7                     0x000007         Data  Gb  vregs.o [4]
?b8                     0x000008         Data  Gb  vregs.o [4]
?b9                     0x000009         Data  Gb  vregs.o [4]
?dc32_l1                0x00996a         Code  Gb  dc_util.o [4]
?dc32_px                0x009977         Code  Gb  dc_util.o [4]
?dc8_px                 0x009963         Code  Gb  dc_util.o [4]
?e0                     0x000001         Data  Gb  vregs.o [4]
?e1                     0x000005         Data  Gb  vregs.o [4]
?e2                     0x000009         Data  Gb  vregs.o [4]
?e3                     0x00000d         Data  Gb  vregs.o [4]
?epilogue_l2            0x008eed         Code  Gb  vreg_util.o [4]
?epilogue_l2_l3         0x008eea         Code  Gb  vreg_util.o [4]
?epilogue_l2_w6         0x008ef1         Code  Gb  vreg_util.o [4]
?epilogue_w4            0x008ef8         Code  Gb  vreg_util.o [4]
?l0                     0x000000         Data  Gb  vregs.o [4]
?l1                     0x000004         Data  Gb  vregs.o [4]
?l2                     0x000008         Data  Gb  vregs.o [4]
?l3                     0x00000c         Data  Gb  vregs.o [4]
?load32_l1_0x           0x009bf7         Code  Gb  long_util.o [4]
?mov_e0_e2              0x008eff         Code  Gb  vreg_util.o [4]
?mov_e0_e3              0x008f0c         Code  Gb  vreg_util.o [4]
?mov_e1_e0              0x008f19         Code  Gb  vreg_util.o [4]
?mov_e2_e0              0x008f26         Code  Gb  vreg_util.o [4]
?mov_e3_e0              0x008f33         Code  Gb  vreg_util.o [4]
?mov_l0_l2              0x008efc         Code  Gb  vreg_util.o [4]
?mov_l0_l3              0x008f09         Code  Gb  vreg_util.o [4]
?mov_l1_l0              0x008f16         Code  Gb  vreg_util.o [4]
?mov_l2_l0              0x008f23         Code  Gb  vreg_util.o [4]
?mov_l3_l0              0x008f30         Code  Gb  vreg_util.o [4]
?mov_w1_w5              0x008f02         Code  Gb  vreg_util.o [4]
?mov_w1_w7              0x008f0f         Code  Gb  vreg_util.o [4]
?mov_w3_w1              0x008f1c         Code  Gb  vreg_util.o [4]
?mov_w5_w1              0x008f29         Code  Gb  vreg_util.o [4]
?mov_w7_w1              0x008f36         Code  Gb  vreg_util.o [4]
?move1616_v_x_y_a       0x009bc6         Code  Gb  move.o [4]
?mul16_x_x_w0           0x00970b         Code  Gb  short.o [4]
?mul32_l0_l0_0x         0x008c41         Code  Gb  long.o [4]
?mul32_l0_l0_dl         0x008c3e         Code  Gb  long.o [4]
?mul32_l0_l0_l1         0x008c4a         Code  Gb  long.o [4]
?pop_l0                 0x008eb6         Code  Gb  vreg_util.o [4]
?pop_l1                 0x008ec1         Code  Gb  vreg_util.o [4]
?pop_l2                 0x008ecc         Code  Gb  vreg_util.o [4]
?pop_l3                 0x008ed7         Code  Gb  vreg_util.o [4]
?pop_w4                 0x008e6f         Code  Gb  vreg_util.o [4]
?pop_w6                 0x008e76         Code  Gb  vreg_util.o [4]
?push_l0                0x008e85         Code  Gb  vreg_util.o [4]
?push_l1                0x008e8a         Code  Gb  vreg_util.o [4]
?push_l2                0x008e8f         Code  Gb  vreg_util.o [4]
?push_l3                0x008e94         Code  Gb  vreg_util.o [4]
?push_w4                0x008e52         Code  Gb  vreg_util.o [4]
?push_w6                0x008e57         Code  Gb  vreg_util.o [4]
?sdiv16_x_x_y           0x009729         Code  Gb  short.o [4]
?sll16_x_x_a            0x009742         Code  Gb  short.o [4]
?sll32_0x_0x_a          0x008d3f         Code  Gb  long.o [4]
?sll32_l0_l0_a          0x008d3c         Code  Gb  long.o [4]
?sll32_l0_l0_db         0x008d38         Code  Gb  long.o [4]
?sll8_a_a_5             0x009bec         Code  Gb  char.o [4]
?sll8_a_a_6             0x009beb         Code  Gb  char.o [4]
?srl8_a_a_5             0x009bf2         Code  Gb  char.o [4]
?srl8_a_a_6             0x009bf1         Code  Gb  char.o [4]
?udiv32_l0_l0_dl        0x008cc8         Code  Gb  long.o [4]
?udiv32_l0_l0_l1        0x008ccb         Code  Gb  long.o [4]
?umod32_l1_l0_l1        0x008ccb         Code  Gb  long.o [4]
?w0                     0x000000         Data  Gb  vregs.o [4]
?w1                     0x000002         Data  Gb  vregs.o [4]
?w2                     0x000004         Data  Gb  vregs.o [4]
?w3                     0x000006         Data  Gb  vregs.o [4]
?w4                     0x000008         Data  Gb  vregs.o [4]
?w5                     0x00000a         Data  Gb  vregs.o [4]
?w6                     0x00000c         Data  Gb  vregs.o [4]
?w7                     0x00000e         Data  Gb  vregs.o [4]
ADC1_COMP_IRQHandler    0x009d01    0x1  Code  Gb  stm8l15x_it.o [1]
Band_GetState           0x009b0a   0x11  Code  Gb  band.o [1]
Band_Init               0x009a95   0x15  Code  Gb  band.o [1]
Band_IsOpen             0x00988b   0x27  Code  Gb  band.o [1]
Battery_HasLowLevel     0x009b5a    0xe  Code  Gb  battery.o [1]
Battery_Init            0x009c19    0xa  Code  Gb  battery.o [1]
Bcd2ToByte              0x009a25   0x17  Code  Lc  stm8l15x_rtc.o [1]
ByteToBcd2              0x0099bd   0x1d  Code  Lc  stm8l15x_rtc.o [1]
CLK_DeInit              0x00968a   0x41  Code  Gb  stm8l15x_clk.o [1]
CLK_GetClockFreq        0x009788   0x3a  Code  Gb  stm8l15x_clk.o [1]
CLK_GetFlagStatus       0x0092bb   0x6c  Code  Gb  stm8l15x_clk.o [1]
CLK_LSEConfig           0x009b3c    0xf  Code  Gb  stm8l15x_clk.o [1]
CLK_PeripheralClockConfig
                        0x0093f7   0x5b  Code  Gb  stm8l15x_clk.o [1]
CLK_RTCClockConfig      0x009c23    0xa  Code  Gb  stm8l15x_clk.o [1]
CLK_SYSCLKDivConfig     0x009cb9    0x4  Code  Gb  stm8l15x_clk.o [1]
CSTACK$$Base            0x000100          --   Gb  - Linker created -
CSTACK$$Limit           0x000400          --   Gb  - Linker created -
Clock_Init              0x009a53   0x16  Code  Gb  clock.o [1]
DMA1_CHANNEL0_1_IRQHandler
                        0x009cf4    0x1  Code  Gb  stm8l15x_it.o [1]
DMA1_CHANNEL2_3_IRQHandler
                        0x009cf5    0x1  Code  Gb  stm8l15x_it.o [1]
DisableInterrupts       0x009ced    0x2  Code  Gb  platform.o [1]
EXTI0_IRQHandler        0x009cf8    0x1  Code  Gb  stm8l15x_it.o [1]
EXTI1_IRQHandler        0x009cf9    0x1  Code  Gb  stm8l15x_it.o [1]
EXTI2_IRQHandler        0x009cfa    0x1  Code  Gb  stm8l15x_it.o [1]
EXTI3_IRQHandler        0x0099da   0x1c  Code  Gb  stm8l15x_it.o [1]
EXTI4_IRQHandler        0x009cfb    0x1  Code  Gb  stm8l15x_it.o [1]
EXTI5_IRQHandler        0x009cfc    0x1  Code  Gb  stm8l15x_it.o [1]
EXTI6_IRQHandler        0x009cfd    0x1  Code  Gb  stm8l15x_it.o [1]
EXTI7_IRQHandler        0x009cfe    0x1  Code  Gb  stm8l15x_it.o [1]
EXTIB_G_IRQHandler      0x009cf7    0x1  Code  Gb  stm8l15x_it.o [1]
EXTID_H_IRQHandler      0x0098fa   0x22  Code  Gb  stm8l15x_it.o [1]
EXTIE_F_PVD_IRQHandler  0x009944   0x1f  Code  Gb  stm8l15x_it.o [1]
EXTI_ClearITPendingBit  0x009b92    0xd  Code  Gb  stm8l15x_exti.o [1]
EXTI_SelectPort         0x009829   0x31  Code  Gb  stm8l15x_exti.o [1]
EXTI_SetHalfPortSelection
                        0x00985a   0x31  Code  Gb  stm8l15x_exti.o [1]
EXTI_SetPinSensitivity  0x00909d   0xa1  Code  Gb  stm8l15x_exti.o [1]
EXTI_SetPortSensitivity
                        0x0094a6   0x4c  Code  Gb  stm8l15x_exti.o [1]
EnableInterrupts        0x009ceb    0x2  Code  Gb  platform.o [1]
FLASH_IRQHandler        0x009cf3    0x1  Code  Gb  stm8l15x_it.o [1]
GPIO_Init               0x009390   0x67  Code  Gb  stm8l15x_gpio.o [1]
GPIO_ReadInputDataBit   0x009cd2    0x3  Code  Gb  stm8l15x_gpio.o [1]
GPIO_ResetBits          0x009cbd    0x4  Code  Gb  stm8l15x_gpio.o [1]
GPIO_SetBits            0x009ccf    0x3  Code  Gb  stm8l15x_gpio.o [1]
I2C1_SPI2_IRQHandler    0x009d0c    0x1  Code  Gb  stm8l15x_it.o [1]
I2C_AckPositionConfig   0x009cc1    0x4  Code  Gb  stm8l15x_i2c.o [1]
I2C_AcknowledgeConfig   0x009b84    0xe  Code  Gb  stm8l15x_i2c.o [1]
I2C_CheckEvent          0x009452   0x54  Code  Gb  stm8l15x_i2c.o [1]
I2C_Cmd                 0x009b9f    0xd  Code  Gb  stm8l15x_i2c.o [1]
I2C_DeInit              0x0096cb   0x40  Code  Gb  stm8l15x_i2c.o [1]
I2C_GenerateSTART       0x009b68    0xe  Code  Gb  stm8l15x_i2c.o [1]
I2C_GenerateSTOP        0x009b76    0xe  Code  Gb  stm8l15x_i2c.o [1]
I2C_GetFlagStatus       0x0097c2   0x34  Code  Gb  stm8l15x_i2c.o [1]
I2C_Init                0x008b25  0x119  Code  Gb  stm8l15x_i2c.o [1]
I2C_ReceiveData         0x009c9d    0x5  Code  Gb  stm8l15x_i2c.o [1]
I2C_Send7bitAddress     0x009b4b    0xf  Code  Gb  stm8l15x_i2c.o [1]
I2C_SendData            0x009c98    0x5  Code  Gb  stm8l15x_i2c.o [1]
INTVEC$$Base            0x008000          --   Gb  - Linker created -
INTVEC$$Limit           0x008080          --   Gb  - Linker created -
LCD_AES_IRQHandler      0x009cff    0x1  Code  Gb  stm8l15x_it.o [1]
LED_Init                0x009aaa   0x14  Code  Gb  led.o [1]
LED_Off                 0x009c6c    0x8  Code  Gb  led.o [1]
PWR_GetFlagStatus       0x0099f6   0x18  Code  Gb  stm8l15x_pwr.o [1]
PWR_PVDClearITPendingBit
                        0x009ca2    0x5  Code  Gb  stm8l15x_pwr.o [1]
PWR_PVDCmd              0x009bac    0xd  Code  Gb  stm8l15x_pwr.o [1]
PWR_PVDITConfig         0x009bb9    0xd  Code  Gb  stm8l15x_pwr.o [1]
RF_Init                 0x0098d7   0x23  Code  Gb  rf.o [1]
RTC_CSSLSE_IRQHandler   0x009cf6    0x1  Code  Gb  stm8l15x_it.o [1]
RTC_DateStructInit      0x009b2c   0x10  Code  Gb  stm8l15x_rtc.o [1]
RTC_EnterInitMode       0x009924   0x20  Code  Gb  stm8l15x_rtc.o [1]
RTC_GetDate             0x009648   0x42  Code  Gb  stm8l15x_rtc.o [1]
RTC_GetTime             0x009606   0x42  Code  Gb  stm8l15x_rtc.o [1]
RTC_Init                0x00974a   0x3e  Code  Gb  stm8l15x_rtc.o [1]
RTC_SetDate             0x0091c2   0x7f  Code  Gb  stm8l15x_rtc.o [1]
RTC_SetTime             0x009327   0x69  Code  Gb  stm8l15x_rtc.o [1]
RTC_TimeStructInit      0x009c74    0x8  Code  Gb  stm8l15x_rtc.o [1]
RTC_WaitForSynchro      0x0098b2   0x25  Code  Gb  stm8l15x_rtc.o [1]
Region$$Table$$Base     0x00991c          --   Gb  - Linker created -
Region$$Table$$Limit    0x009924          --   Gb  - Linker created -
SPI1_IRQHandler         0x009d09    0x1  Code  Gb  stm8l15x_it.o [1]
SWITCH_CSS_BREAK_DAC_IRQHandler
                        0x009d00    0x1  Code  Gb  stm8l15x_it.o [1]
SYSDivFactor            0x009c8e    0x5  Data  Gb  stm8l15x_clk.o [1]
TIM1_CC_IRQHandler      0x009d07    0x1  Code  Gb  stm8l15x_it.o [1]
TIM1_UPD_OVF_TRG_COM_IRQHandler
                        0x009d06    0x1  Code  Gb  stm8l15x_it.o [1]
TIM2_CC_USART2_RX_IRQHandler
                        0x009d03    0x1  Code  Gb  stm8l15x_it.o [1]
TIM2_UPD_OVF_TRG_BRK_USART2_TX_IRQHandler
                        0x009d02    0x1  Code  Gb  stm8l15x_it.o [1]
TIM3_CC_USART3_RX_IRQHandler
                        0x009d05    0x1  Code  Gb  stm8l15x_it.o [1]
TIM3_UPD_OVF_TRG_BRK_USART3_TX_IRQHandler
                        0x009d04    0x1  Code  Gb  stm8l15x_it.o [1]
TIM4_UPD_OVF_TRG_IRQHandler
                        0x009d08    0x1  Code  Gb  stm8l15x_it.o [1]
TRAP_IRQHandler         0x009cef    0x2  Code  Gb  stm8l15x_it.o [1]
USART1_RX_TIM5_CC_IRQHandler
                        0x009d0b    0x1  Code  Gb  stm8l15x_it.o [1]
USART1_TX_TIM5_UPD_OVF_TRG_BRK_IRQHandler
                        0x009d0a    0x1  Code  Gb  stm8l15x_it.o [1]
__DebugBreak            0x009d0d    0x1  Code  Gb  __dbg_break.o [3]
__exit                  0x009abe   0x14  Code  Gb  __dbg_xxexit.o [3]
__iar_data_init2        0x009a3c   0x17  Code  Gb  init.o [4]
__iar_program_start     0x009ae5         Code  Gb  cstartup.o [4]
__iar_unhandled_exception
                        0x009cde         Code  Gb  unhandled_exception.o [4]
__iar_zero_init2        0x009982         Code  Gb  init_small.o [4]
__intvec                0x008000         Data  Gb  interrupt.o [4]
__low_level_init        0x009cd8    0x3  Code  Gb  low_level_init.o [4]
_exit                   0x009cac         Code  Gb  cexit.o [4]
_interrupt_1            0x009cef         Code  Gb  stm8l15x_it.o [1]
_interrupt_10           0x009cf8         Code  Gb  stm8l15x_it.o [1]
_interrupt_11           0x009cf9         Code  Gb  stm8l15x_it.o [1]
_interrupt_12           0x009cfa         Code  Gb  stm8l15x_it.o [1]
_interrupt_13           0x0099da         Code  Gb  stm8l15x_it.o [1]
_interrupt_14           0x009cfb         Code  Gb  stm8l15x_it.o [1]
_interrupt_15           0x009cfc         Code  Gb  stm8l15x_it.o [1]
_interrupt_16           0x009cfd         Code  Gb  stm8l15x_it.o [1]
_interrupt_17           0x009cfe         Code  Gb  stm8l15x_it.o [1]
_interrupt_18           0x009cff         Code  Gb  stm8l15x_it.o [1]
_interrupt_19           0x009d00         Code  Gb  stm8l15x_it.o [1]
_interrupt_2            0x009cd5         Code  Wk  interrupt.o [4]
_interrupt_20           0x009d01         Code  Gb  stm8l15x_it.o [1]
_interrupt_21           0x009d02         Code  Gb  stm8l15x_it.o [1]
_interrupt_22           0x009d03         Code  Gb  stm8l15x_it.o [1]
_interrupt_23           0x009d04         Code  Gb  stm8l15x_it.o [1]
_interrupt_24           0x009d05         Code  Gb  stm8l15x_it.o [1]
_interrupt_25           0x009d06         Code  Gb  stm8l15x_it.o [1]
_interrupt_26           0x009d07         Code  Gb  stm8l15x_it.o [1]
_interrupt_27           0x009d08         Code  Gb  stm8l15x_it.o [1]
_interrupt_28           0x009d09         Code  Gb  stm8l15x_it.o [1]
_interrupt_29           0x009d0a         Code  Gb  stm8l15x_it.o [1]
_interrupt_3            0x009cf3         Code  Gb  stm8l15x_it.o [1]
_interrupt_30           0x009d0b         Code  Gb  stm8l15x_it.o [1]
_interrupt_31           0x009d0c         Code  Gb  stm8l15x_it.o [1]
_interrupt_4            0x009cf4         Code  Gb  stm8l15x_it.o [1]
_interrupt_5            0x009cf5         Code  Gb  stm8l15x_it.o [1]
_interrupt_6            0x009cf6         Code  Gb  stm8l15x_it.o [1]
_interrupt_7            0x009944         Code  Gb  stm8l15x_it.o [1]
_interrupt_8            0x009cf7         Code  Gb  stm8l15x_it.o [1]
_interrupt_9            0x0098fa         Code  Gb  stm8l15x_it.o [1]
batteryVoltageIRQHandler
                        0x00879e   0x28  Code  Gb  blocker_services.o [1]
clockGpioConfig         0x009af8   0x12  Code  Gb  blocker_services.o [1]
commandFactoryDataReset
                        0x008529   0x14  Code  Gb  blocker_services.o [1]
commandFlushHistory     0x008553   0x37  Code  Gb  blocker_services.o [1]
commandHandler          0x008628  0x11d  Code  Gb  blocker_services.o [1]
commandReadBatteryVoltage
                        0x00853d   0x16  Code  Gb  blocker_services.o [1]
commandReadHistory      0x00858a    0xb  Code  Gb  blocker_services.o [1]
commandReadRTC          0x00860a   0x1e  Code  Gb  blocker_services.o [1]
commandStartTimers      0x0085bb   0x4f  Code  Gb  blocker_services.o [1]
commandStopTimers       0x008595   0x26  Code  Gb  blocker_services.o [1]
configureRTC            0x008ffb   0xa2  Code  Gb  rtc.o [1]
delay                   0x008329   0x12  Code  Gb  blocker_services.o [1]
disableEHMode           0x0080f4   0x2c  Code  Gb  blocker_services.o [1]
exit                    0x009cdb    0x3  Code  Gb  exit.o [4]
flushHistory            0x008464   0x8f  Code  Gb  blocker_services.o [1]
getArrayFromInt16       0x00833b    0xd  Code  Gb  blocker_services.o [1]
getInt16                0x008093   0x16  Code  Gb  blocker_services.o [1]
getTimeTest             0x009a7f   0x16  Code  Lc  rtc.o [1]
histPacket              0x000010    0x2  Data  Gb  blocker_services.o [1]
histPacketNumber        0x000012    0x2  Data  Gb  blocker_services.o [1]
historyRead             0x000015    0x1  Data  Gb  blocker_services.o [1]
i2cHwInit               0x0097f6   0x33  Code  Lc  i2c_ee.o [1]
i2cInit                 0x0099a0   0x1d  Code  Gb  i2c_ee.o [1]
i2cPowerOff             0x009cf2    0x1  Code  Gb  i2c_ee.o [1]
i2cPowerOn              0x009cf1    0x1  Code  Gb  i2c_ee.o [1]
i2cReadBuffer           0x00953c   0x44  Code  Gb  i2c_ee.o [1]
i2cReadBufferWorker     0x0087c6  0x1f5  Code  Lc  i2c_ee.o [1]
i2cTest                 0x00913e   0x84  Code  Gb  blocker_services.o [1]
i2cWriteBuffer          0x009580   0x44  Code  Gb  i2c_ee.o [1]
i2cWriteBufferWorker    0x0089bb  0x16a  Code  Lc  i2c_ee.o [1]
initBlockerEE           0x0081d8  0x13a  Code  Gb  blocker_services.o [1]
initializeTagEE         0x008312    0xe  Code  Gb  blocker_services.o [1]
initializeTagPins       0x008320    0x9  Code  Gb  blocker_services.o [1]
lowVoltBatteryDetected  0x000017    0x1  Data  Gb  blocker_services.o [1]
main                    0x009a0e   0x17  Code  Gb  main.o [1]
readCommand             0x00850d   0x1c  Code  Gb  blocker_services.o [1]
readCommandStatus       0x008500    0xd  Code  Gb  blocker_services.o [1]
readDateEE              0x0094f2   0x4a  Code  Gb  blocker_services.o [1]
readEmployeeEE          0x0083ce   0x16  Code  Gb  blocker_services.o [1]
readInterruptStatus     0x0084f3    0xd  Code  Gb  blocker_services.o [1]
readRTC                 0x008f3d   0xbe  Code  Gb  rtc.o [1]
readTimeEE              0x0095c4   0x42  Code  Gb  blocker_services.o [1]
rfCommandIRQHandler     0x008745   0x59  Code  Gb  blocker_services.o [1]
rtcConfigured           0x000014    0x1  Data  Gb  blocker_services.o [1]
rtcDateAddress          0x009ce7    0x2  Data  Gb  rtc.o [1]
rtcTest                 0x008d4d  0x105  Code  Gb  rtc.o [1]
rtcTimeAddress          0x009ce9    0x2  Data  Gb  rtc.o [1]
setCommandStatus        0x008363   0x49  Code  Gb  blocker_services.o [1]
setHarvestUserConfiguration
                        0x008120    0x5  Code  Gb  blocker_services.o [1]
setNextPacketHistory    0x0083ff   0x65  Code  Gb  blocker_services.o [1]
setRuntime              0x008125   0xb3  Code  Gb  blocker_services.o [1]
startTimers             0x009a69   0x16  Code  Gb  rtc.o [1]
stopTimers              0x009ad2   0x13  Code  Gb  rtc.o [1]
tagDiagnostics          0x009c82    0x6  Code  Gb  blocker_services.o [1]
tamperIRQHandler        0x009241   0x7a  Code  Gb  blocker_services.o [1]
tamperSwitchTest        0x009c7c    0x6  Code  Gb  blocker_services.o [1]
testTamperSwitch        0x000016    0x1  Data  Gb  blocker_services.o [1]
updateBatteryVoltage    0x008080   0x13  Code  Gb  blocker_services.o [1]
updateCommandHistory    0x0083e4   0x1b  Code  Gb  blocker_services.o [1]
updateCommandStatusHistory
                        0x008348   0x1b  Code  Gb  blocker_services.o [1]
updateEmployeeHistory   0x0083ac   0x22  Code  Gb  blocker_services.o [1]
updateInterruptStatus   0x0080c4   0x30  Code  Gb  blocker_services.o [1]
updateInterruptStatusHistory
                        0x0080a9   0x1b  Code  Gb  blocker_services.o [1]


[1] = C:\ActiveWave\Software\Seal Tag\Fabiano-330_LSE_BS\2012-08-04\BLocker\IAR\Debug\Obj
[2] = command line
[3] = dbgstm8ssd.a
[4] = dlstm8ssn.a

  7 257 bytes of readonly  code memory
    181 bytes of readonly  data memory
    792 bytes of readwrite data memory

Errors: none
Warnings: none
